[0.178s] Invoking command in '/home/cg-tuf/turtlebot4_flask/build/piper_mujoco': CMAKE_PREFIX_PATH=/opt/ros/humble /usr/bin/cmake --build /home/cg-tuf/turtlebot4_flask/build/piper_mujoco -- -j16 -l16
[0.197s] -- Found ament_cmake: 1.3.12 (/opt/ros/humble/share/ament_cmake/cmake)
[0.302s] -- Found rclpy: 3.3.17 (/opt/ros/humble/share/rclpy/cmake)
[0.302s] -- Found std_msgs: 4.9.0 (/opt/ros/humble/share/std_msgs/cmake)
[0.320s] -- Found rosidl_generator_c: 3.1.7 (/opt/ros/humble/share/rosidl_generator_c/cmake)
[0.321s] -- Found rosidl_adapter: 3.1.7 (/opt/ros/humble/share/rosidl_adapter/cmake)
[0.325s] -- Found rosidl_generator_cpp: 3.1.7 (/opt/ros/humble/share/rosidl_generator_cpp/cmake)
[0.332s] -- Using all available rosidl_typesupport_c: rosidl_typesupport_fastrtps_c;rosidl_typesupport_introspection_c
[0.340s] -- Using all available rosidl_typesupport_cpp: rosidl_typesupport_fastrtps_cpp;rosidl_typesupport_introspection_cpp
[0.408s] -- Configuring done
[0.411s] -- Generating done
[0.412s] -- Build files have been written to: /home/cg-tuf/turtlebot4_flask/build/piper_mujoco
[0.436s] Invoked command in '/home/cg-tuf/turtlebot4_flask/build/piper_mujoco' returned '0': CMAKE_PREFIX_PATH=/opt/ros/humble /usr/bin/cmake --build /home/cg-tuf/turtlebot4_flask/build/piper_mujoco -- -j16 -l16
[0.438s] Invoking command in '/home/cg-tuf/turtlebot4_flask/build/piper_mujoco': CMAKE_PREFIX_PATH=/opt/ros/humble /usr/bin/cmake --install /home/cg-tuf/turtlebot4_flask/build/piper_mujoco
[0.446s] -- Install configuration: ""
[0.446s] -- Installing: /home/cg-tuf/turtlebot4_flask/install/piper_mujoco/lib/piper_mujoco/piper_mujoco_ctrl.py
[0.446s] -- Installing: /home/cg-tuf/turtlebot4_flask/install/piper_mujoco/lib/piper_mujoco/piper_no_gripper_mujoco_ctrl.py
[0.446s] -- Up-to-date: /home/cg-tuf/turtlebot4_flask/install/piper_mujoco/share/ament_index/resource_index/package_run_dependencies/piper_mujoco
[0.448s] -- Up-to-date: /home/cg-tuf/turtlebot4_flask/install/piper_mujoco/share/ament_index/resource_index/parent_prefix_path/piper_mujoco
[0.448s] -- Installing: /home/cg-tuf/turtlebot4_flask/install/piper_mujoco/share/piper_mujoco/environment/ament_prefix_path.sh
[0.448s] -- Installing: /home/cg-tuf/turtlebot4_flask/install/piper_mujoco/share/piper_mujoco/environment/ament_prefix_path.dsv
[0.449s] -- Installing: /home/cg-tuf/turtlebot4_flask/install/piper_mujoco/share/piper_mujoco/environment/path.sh
[0.449s] -- Installing: /home/cg-tuf/turtlebot4_flask/install/piper_mujoco/share/piper_mujoco/environment/path.dsv
[0.450s] -- Up-to-date: /home/cg-tuf/turtlebot4_flask/install/piper_mujoco/share/piper_mujoco/local_setup.bash
[0.450s] -- Up-to-date: /home/cg-tuf/turtlebot4_flask/install/piper_mujoco/share/piper_mujoco/local_setup.sh
[0.450s] -- Up-to-date: /home/cg-tuf/turtlebot4_flask/install/piper_mujoco/share/piper_mujoco/local_setup.zsh
[0.450s] -- Installing: /home/cg-tuf/turtlebot4_flask/install/piper_mujoco/share/piper_mujoco/local_setup.dsv
[0.451s] -- Installing: /home/cg-tuf/turtlebot4_flask/install/piper_mujoco/share/piper_mujoco/package.dsv
[0.451s] -- Up-to-date: /home/cg-tuf/turtlebot4_flask/install/piper_mujoco/share/ament_index/resource_index/packages/piper_mujoco
[0.451s] -- Up-to-date: /home/cg-tuf/turtlebot4_flask/install/piper_mujoco/share/piper_mujoco/cmake/piper_mujocoConfig.cmake
[0.451s] -- Up-to-date: /home/cg-tuf/turtlebot4_flask/install/piper_mujoco/share/piper_mujoco/cmake/piper_mujocoConfig-version.cmake
[0.451s] -- Installing: /home/cg-tuf/turtlebot4_flask/install/piper_mujoco/share/piper_mujoco/package.xml
[0.454s] Invoked command in '/home/cg-tuf/turtlebot4_flask/build/piper_mujoco' returned '0': CMAKE_PREFIX_PATH=/opt/ros/humble /usr/bin/cmake --install /home/cg-tuf/turtlebot4_flask/build/piper_mujoco
