-- Found ament_cmake: 1.3.12 (/opt/ros/humble/share/ament_cmake/cmake)
-- Configuring done
-- Generating done
-- Build files have been written to: /home/cg-tuf/turtlebot4_flask/build/piper_humble
-- Install configuration: ""
-- Up-to-date: /home/cg-tuf/turtlebot4_flask/install/piper_humble/share/ament_index/resource_index/package_run_dependencies/piper_humble
-- Up-to-date: /home/cg-tuf/turtlebot4_flask/install/piper_humble/share/ament_index/resource_index/parent_prefix_path/piper_humble
-- Installing: /home/cg-tuf/turtlebot4_flask/install/piper_humble/share/piper_humble/environment/ament_prefix_path.sh
-- Installing: /home/cg-tuf/turtlebot4_flask/install/piper_humble/share/piper_humble/environment/ament_prefix_path.dsv
-- Installing: /home/cg-tuf/turtlebot4_flask/install/piper_humble/share/piper_humble/environment/path.sh
-- Installing: /home/cg-tuf/turtlebot4_flask/install/piper_humble/share/piper_humble/environment/path.dsv
-- Up-to-date: /home/cg-tuf/turtlebot4_flask/install/piper_humble/share/piper_humble/local_setup.bash
-- Up-to-date: /home/cg-tuf/turtlebot4_flask/install/piper_humble/share/piper_humble/local_setup.sh
-- Up-to-date: /home/cg-tuf/turtlebot4_flask/install/piper_humble/share/piper_humble/local_setup.zsh
-- Installing: /home/cg-tuf/turtlebot4_flask/install/piper_humble/share/piper_humble/local_setup.dsv
-- Installing: /home/cg-tuf/turtlebot4_flask/install/piper_humble/share/piper_humble/package.dsv
-- Up-to-date: /home/cg-tuf/turtlebot4_flask/install/piper_humble/share/ament_index/resource_index/packages/piper_humble
-- Up-to-date: /home/cg-tuf/turtlebot4_flask/install/piper_humble/share/piper_humble/cmake/piper_humbleConfig.cmake
-- Up-to-date: /home/cg-tuf/turtlebot4_flask/install/piper_humble/share/piper_humble/cmake/piper_humbleConfig-version.cmake
-- Installing: /home/cg-tuf/turtlebot4_flask/install/piper_humble/share/piper_humble/package.xml
