[0.175s] Invoking command in '/home/cg-tuf/turtlebot4_flask/build/piper_humble': CMAKE_PREFIX_PATH=/opt/ros/humble /usr/bin/cmake --build /home/cg-tuf/turtlebot4_flask/build/piper_humble -- -j16 -l16
[0.192s] -- Found ament_cmake: 1.3.12 (/opt/ros/humble/share/ament_cmake/cmake)
[0.348s] -- Configuring done
[0.351s] -- Generating done
[0.352s] -- Build files have been written to: /home/cg-tuf/turtlebot4_flask/build/piper_humble
[0.373s] Invoked command in '/home/cg-tuf/turtlebot4_flask/build/piper_humble' returned '0': CMAKE_PREFIX_PATH=/opt/ros/humble /usr/bin/cmake --build /home/cg-tuf/turtlebot4_flask/build/piper_humble -- -j16 -l16
[0.375s] Invoking command in '/home/cg-tuf/turtlebot4_flask/build/piper_humble': CMAKE_PREFIX_PATH=/opt/ros/humble /usr/bin/cmake --install /home/cg-tuf/turtlebot4_flask/build/piper_humble
[0.382s] -- Install configuration: ""
[0.382s] -- Up-to-date: /home/cg-tuf/turtlebot4_flask/install/piper_humble/share/ament_index/resource_index/package_run_dependencies/piper_humble
[0.382s] -- Up-to-date: /home/cg-tuf/turtlebot4_flask/install/piper_humble/share/ament_index/resource_index/parent_prefix_path/piper_humble
[0.382s] -- Installing: /home/cg-tuf/turtlebot4_flask/install/piper_humble/share/piper_humble/environment/ament_prefix_path.sh
[0.382s] -- Installing: /home/cg-tuf/turtlebot4_flask/install/piper_humble/share/piper_humble/environment/ament_prefix_path.dsv
[0.382s] -- Installing: /home/cg-tuf/turtlebot4_flask/install/piper_humble/share/piper_humble/environment/path.sh
[0.382s] -- Installing: /home/cg-tuf/turtlebot4_flask/install/piper_humble/share/piper_humble/environment/path.dsv
[0.383s] -- Up-to-date: /home/cg-tuf/turtlebot4_flask/install/piper_humble/share/piper_humble/local_setup.bash
[0.383s] -- Up-to-date: /home/cg-tuf/turtlebot4_flask/install/piper_humble/share/piper_humble/local_setup.sh
[0.383s] -- Up-to-date: /home/cg-tuf/turtlebot4_flask/install/piper_humble/share/piper_humble/local_setup.zsh
[0.383s] -- Installing: /home/cg-tuf/turtlebot4_flask/install/piper_humble/share/piper_humble/local_setup.dsv
[0.383s] -- Installing: /home/cg-tuf/turtlebot4_flask/install/piper_humble/share/piper_humble/package.dsv
[0.383s] -- Up-to-date: /home/cg-tuf/turtlebot4_flask/install/piper_humble/share/ament_index/resource_index/packages/piper_humble
[0.383s] -- Up-to-date: /home/cg-tuf/turtlebot4_flask/install/piper_humble/share/piper_humble/cmake/piper_humbleConfig.cmake
[0.383s] -- Up-to-date: /home/cg-tuf/turtlebot4_flask/install/piper_humble/share/piper_humble/cmake/piper_humbleConfig-version.cmake
[0.383s] -- Installing: /home/cg-tuf/turtlebot4_flask/install/piper_humble/share/piper_humble/package.xml
[0.393s] Invoked command in '/home/cg-tuf/turtlebot4_flask/build/piper_humble' returned '0': CMAKE_PREFIX_PATH=/opt/ros/humble /usr/bin/cmake --install /home/cg-tuf/turtlebot4_flask/build/piper_humble
