[0.024s] Invoking command in '/home/cg-tuf/turtlebot4_flask/build/piper_description': CMAKE_PREFIX_PATH=/opt/ros/humble /usr/bin/cmake /home/cg-tuf/turtlebot4_flask/piper_ws/src/Piper_ros/src/piper_description -DCMAKE_INSTALL_PREFIX=/home/cg-tuf/turtlebot4_flask/install/piper_description
[0.234s] -- The C compiler identification is GNU 11.4.0
[0.235s] -- The CXX compiler identification is GNU 11.4.0
[0.235s] -- Detecting C compiler ABI info
[0.275s] -- Detecting C compiler ABI info - done
[0.279s] -- Check for working C compiler: /usr/bin/cc - skipped
[0.279s] -- Detecting C compile features
[0.280s] -- Detecting C compile features - done
[0.283s] -- Detecting CXX compiler ABI info
[0.424s] -- Detecting CXX compiler ABI info - done
[0.433s] -- Check for working CXX compiler: /usr/bin/c++ - skipped
[0.433s] -- Detecting CXX compile features
[0.433s] -- Detecting CXX compile features - done
[0.437s] -- Found ament_cmake: 1.3.12 (/opt/ros/humble/share/ament_cmake/cmake)
[0.589s] -- Found Python3: /usr/bin/python3 (found version "3.10.12") found components: Interpreter 
[0.665s] -- Found ament_lint_auto: 0.12.14 (/opt/ros/humble/share/ament_lint_auto/cmake)
[0.720s] -- Added test 'copyright' to check source files copyright and LICENSE
[0.723s] -- Added test 'flake8' to check Python code syntax and style conventions
[0.724s] -- Added test 'lint_cmake' to check CMake code style
[0.724s] -- Added test 'pep257' to check Python code against some of the docstring style conventions in PEP 257
[0.726s] -- Added test 'xmllint' to check XML markup files
[0.728s] -- Configuring done
[0.731s] -- Generating done
[0.732s] -- Build files have been written to: /home/cg-tuf/turtlebot4_flask/build/piper_description
[0.736s] Invoked command in '/home/cg-tuf/turtlebot4_flask/build/piper_description' returned '0': CMAKE_PREFIX_PATH=/opt/ros/humble /usr/bin/cmake /home/cg-tuf/turtlebot4_flask/piper_ws/src/Piper_ros/src/piper_description -DCMAKE_INSTALL_PREFIX=/home/cg-tuf/turtlebot4_flask/install/piper_description
[0.737s] Invoking command in '/home/cg-tuf/turtlebot4_flask/build/piper_description': CMAKE_PREFIX_PATH=/opt/ros/humble /usr/bin/cmake --build /home/cg-tuf/turtlebot4_flask/build/piper_description -- -j16 -l16
[0.769s] Invoked command in '/home/cg-tuf/turtlebot4_flask/build/piper_description' returned '0': CMAKE_PREFIX_PATH=/opt/ros/humble /usr/bin/cmake --build /home/cg-tuf/turtlebot4_flask/build/piper_description -- -j16 -l16
[0.777s] Invoking command in '/home/cg-tuf/turtlebot4_flask/build/piper_description': CMAKE_PREFIX_PATH=/opt/ros/humble /usr/bin/cmake --install /home/cg-tuf/turtlebot4_flask/build/piper_description
[0.782s] -- Install configuration: ""
[0.782s] -- Installing: /home/cg-tuf/turtlebot4_flask/install/piper_description/share/piper_description/launch
[0.782s] -- Installing: /home/cg-tuf/turtlebot4_flask/install/piper_description/share/piper_description/launch/piper_with_gripper
[0.782s] -- Installing: /home/cg-tuf/turtlebot4_flask/install/piper_description/share/piper_description/launch/piper_with_gripper/display_xacro.launch.py
[0.782s] -- Installing: /home/cg-tuf/turtlebot4_flask/install/piper_description/share/piper_description/launch/piper_with_gripper/display_urdf.launch.py
[0.783s] -- Installing: /home/cg-tuf/turtlebot4_flask/install/piper_description/share/piper_description/launch/piper_with_gripper/display_urdf_follow.launch.py
[0.783s] -- Installing: /home/cg-tuf/turtlebot4_flask/install/piper_description/share/piper_description/launch/piper_no_gripper
[0.783s] -- Installing: /home/cg-tuf/turtlebot4_flask/install/piper_description/share/piper_description/launch/piper_no_gripper/display_no_gripper_urdf.launch.py
[0.783s] -- Installing: /home/cg-tuf/turtlebot4_flask/install/piper_description/share/piper_description/launch/piper_no_gripper/display_no_gripper_xacro.launch.py
[0.783s] -- Installing: /home/cg-tuf/turtlebot4_flask/install/piper_description/share/piper_description/launch/piper_no_gripper/display_no_gripper_urdf_follow.launch.py
[0.783s] -- Installing: /home/cg-tuf/turtlebot4_flask/install/piper_description/share/piper_description/meshes
[0.783s] -- Installing: /home/cg-tuf/turtlebot4_flask/install/piper_description/share/piper_description/meshes/link3.STL
[0.787s] -- Installing: /home/cg-tuf/turtlebot4_flask/install/piper_description/share/piper_description/meshes/link7.STL
[0.787s] -- Installing: /home/cg-tuf/turtlebot4_flask/install/piper_description/share/piper_description/meshes/link5.STL
[0.788s] -- Installing: /home/cg-tuf/turtlebot4_flask/install/piper_description/share/piper_description/meshes/link2.STL
[0.793s] -- Installing: /home/cg-tuf/turtlebot4_flask/install/piper_description/share/piper_description/meshes/link6.STL
[0.794s] -- Installing: /home/cg-tuf/turtlebot4_flask/install/piper_description/share/piper_description/meshes/link1.STL
[0.795s] -- Installing: /home/cg-tuf/turtlebot4_flask/install/piper_description/share/piper_description/meshes/link4.STL
[0.796s] -- Installing: /home/cg-tuf/turtlebot4_flask/install/piper_description/share/piper_description/meshes/base_link.STL
[0.797s] -- Installing: /home/cg-tuf/turtlebot4_flask/install/piper_description/share/piper_description/meshes/link8.STL
[0.798s] -- Installing: /home/cg-tuf/turtlebot4_flask/install/piper_description/share/piper_description/meshes/gripper_base.STL
[0.800s] -- Installing: /home/cg-tuf/turtlebot4_flask/install/piper_description/share/piper_description/rviz
[0.800s] -- Installing: /home/cg-tuf/turtlebot4_flask/install/piper_description/share/piper_description/rviz/piper_ctrl.rviz
[0.800s] -- Installing: /home/cg-tuf/turtlebot4_flask/install/piper_description/share/piper_description/rviz/piper_no_gripper.rviz
[0.801s] -- Installing: /home/cg-tuf/turtlebot4_flask/install/piper_description/share/piper_description/urdf
[0.801s] -- Installing: /home/cg-tuf/turtlebot4_flask/install/piper_description/share/piper_description/urdf/piper_no_gripper_description_gazebo.xacro
[0.801s] -- Installing: /home/cg-tuf/turtlebot4_flask/install/piper_description/share/piper_description/urdf/piper_no_gripper_description.urdf
[0.801s] -- Installing: /home/cg-tuf/turtlebot4_flask/install/piper_description/share/piper_description/urdf/piper_description_gazebo.xacro
[0.801s] -- Installing: /home/cg-tuf/turtlebot4_flask/install/piper_description/share/piper_description/urdf/piper_description.urdf
[0.802s] -- Installing: /home/cg-tuf/turtlebot4_flask/install/piper_description/share/piper_description/urdf/piper_no_gripper_description_old.urdf
[0.802s] -- Installing: /home/cg-tuf/turtlebot4_flask/install/piper_description/share/piper_description/urdf/piper_description_old.urdf
[0.802s] -- Installing: /home/cg-tuf/turtlebot4_flask/install/piper_description/share/piper_description/urdf/piper_description.xacro
[0.802s] -- Installing: /home/cg-tuf/turtlebot4_flask/install/piper_description/share/piper_description/urdf/piper_no_gripper_description.xacro
[0.802s] -- Installing: /home/cg-tuf/turtlebot4_flask/install/piper_description/share/piper_description/mujoco_model
[0.802s] -- Installing: /home/cg-tuf/turtlebot4_flask/install/piper_description/share/piper_description/mujoco_model/piper_no_gripper_description.xml
[0.802s] -- Installing: /home/cg-tuf/turtlebot4_flask/install/piper_description/share/piper_description/mujoco_model/piper_description.xml
[0.802s] -- Installing: /home/cg-tuf/turtlebot4_flask/install/piper_description/share/ament_index/resource_index/package_run_dependencies/piper_description
[0.802s] -- Installing: /home/cg-tuf/turtlebot4_flask/install/piper_description/share/ament_index/resource_index/parent_prefix_path/piper_description
[0.802s] -- Installing: /home/cg-tuf/turtlebot4_flask/install/piper_description/share/piper_description/environment/ament_prefix_path.sh
[0.802s] -- Installing: /home/cg-tuf/turtlebot4_flask/install/piper_description/share/piper_description/environment/ament_prefix_path.dsv
[0.802s] -- Installing: /home/cg-tuf/turtlebot4_flask/install/piper_description/share/piper_description/environment/path.sh
[0.803s] -- Installing: /home/cg-tuf/turtlebot4_flask/install/piper_description/share/piper_description/environment/path.dsv
[0.803s] -- Installing: /home/cg-tuf/turtlebot4_flask/install/piper_description/share/piper_description/local_setup.bash
[0.803s] -- Installing: /home/cg-tuf/turtlebot4_flask/install/piper_description/share/piper_description/local_setup.sh
[0.803s] -- Installing: /home/cg-tuf/turtlebot4_flask/install/piper_description/share/piper_description/local_setup.zsh
[0.803s] -- Installing: /home/cg-tuf/turtlebot4_flask/install/piper_description/share/piper_description/local_setup.dsv
[0.803s] -- Installing: /home/cg-tuf/turtlebot4_flask/install/piper_description/share/piper_description/package.dsv
[0.803s] -- Installing: /home/cg-tuf/turtlebot4_flask/install/piper_description/share/ament_index/resource_index/packages/piper_description
[0.803s] -- Installing: /home/cg-tuf/turtlebot4_flask/install/piper_description/share/piper_description/cmake/piper_descriptionConfig.cmake
[0.803s] -- Installing: /home/cg-tuf/turtlebot4_flask/install/piper_description/share/piper_description/cmake/piper_descriptionConfig-version.cmake
[0.803s] -- Installing: /home/cg-tuf/turtlebot4_flask/install/piper_description/share/piper_description/package.xml
[0.805s] Invoked command in '/home/cg-tuf/turtlebot4_flask/build/piper_description' returned '0': CMAKE_PREFIX_PATH=/opt/ros/humble /usr/bin/cmake --install /home/cg-tuf/turtlebot4_flask/build/piper_description
