[0.010s] Invoking command in '/home/cg-tuf/turtlebot4_flask/build/flask_ui': CMAKE_PREFIX_PATH=/home/cg-tuf/turtlebot4_flask/install/piper_msgs:/home/cg-tuf/turtlebot4_flask/install/piper_with_gripper_moveit:/home/cg-tuf/turtlebot4_flask/install/piper_no_gripper_moveit:/home/cg-tuf/turtlebot4_flask/install/piper_mujoco:/home/cg-tuf/turtlebot4_flask/install/flask_ui:/home/cg-tuf/turtlebot4_flask/install/piper_humble:/home/cg-tuf/turtlebot4_flask/install/piper_gazebo:/home/cg-tuf/turtlebot4_flask/install/piper_description:/home/cg-tuf/turtlebot4_flask/install/piper:/opt/ros/humble:/home/cg-tuf/turtlebot4_flask/install/jai_rosbridge /usr/bin/cmake --build /home/cg-tuf/turtlebot4_flask/build/flask_ui -- -j16 -l16
[0.043s] Invoked command in '/home/cg-tuf/turtlebot4_flask/build/flask_ui' returned '0': CMAKE_PREFIX_PATH=/home/cg-tuf/turtlebot4_flask/install/piper_msgs:/home/cg-tuf/turtlebot4_flask/install/piper_with_gripper_moveit:/home/cg-tuf/turtlebot4_flask/install/piper_no_gripper_moveit:/home/cg-tuf/turtlebot4_flask/install/piper_mujoco:/home/cg-tuf/turtlebot4_flask/install/flask_ui:/home/cg-tuf/turtlebot4_flask/install/piper_humble:/home/cg-tuf/turtlebot4_flask/install/piper_gazebo:/home/cg-tuf/turtlebot4_flask/install/piper_description:/home/cg-tuf/turtlebot4_flask/install/piper:/opt/ros/humble:/home/cg-tuf/turtlebot4_flask/install/jai_rosbridge /usr/bin/cmake --build /home/cg-tuf/turtlebot4_flask/build/flask_ui -- -j16 -l16
[0.044s] Invoking command in '/home/cg-tuf/turtlebot4_flask/build/flask_ui': CMAKE_PREFIX_PATH=/home/cg-tuf/turtlebot4_flask/install/piper_msgs:/home/cg-tuf/turtlebot4_flask/install/piper_with_gripper_moveit:/home/cg-tuf/turtlebot4_flask/install/piper_no_gripper_moveit:/home/cg-tuf/turtlebot4_flask/install/piper_mujoco:/home/cg-tuf/turtlebot4_flask/install/flask_ui:/home/cg-tuf/turtlebot4_flask/install/piper_humble:/home/cg-tuf/turtlebot4_flask/install/piper_gazebo:/home/cg-tuf/turtlebot4_flask/install/piper_description:/home/cg-tuf/turtlebot4_flask/install/piper:/opt/ros/humble:/home/cg-tuf/turtlebot4_flask/install/jai_rosbridge /usr/bin/cmake --install /home/cg-tuf/turtlebot4_flask/build/flask_ui
[0.051s] -- Install configuration: ""
[0.051s] -- Up-to-date: /home/cg-tuf/turtlebot4_flask/install/flask_ui/lib/flask_ui/app.py
[0.051s] -- Up-to-date: /home/cg-tuf/turtlebot4_flask/install/flask_ui/share/flask_ui/templates
[0.051s] -- Up-to-date: /home/cg-tuf/turtlebot4_flask/install/flask_ui/share/flask_ui/templates/index.html
[0.051s] -- Up-to-date: /home/cg-tuf/turtlebot4_flask/install/flask_ui/share/ament_index/resource_index/package_run_dependencies/flask_ui
[0.051s] -- Up-to-date: /home/cg-tuf/turtlebot4_flask/install/flask_ui/share/ament_index/resource_index/parent_prefix_path/flask_ui
[0.051s] -- Up-to-date: /home/cg-tuf/turtlebot4_flask/install/flask_ui/share/flask_ui/environment/ament_prefix_path.sh
[0.051s] -- Up-to-date: /home/cg-tuf/turtlebot4_flask/install/flask_ui/share/flask_ui/environment/ament_prefix_path.dsv
[0.051s] -- Up-to-date: /home/cg-tuf/turtlebot4_flask/install/flask_ui/share/flask_ui/environment/path.sh
[0.051s] -- Up-to-date: /home/cg-tuf/turtlebot4_flask/install/flask_ui/share/flask_ui/environment/path.dsv
[0.051s] -- Up-to-date: /home/cg-tuf/turtlebot4_flask/install/flask_ui/share/flask_ui/local_setup.bash
[0.051s] -- Up-to-date: /home/cg-tuf/turtlebot4_flask/install/flask_ui/share/flask_ui/local_setup.sh
[0.051s] -- Up-to-date: /home/cg-tuf/turtlebot4_flask/install/flask_ui/share/flask_ui/local_setup.zsh
[0.051s] -- Up-to-date: /home/cg-tuf/turtlebot4_flask/install/flask_ui/share/flask_ui/local_setup.dsv
[0.052s] -- Installing: /home/cg-tuf/turtlebot4_flask/install/flask_ui/share/flask_ui/package.dsv
[0.052s] -- Up-to-date: /home/cg-tuf/turtlebot4_flask/install/flask_ui/share/ament_index/resource_index/packages/flask_ui
[0.052s] -- Up-to-date: /home/cg-tuf/turtlebot4_flask/install/flask_ui/share/flask_ui/cmake/flask_uiConfig.cmake
[0.052s] -- Up-to-date: /home/cg-tuf/turtlebot4_flask/install/flask_ui/share/flask_ui/cmake/flask_uiConfig-version.cmake
[0.052s] -- Up-to-date: /home/cg-tuf/turtlebot4_flask/install/flask_ui/share/flask_ui/package.xml
[0.054s] Invoked command in '/home/cg-tuf/turtlebot4_flask/build/flask_ui' returned '0': CMAKE_PREFIX_PATH=/home/cg-tuf/turtlebot4_flask/install/piper_msgs:/home/cg-tuf/turtlebot4_flask/install/piper_with_gripper_moveit:/home/cg-tuf/turtlebot4_flask/install/piper_no_gripper_moveit:/home/cg-tuf/turtlebot4_flask/install/piper_mujoco:/home/cg-tuf/turtlebot4_flask/install/flask_ui:/home/cg-tuf/turtlebot4_flask/install/piper_humble:/home/cg-tuf/turtlebot4_flask/install/piper_gazebo:/home/cg-tuf/turtlebot4_flask/install/piper_description:/home/cg-tuf/turtlebot4_flask/install/piper:/opt/ros/humble:/home/cg-tuf/turtlebot4_flask/install/jai_rosbridge /usr/bin/cmake --install /home/cg-tuf/turtlebot4_flask/build/flask_ui
