running egg_info
writing ../../../../../build/piper/piper.egg-info/PKG-INFO
writing dependency_links to ../../../../../build/piper/piper.egg-info/dependency_links.txt
writing entry points to ../../../../../build/piper/piper.egg-info/entry_points.txt
writing requirements to ../../../../../build/piper/piper.egg-info/requires.txt
writing top-level names to ../../../../../build/piper/piper.egg-info/top_level.txt
reading manifest file '../../../../../build/piper/piper.egg-info/SOURCES.txt'
adding license file 'LICENSE'
writing manifest file '../../../../../build/piper/piper.egg-info/SOURCES.txt'
running build
running build_py
copying piper/auto_motion_service.py -> /home/cg-tuf/turtlebot4_flask/build/piper/build/lib/piper
copying piper/auto_motion.py -> /home/cg-tuf/turtlebot4_flask/build/piper/build/lib/piper
running install
running install_lib
copying /home/cg-tuf/turtlebot4_flask/build/piper/build/lib/piper/auto_motion_service.py -> /home/cg-tuf/turtlebot4_flask/install/piper/lib/python3.10/site-packages/piper
copying /home/cg-tuf/turtlebot4_flask/build/piper/build/lib/piper/auto_motion.py -> /home/cg-tuf/turtlebot4_flask/install/piper/lib/python3.10/site-packages/piper
byte-compiling /home/cg-tuf/turtlebot4_flask/install/piper/lib/python3.10/site-packages/piper/piper_ctrl_single_node_new.py to piper_ctrl_single_node_new.cpython-310.pyc
byte-compiling /home/cg-tuf/turtlebot4_flask/install/piper/lib/python3.10/site-packages/piper/piper_read_slave_joint.py to piper_read_slave_joint.cpython-310.pyc
byte-compiling /home/cg-tuf/turtlebot4_flask/install/piper/lib/python3.10/site-packages/piper/auto_motion_service.py to auto_motion_service.cpython-310.pyc
byte-compiling /home/cg-tuf/turtlebot4_flask/install/piper/lib/python3.10/site-packages/piper/auto_motion.py to auto_motion.cpython-310.pyc
byte-compiling /home/cg-tuf/turtlebot4_flask/install/piper/lib/python3.10/site-packages/piper/__init__.py to __init__.cpython-310.pyc
byte-compiling /home/cg-tuf/turtlebot4_flask/install/piper/lib/python3.10/site-packages/piper/piper_ctrl_single_node.py to piper_ctrl_single_node.cpython-310.pyc
byte-compiling /home/cg-tuf/turtlebot4_flask/install/piper/lib/python3.10/site-packages/piper/move_arm_service.py to move_arm_service.cpython-310.pyc
running install_data
running install_egg_info
removing '/home/cg-tuf/turtlebot4_flask/install/piper/lib/python3.10/site-packages/piper-0.0.0-py3.10.egg-info' (and everything under it)
Copying ../../../../../build/piper/piper.egg-info to /home/cg-tuf/turtlebot4_flask/install/piper/lib/python3.10/site-packages/piper-0.0.0-py3.10.egg-info
running install_scripts
Installing auto_motion script to /home/cg-tuf/turtlebot4_flask/install/piper/lib/piper
Installing auto_motion_service script to /home/cg-tuf/turtlebot4_flask/install/piper/lib/piper
Installing move_arm_service script to /home/cg-tuf/turtlebot4_flask/install/piper/lib/piper
Installing piper_read_slave_joint script to /home/cg-tuf/turtlebot4_flask/install/piper/lib/piper
Installing piper_single_ctrl script to /home/cg-tuf/turtlebot4_flask/install/piper/lib/piper
writing list of installed files to '/home/cg-tuf/turtlebot4_flask/build/piper/install.log'
