[0.222s] Invoking command in '/home/cg-tuf/turtlebot4_flask/build/piper_humble': CMAKE_PREFIX_PATH=/home/cg-tuf/turtlebot4_flask/install/piper_with_gripper_moveit:/home/cg-tuf/turtlebot4_flask/install/piper_no_gripper_moveit:/home/cg-tuf/turtlebot4_flask/install/piper_mujoco:/home/cg-tuf/turtlebot4_flask/install/flask_ui:/home/cg-tuf/turtlebot4_flask/install/piper_msgs:/home/cg-tuf/turtlebot4_flask/install/piper_humble:/home/cg-tuf/turtlebot4_flask/install/piper_gazebo:/home/cg-tuf/turtlebot4_flask/install/piper_description:/home/cg-tuf/turtlebot4_flask/install/piper:/opt/ros/humble:/home/cg-tuf/turtlebot4_flask/install/jai_rosbridge /usr/bin/cmake --build /home/cg-tuf/turtlebot4_flask/build/piper_humble -- -j16 -l16
[0.270s] Invoked command in '/home/cg-tuf/turtlebot4_flask/build/piper_humble' returned '0': CMAKE_PREFIX_PATH=/home/cg-tuf/turtlebot4_flask/install/piper_with_gripper_moveit:/home/cg-tuf/turtlebot4_flask/install/piper_no_gripper_moveit:/home/cg-tuf/turtlebot4_flask/install/piper_mujoco:/home/cg-tuf/turtlebot4_flask/install/flask_ui:/home/cg-tuf/turtlebot4_flask/install/piper_msgs:/home/cg-tuf/turtlebot4_flask/install/piper_humble:/home/cg-tuf/turtlebot4_flask/install/piper_gazebo:/home/cg-tuf/turtlebot4_flask/install/piper_description:/home/cg-tuf/turtlebot4_flask/install/piper:/opt/ros/humble:/home/cg-tuf/turtlebot4_flask/install/jai_rosbridge /usr/bin/cmake --build /home/cg-tuf/turtlebot4_flask/build/piper_humble -- -j16 -l16
[0.271s] Invoking command in '/home/cg-tuf/turtlebot4_flask/build/piper_humble': CMAKE_PREFIX_PATH=/home/cg-tuf/turtlebot4_flask/install/piper_with_gripper_moveit:/home/cg-tuf/turtlebot4_flask/install/piper_no_gripper_moveit:/home/cg-tuf/turtlebot4_flask/install/piper_mujoco:/home/cg-tuf/turtlebot4_flask/install/flask_ui:/home/cg-tuf/turtlebot4_flask/install/piper_msgs:/home/cg-tuf/turtlebot4_flask/install/piper_humble:/home/cg-tuf/turtlebot4_flask/install/piper_gazebo:/home/cg-tuf/turtlebot4_flask/install/piper_description:/home/cg-tuf/turtlebot4_flask/install/piper:/opt/ros/humble:/home/cg-tuf/turtlebot4_flask/install/jai_rosbridge /usr/bin/cmake --install /home/cg-tuf/turtlebot4_flask/build/piper_humble
[0.288s] -- Install configuration: ""
[0.289s] -- Up-to-date: /home/cg-tuf/turtlebot4_flask/install/piper_humble/share/ament_index/resource_index/package_run_dependencies/piper_humble
[0.289s] -- Up-to-date: /home/cg-tuf/turtlebot4_flask/install/piper_humble/share/ament_index/resource_index/parent_prefix_path/piper_humble
[0.289s] -- Up-to-date: /home/cg-tuf/turtlebot4_flask/install/piper_humble/share/piper_humble/environment/ament_prefix_path.sh
[0.289s] -- Up-to-date: /home/cg-tuf/turtlebot4_flask/install/piper_humble/share/piper_humble/environment/ament_prefix_path.dsv
[0.289s] -- Up-to-date: /home/cg-tuf/turtlebot4_flask/install/piper_humble/share/piper_humble/environment/path.sh
[0.289s] -- Up-to-date: /home/cg-tuf/turtlebot4_flask/install/piper_humble/share/piper_humble/environment/path.dsv
[0.289s] -- Up-to-date: /home/cg-tuf/turtlebot4_flask/install/piper_humble/share/piper_humble/local_setup.bash
[0.289s] -- Up-to-date: /home/cg-tuf/turtlebot4_flask/install/piper_humble/share/piper_humble/local_setup.sh
[0.289s] -- Up-to-date: /home/cg-tuf/turtlebot4_flask/install/piper_humble/share/piper_humble/local_setup.zsh
[0.289s] -- Up-to-date: /home/cg-tuf/turtlebot4_flask/install/piper_humble/share/piper_humble/local_setup.dsv
[0.289s] -- Installing: /home/cg-tuf/turtlebot4_flask/install/piper_humble/share/piper_humble/package.dsv
[0.289s] -- Up-to-date: /home/cg-tuf/turtlebot4_flask/install/piper_humble/share/ament_index/resource_index/packages/piper_humble
[0.289s] -- Up-to-date: /home/cg-tuf/turtlebot4_flask/install/piper_humble/share/piper_humble/cmake/piper_humbleConfig.cmake
[0.289s] -- Up-to-date: /home/cg-tuf/turtlebot4_flask/install/piper_humble/share/piper_humble/cmake/piper_humbleConfig-version.cmake
[0.289s] -- Up-to-date: /home/cg-tuf/turtlebot4_flask/install/piper_humble/share/piper_humble/package.xml
[0.290s] Invoked command in '/home/cg-tuf/turtlebot4_flask/build/piper_humble' returned '0': CMAKE_PREFIX_PATH=/home/cg-tuf/turtlebot4_flask/install/piper_with_gripper_moveit:/home/cg-tuf/turtlebot4_flask/install/piper_no_gripper_moveit:/home/cg-tuf/turtlebot4_flask/install/piper_mujoco:/home/cg-tuf/turtlebot4_flask/install/flask_ui:/home/cg-tuf/turtlebot4_flask/install/piper_msgs:/home/cg-tuf/turtlebot4_flask/install/piper_humble:/home/cg-tuf/turtlebot4_flask/install/piper_gazebo:/home/cg-tuf/turtlebot4_flask/install/piper_description:/home/cg-tuf/turtlebot4_flask/install/piper:/opt/ros/humble:/home/cg-tuf/turtlebot4_flask/install/jai_rosbridge /usr/bin/cmake --install /home/cg-tuf/turtlebot4_flask/build/piper_humble
