[35m[1mConsolidate compiler generated dependencies of target dcs103e_controller__rosidl_generator_c[0m
[  2%] Built target dcs103e_controller__cpp
[ 11%] Built target dcs103e_controller__rosidl_generator_c
[35m[1mConsolidate compiler generated dependencies of target dcs103e_controller__rosidl_typesupport_c[0m
[35m[1mConsolidate compiler generated dependencies of target dcs103e_controller__rosidl_typesupport_introspection_c[0m
[ 11%] Built target ament_cmake_python_copy_dcs103e_controller
[35m[1mConsolidate compiler generated dependencies of target dcs103e_controller__rosidl_typesupport_cpp[0m
[35m[1mConsolidate compiler generated dependencies of target dcs103e_controller__rosidl_typesupport_fastrtps_cpp[0m
[35m[1mConsolidate compiler generated dependencies of target dcs103e_controller__rosidl_typesupport_introspection_cpp[0m
[ 54%] Built target dcs103e_controller__rosidl_typesupport_introspection_cpp
[ 59%] Built target dcs103e_controller__rosidl_typesupport_cpp
[ 59%] Built target dcs103e_controller__rosidl_typesupport_c
[ 59%] Built target dcs103e_controller__rosidl_typesupport_fastrtps_cpp
[ 54%] Built target dcs103e_controller__rosidl_typesupport_introspection_c
[35m[1mConsolidate compiler generated dependencies of target dcs103e_controller__rosidl_typesupport_fastrtps_c[0m
[ 69%] Built target dcs103e_controller__rosidl_typesupport_fastrtps_c
[ 69%] Built target dcs103e_controller
[35m[1mConsolidate compiler generated dependencies of target dcs103e_node[0m
[ 71%] Built target dcs103e_controller__py
[ 78%] Built target dcs103e_node
[35m[1mConsolidate compiler generated dependencies of target dcs103e_controller__rosidl_generator_py[0m
[ 85%] Built target dcs103e_controller__rosidl_generator_py
[35m[1mConsolidate compiler generated dependencies of target dcs103e_controller__rosidl_typesupport_introspection_c__pyext[0m
[35m[1mConsolidate compiler generated dependencies of target dcs103e_controller__rosidl_typesupport_c__pyext[0m
[35m[1mConsolidate compiler generated dependencies of target dcs103e_controller__rosidl_typesupport_fastrtps_c__pyext[0m
[100%] Built target dcs103e_controller__rosidl_typesupport_fastrtps_c__pyext
[100%] Built target dcs103e_controller__rosidl_typesupport_introspection_c__pyext
[100%] Built target dcs103e_controller__rosidl_typesupport_c__pyext
running egg_info
writing dcs103e_controller.egg-info/PKG-INFO
writing dependency_links to dcs103e_controller.egg-info/dependency_links.txt
writing top-level names to dcs103e_controller.egg-info/top_level.txt
reading manifest file 'dcs103e_controller.egg-info/SOURCES.txt'
writing manifest file 'dcs103e_controller.egg-info/SOURCES.txt'
[100%] Built target ament_cmake_python_build_dcs103e_controller_egg
-- Install configuration: ""
-- Up-to-date: /home/cg-tuf/turtlebot4_flask/clientapp/instance/dcs103e/install/dcs103e_controller/share/ament_index/resource_index/rosidl_interfaces/dcs103e_controller
-- Up-to-date: /home/cg-tuf/turtlebot4_flask/clientapp/instance/dcs103e/install/dcs103e_controller/include/dcs103e_controller/dcs103e_controller
-- Up-to-date: /home/cg-tuf/turtlebot4_flask/clientapp/instance/dcs103e/install/dcs103e_controller/include/dcs103e_controller/dcs103e_controller/msg
-- Up-to-date: /home/cg-tuf/turtlebot4_flask/clientapp/instance/dcs103e/install/dcs103e_controller/include/dcs103e_controller/dcs103e_controller/msg/rosidl_generator_c__visibility_control.h
-- Up-to-date: /home/cg-tuf/turtlebot4_flask/clientapp/instance/dcs103e/install/dcs103e_controller/include/dcs103e_controller/dcs103e_controller/srv
-- Up-to-date: /home/cg-tuf/turtlebot4_flask/clientapp/instance/dcs103e/install/dcs103e_controller/include/dcs103e_controller/dcs103e_controller/srv/set_channel_mode.h
-- Up-to-date: /home/cg-tuf/turtlebot4_flask/clientapp/instance/dcs103e/install/dcs103e_controller/include/dcs103e_controller/dcs103e_controller/srv/control_channel.h
-- Up-to-date: /home/cg-tuf/turtlebot4_flask/clientapp/instance/dcs103e/install/dcs103e_controller/include/dcs103e_controller/dcs103e_controller/srv/detail
-- Up-to-date: /home/cg-tuf/turtlebot4_flask/clientapp/instance/dcs103e/install/dcs103e_controller/include/dcs103e_controller/dcs103e_controller/srv/detail/set_channel_mode__struct.h
-- Up-to-date: /home/cg-tuf/turtlebot4_flask/clientapp/instance/dcs103e/install/dcs103e_controller/include/dcs103e_controller/dcs103e_controller/srv/detail/control_channel__functions.c
-- Up-to-date: /home/cg-tuf/turtlebot4_flask/clientapp/instance/dcs103e/install/dcs103e_controller/include/dcs103e_controller/dcs103e_controller/srv/detail/control_channel__struct.h
-- Up-to-date: /home/cg-tuf/turtlebot4_flask/clientapp/instance/dcs103e/install/dcs103e_controller/include/dcs103e_controller/dcs103e_controller/srv/detail/set_channel_mode__type_support.h
-- Up-to-date: /home/cg-tuf/turtlebot4_flask/clientapp/instance/dcs103e/install/dcs103e_controller/include/dcs103e_controller/dcs103e_controller/srv/detail/set_channel_mode__functions.h
-- Up-to-date: /home/cg-tuf/turtlebot4_flask/clientapp/instance/dcs103e/install/dcs103e_controller/include/dcs103e_controller/dcs103e_controller/srv/detail/control_channel__functions.h
-- Up-to-date: /home/cg-tuf/turtlebot4_flask/clientapp/instance/dcs103e/install/dcs103e_controller/include/dcs103e_controller/dcs103e_controller/srv/detail/control_channel__type_support.h
-- Up-to-date: /home/cg-tuf/turtlebot4_flask/clientapp/instance/dcs103e/install/dcs103e_controller/include/dcs103e_controller/dcs103e_controller/srv/detail/set_channel_mode__functions.c
-- Up-to-date: /home/cg-tuf/turtlebot4_flask/clientapp/instance/dcs103e/install/dcs103e_controller/share/dcs103e_controller/environment/library_path.sh
-- Up-to-date: /home/cg-tuf/turtlebot4_flask/clientapp/instance/dcs103e/install/dcs103e_controller/share/dcs103e_controller/environment/library_path.dsv
-- Up-to-date: /home/cg-tuf/turtlebot4_flask/clientapp/instance/dcs103e/install/dcs103e_controller/lib/libdcs103e_controller__rosidl_generator_c.so
-- Up-to-date: /home/cg-tuf/turtlebot4_flask/clientapp/instance/dcs103e/install/dcs103e_controller/include/dcs103e_controller/dcs103e_controller
-- Up-to-date: /home/cg-tuf/turtlebot4_flask/clientapp/instance/dcs103e/install/dcs103e_controller/include/dcs103e_controller/dcs103e_controller/msg
-- Up-to-date: /home/cg-tuf/turtlebot4_flask/clientapp/instance/dcs103e/install/dcs103e_controller/include/dcs103e_controller/dcs103e_controller/msg/rosidl_typesupport_fastrtps_c__visibility_control.h
-- Up-to-date: /home/cg-tuf/turtlebot4_flask/clientapp/instance/dcs103e/install/dcs103e_controller/include/dcs103e_controller/dcs103e_controller/srv
-- Up-to-date: /home/cg-tuf/turtlebot4_flask/clientapp/instance/dcs103e/install/dcs103e_controller/include/dcs103e_controller/dcs103e_controller/srv/detail
-- Up-to-date: /home/cg-tuf/turtlebot4_flask/clientapp/instance/dcs103e/install/dcs103e_controller/include/dcs103e_controller/dcs103e_controller/srv/detail/set_channel_mode__rosidl_typesupport_fastrtps_c.h
-- Up-to-date: /home/cg-tuf/turtlebot4_flask/clientapp/instance/dcs103e/install/dcs103e_controller/include/dcs103e_controller/dcs103e_controller/srv/detail/control_channel__rosidl_typesupport_fastrtps_c.h
-- Up-to-date: /home/cg-tuf/turtlebot4_flask/clientapp/instance/dcs103e/install/dcs103e_controller/lib/libdcs103e_controller__rosidl_typesupport_fastrtps_c.so
-- Up-to-date: /home/cg-tuf/turtlebot4_flask/clientapp/instance/dcs103e/install/dcs103e_controller/include/dcs103e_controller/dcs103e_controller
-- Up-to-date: /home/cg-tuf/turtlebot4_flask/clientapp/instance/dcs103e/install/dcs103e_controller/include/dcs103e_controller/dcs103e_controller/msg
-- Up-to-date: /home/cg-tuf/turtlebot4_flask/clientapp/instance/dcs103e/install/dcs103e_controller/include/dcs103e_controller/dcs103e_controller/msg/rosidl_generator_cpp__visibility_control.hpp
-- Up-to-date: /home/cg-tuf/turtlebot4_flask/clientapp/instance/dcs103e/install/dcs103e_controller/include/dcs103e_controller/dcs103e_controller/srv
-- Up-to-date: /home/cg-tuf/turtlebot4_flask/clientapp/instance/dcs103e/install/dcs103e_controller/include/dcs103e_controller/dcs103e_controller/srv/set_channel_mode.hpp
-- Up-to-date: /home/cg-tuf/turtlebot4_flask/clientapp/instance/dcs103e/install/dcs103e_controller/include/dcs103e_controller/dcs103e_controller/srv/control_channel.hpp
-- Up-to-date: /home/cg-tuf/turtlebot4_flask/clientapp/instance/dcs103e/install/dcs103e_controller/include/dcs103e_controller/dcs103e_controller/srv/detail
-- Up-to-date: /home/cg-tuf/turtlebot4_flask/clientapp/instance/dcs103e/install/dcs103e_controller/include/dcs103e_controller/dcs103e_controller/srv/detail/set_channel_mode__struct.hpp
-- Up-to-date: /home/cg-tuf/turtlebot4_flask/clientapp/instance/dcs103e/install/dcs103e_controller/include/dcs103e_controller/dcs103e_controller/srv/detail/set_channel_mode__traits.hpp
-- Up-to-date: /home/cg-tuf/turtlebot4_flask/clientapp/instance/dcs103e/install/dcs103e_controller/include/dcs103e_controller/dcs103e_controller/srv/detail/set_channel_mode__type_support.hpp
-- Up-to-date: /home/cg-tuf/turtlebot4_flask/clientapp/instance/dcs103e/install/dcs103e_controller/include/dcs103e_controller/dcs103e_controller/srv/detail/control_channel__builder.hpp
-- Up-to-date: /home/cg-tuf/turtlebot4_flask/clientapp/instance/dcs103e/install/dcs103e_controller/include/dcs103e_controller/dcs103e_controller/srv/detail/control_channel__type_support.hpp
-- Up-to-date: /home/cg-tuf/turtlebot4_flask/clientapp/instance/dcs103e/install/dcs103e_controller/include/dcs103e_controller/dcs103e_controller/srv/detail/set_channel_mode__builder.hpp
-- Up-to-date: /home/cg-tuf/turtlebot4_flask/clientapp/instance/dcs103e/install/dcs103e_controller/include/dcs103e_controller/dcs103e_controller/srv/detail/control_channel__traits.hpp
-- Up-to-date: /home/cg-tuf/turtlebot4_flask/clientapp/instance/dcs103e/install/dcs103e_controller/include/dcs103e_controller/dcs103e_controller/srv/detail/control_channel__struct.hpp
-- Up-to-date: /home/cg-tuf/turtlebot4_flask/clientapp/instance/dcs103e/install/dcs103e_controller/include/dcs103e_controller/dcs103e_controller
-- Up-to-date: /home/cg-tuf/turtlebot4_flask/clientapp/instance/dcs103e/install/dcs103e_controller/include/dcs103e_controller/dcs103e_controller/msg
-- Up-to-date: /home/cg-tuf/turtlebot4_flask/clientapp/instance/dcs103e/install/dcs103e_controller/include/dcs103e_controller/dcs103e_controller/msg/rosidl_typesupport_fastrtps_cpp__visibility_control.h
-- Up-to-date: /home/cg-tuf/turtlebot4_flask/clientapp/instance/dcs103e/install/dcs103e_controller/include/dcs103e_controller/dcs103e_controller/srv
-- Up-to-date: /home/cg-tuf/turtlebot4_flask/clientapp/instance/dcs103e/install/dcs103e_controller/include/dcs103e_controller/dcs103e_controller/srv/detail
-- Up-to-date: /home/cg-tuf/turtlebot4_flask/clientapp/instance/dcs103e/install/dcs103e_controller/include/dcs103e_controller/dcs103e_controller/srv/detail/dds_fastrtps
-- Up-to-date: /home/cg-tuf/turtlebot4_flask/clientapp/instance/dcs103e/install/dcs103e_controller/include/dcs103e_controller/dcs103e_controller/srv/detail/set_channel_mode__rosidl_typesupport_fastrtps_cpp.hpp
-- Up-to-date: /home/cg-tuf/turtlebot4_flask/clientapp/instance/dcs103e/install/dcs103e_controller/include/dcs103e_controller/dcs103e_controller/srv/detail/control_channel__rosidl_typesupport_fastrtps_cpp.hpp
-- Up-to-date: /home/cg-tuf/turtlebot4_flask/clientapp/instance/dcs103e/install/dcs103e_controller/lib/libdcs103e_controller__rosidl_typesupport_fastrtps_cpp.so
-- Up-to-date: /home/cg-tuf/turtlebot4_flask/clientapp/instance/dcs103e/install/dcs103e_controller/include/dcs103e_controller/dcs103e_controller
-- Up-to-date: /home/cg-tuf/turtlebot4_flask/clientapp/instance/dcs103e/install/dcs103e_controller/include/dcs103e_controller/dcs103e_controller/msg
-- Up-to-date: /home/cg-tuf/turtlebot4_flask/clientapp/instance/dcs103e/install/dcs103e_controller/include/dcs103e_controller/dcs103e_controller/msg/rosidl_typesupport_introspection_c__visibility_control.h
-- Up-to-date: /home/cg-tuf/turtlebot4_flask/clientapp/instance/dcs103e/install/dcs103e_controller/include/dcs103e_controller/dcs103e_controller/srv
-- Up-to-date: /home/cg-tuf/turtlebot4_flask/clientapp/instance/dcs103e/install/dcs103e_controller/include/dcs103e_controller/dcs103e_controller/srv/detail
-- Up-to-date: /home/cg-tuf/turtlebot4_flask/clientapp/instance/dcs103e/install/dcs103e_controller/include/dcs103e_controller/dcs103e_controller/srv/detail/control_channel__rosidl_typesupport_introspection_c.h
-- Up-to-date: /home/cg-tuf/turtlebot4_flask/clientapp/instance/dcs103e/install/dcs103e_controller/include/dcs103e_controller/dcs103e_controller/srv/detail/control_channel__type_support.c
-- Up-to-date: /home/cg-tuf/turtlebot4_flask/clientapp/instance/dcs103e/install/dcs103e_controller/include/dcs103e_controller/dcs103e_controller/srv/detail/set_channel_mode__type_support.c
-- Up-to-date: /home/cg-tuf/turtlebot4_flask/clientapp/instance/dcs103e/install/dcs103e_controller/include/dcs103e_controller/dcs103e_controller/srv/detail/set_channel_mode__rosidl_typesupport_introspection_c.h
-- Up-to-date: /home/cg-tuf/turtlebot4_flask/clientapp/instance/dcs103e/install/dcs103e_controller/lib/libdcs103e_controller__rosidl_typesupport_introspection_c.so
-- Up-to-date: /home/cg-tuf/turtlebot4_flask/clientapp/instance/dcs103e/install/dcs103e_controller/lib/libdcs103e_controller__rosidl_typesupport_c.so
-- Up-to-date: /home/cg-tuf/turtlebot4_flask/clientapp/instance/dcs103e/install/dcs103e_controller/include/dcs103e_controller/dcs103e_controller
-- Up-to-date: /home/cg-tuf/turtlebot4_flask/clientapp/instance/dcs103e/install/dcs103e_controller/include/dcs103e_controller/dcs103e_controller/srv
-- Up-to-date: /home/cg-tuf/turtlebot4_flask/clientapp/instance/dcs103e/install/dcs103e_controller/include/dcs103e_controller/dcs103e_controller/srv/detail
-- Up-to-date: /home/cg-tuf/turtlebot4_flask/clientapp/instance/dcs103e/install/dcs103e_controller/include/dcs103e_controller/dcs103e_controller/srv/detail/control_channel__rosidl_typesupport_introspection_cpp.hpp
-- Up-to-date: /home/cg-tuf/turtlebot4_flask/clientapp/instance/dcs103e/install/dcs103e_controller/include/dcs103e_controller/dcs103e_controller/srv/detail/control_channel__type_support.cpp
-- Up-to-date: /home/cg-tuf/turtlebot4_flask/clientapp/instance/dcs103e/install/dcs103e_controller/include/dcs103e_controller/dcs103e_controller/srv/detail/set_channel_mode__rosidl_typesupport_introspection_cpp.hpp
-- Up-to-date: /home/cg-tuf/turtlebot4_flask/clientapp/instance/dcs103e/install/dcs103e_controller/include/dcs103e_controller/dcs103e_controller/srv/detail/set_channel_mode__type_support.cpp
-- Up-to-date: /home/cg-tuf/turtlebot4_flask/clientapp/instance/dcs103e/install/dcs103e_controller/lib/libdcs103e_controller__rosidl_typesupport_introspection_cpp.so
-- Up-to-date: /home/cg-tuf/turtlebot4_flask/clientapp/instance/dcs103e/install/dcs103e_controller/lib/libdcs103e_controller__rosidl_typesupport_cpp.so
-- Up-to-date: /home/cg-tuf/turtlebot4_flask/clientapp/instance/dcs103e/install/dcs103e_controller/share/dcs103e_controller/environment/pythonpath.sh
-- Up-to-date: /home/cg-tuf/turtlebot4_flask/clientapp/instance/dcs103e/install/dcs103e_controller/share/dcs103e_controller/environment/pythonpath.dsv
-- Up-to-date: /home/cg-tuf/turtlebot4_flask/clientapp/instance/dcs103e/install/dcs103e_controller/local/lib/python3.10/dist-packages/dcs103e_controller-0.0.1-py3.10.egg-info
-- Installing: /home/cg-tuf/turtlebot4_flask/clientapp/instance/dcs103e/install/dcs103e_controller/local/lib/python3.10/dist-packages/dcs103e_controller-0.0.1-py3.10.egg-info/SOURCES.txt
-- Installing: /home/cg-tuf/turtlebot4_flask/clientapp/instance/dcs103e/install/dcs103e_controller/local/lib/python3.10/dist-packages/dcs103e_controller-0.0.1-py3.10.egg-info/top_level.txt
-- Installing: /home/cg-tuf/turtlebot4_flask/clientapp/instance/dcs103e/install/dcs103e_controller/local/lib/python3.10/dist-packages/dcs103e_controller-0.0.1-py3.10.egg-info/dependency_links.txt
-- Installing: /home/cg-tuf/turtlebot4_flask/clientapp/instance/dcs103e/install/dcs103e_controller/local/lib/python3.10/dist-packages/dcs103e_controller-0.0.1-py3.10.egg-info/PKG-INFO
-- Up-to-date: /home/cg-tuf/turtlebot4_flask/clientapp/instance/dcs103e/install/dcs103e_controller/local/lib/python3.10/dist-packages/dcs103e_controller
-- Up-to-date: /home/cg-tuf/turtlebot4_flask/clientapp/instance/dcs103e/install/dcs103e_controller/local/lib/python3.10/dist-packages/dcs103e_controller/dcs103e_controller_s__rosidl_typesupport_fastrtps_c.cpython-310-x86_64-linux-gnu.so
-- Up-to-date: /home/cg-tuf/turtlebot4_flask/clientapp/instance/dcs103e/install/dcs103e_controller/local/lib/python3.10/dist-packages/dcs103e_controller/_dcs103e_controller_s.ep.rosidl_typesupport_c.c
-- Up-to-date: /home/cg-tuf/turtlebot4_flask/clientapp/instance/dcs103e/install/dcs103e_controller/local/lib/python3.10/dist-packages/dcs103e_controller/_dcs103e_controller_s.ep.rosidl_typesupport_fastrtps_c.c
-- Up-to-date: /home/cg-tuf/turtlebot4_flask/clientapp/instance/dcs103e/install/dcs103e_controller/local/lib/python3.10/dist-packages/dcs103e_controller/_dcs103e_controller_s.ep.rosidl_typesupport_introspection_c.c
-- Up-to-date: /home/cg-tuf/turtlebot4_flask/clientapp/instance/dcs103e/install/dcs103e_controller/local/lib/python3.10/dist-packages/dcs103e_controller/dcs103e_controller_s__rosidl_typesupport_c.cpython-310-x86_64-linux-gnu.so
-- Up-to-date: /home/cg-tuf/turtlebot4_flask/clientapp/instance/dcs103e/install/dcs103e_controller/local/lib/python3.10/dist-packages/dcs103e_controller/srv
-- Up-to-date: /home/cg-tuf/turtlebot4_flask/clientapp/instance/dcs103e/install/dcs103e_controller/local/lib/python3.10/dist-packages/dcs103e_controller/srv/_control_channel_s.c
-- Up-to-date: /home/cg-tuf/turtlebot4_flask/clientapp/instance/dcs103e/install/dcs103e_controller/local/lib/python3.10/dist-packages/dcs103e_controller/srv/_set_channel_mode.py
-- Up-to-date: /home/cg-tuf/turtlebot4_flask/clientapp/instance/dcs103e/install/dcs103e_controller/local/lib/python3.10/dist-packages/dcs103e_controller/srv/_control_channel.py
-- Up-to-date: /home/cg-tuf/turtlebot4_flask/clientapp/instance/dcs103e/install/dcs103e_controller/local/lib/python3.10/dist-packages/dcs103e_controller/srv/__init__.py
-- Up-to-date: /home/cg-tuf/turtlebot4_flask/clientapp/instance/dcs103e/install/dcs103e_controller/local/lib/python3.10/dist-packages/dcs103e_controller/srv/_set_channel_mode_s.c
-- Up-to-date: /home/cg-tuf/turtlebot4_flask/clientapp/instance/dcs103e/install/dcs103e_controller/local/lib/python3.10/dist-packages/dcs103e_controller/__init__.py
-- Up-to-date: /home/cg-tuf/turtlebot4_flask/clientapp/instance/dcs103e/install/dcs103e_controller/local/lib/python3.10/dist-packages/dcs103e_controller/libdcs103e_controller__rosidl_generator_py.so
-- Up-to-date: /home/cg-tuf/turtlebot4_flask/clientapp/instance/dcs103e/install/dcs103e_controller/local/lib/python3.10/dist-packages/dcs103e_controller/dcs103e_controller_s__rosidl_typesupport_introspection_c.cpython-310-x86_64-linux-gnu.so
Listing '/home/cg-tuf/turtlebot4_flask/clientapp/instance/dcs103e/install/dcs103e_controller/local/lib/python3.10/dist-packages/dcs103e_controller'...
Listing '/home/cg-tuf/turtlebot4_flask/clientapp/instance/dcs103e/install/dcs103e_controller/local/lib/python3.10/dist-packages/dcs103e_controller/srv'...
-- Up-to-date: /home/cg-tuf/turtlebot4_flask/clientapp/instance/dcs103e/install/dcs103e_controller/local/lib/python3.10/dist-packages/dcs103e_controller/dcs103e_controller_s__rosidl_typesupport_fastrtps_c.cpython-310-x86_64-linux-gnu.so
-- Up-to-date: /home/cg-tuf/turtlebot4_flask/clientapp/instance/dcs103e/install/dcs103e_controller/local/lib/python3.10/dist-packages/dcs103e_controller/dcs103e_controller_s__rosidl_typesupport_introspection_c.cpython-310-x86_64-linux-gnu.so
-- Up-to-date: /home/cg-tuf/turtlebot4_flask/clientapp/instance/dcs103e/install/dcs103e_controller/local/lib/python3.10/dist-packages/dcs103e_controller/dcs103e_controller_s__rosidl_typesupport_c.cpython-310-x86_64-linux-gnu.so
-- Up-to-date: /home/cg-tuf/turtlebot4_flask/clientapp/instance/dcs103e/install/dcs103e_controller/lib/libdcs103e_controller__rosidl_generator_py.so
-- Up-to-date: /home/cg-tuf/turtlebot4_flask/clientapp/instance/dcs103e/install/dcs103e_controller/share/dcs103e_controller/srv/ControlChannel.idl
-- Up-to-date: /home/cg-tuf/turtlebot4_flask/clientapp/instance/dcs103e/install/dcs103e_controller/share/dcs103e_controller/srv/SetChannelMode.idl
-- Up-to-date: /home/cg-tuf/turtlebot4_flask/clientapp/instance/dcs103e/install/dcs103e_controller/share/dcs103e_controller/srv/ControlChannel.srv
-- Up-to-date: /home/cg-tuf/turtlebot4_flask/clientapp/instance/dcs103e/install/dcs103e_controller/share/dcs103e_controller/srv/ControlChannel_Request.msg
-- Up-to-date: /home/cg-tuf/turtlebot4_flask/clientapp/instance/dcs103e/install/dcs103e_controller/share/dcs103e_controller/srv/ControlChannel_Response.msg
-- Up-to-date: /home/cg-tuf/turtlebot4_flask/clientapp/instance/dcs103e/install/dcs103e_controller/share/dcs103e_controller/srv/SetChannelMode.srv
-- Up-to-date: /home/cg-tuf/turtlebot4_flask/clientapp/instance/dcs103e/install/dcs103e_controller/share/dcs103e_controller/srv/SetChannelMode_Request.msg
-- Up-to-date: /home/cg-tuf/turtlebot4_flask/clientapp/instance/dcs103e/install/dcs103e_controller/share/dcs103e_controller/srv/SetChannelMode_Response.msg
-- Up-to-date: /home/cg-tuf/turtlebot4_flask/clientapp/instance/dcs103e/install/dcs103e_controller/lib/dcs103e_controller/dcs103e_node
-- Installing: /home/cg-tuf/turtlebot4_flask/clientapp/instance/dcs103e/install/dcs103e_controller/share/dcs103e_controller//launch
-- Installing: /home/cg-tuf/turtlebot4_flask/clientapp/instance/dcs103e/install/dcs103e_controller/share/dcs103e_controller//launch/dcs103e_controller.launch.py
-- Installing: /home/cg-tuf/turtlebot4_flask/clientapp/instance/dcs103e/install/dcs103e_controller/share/ament_index/resource_index/package_run_dependencies/dcs103e_controller
-- Installing: /home/cg-tuf/turtlebot4_flask/clientapp/instance/dcs103e/install/dcs103e_controller/share/ament_index/resource_index/parent_prefix_path/dcs103e_controller
-- Installing: /home/cg-tuf/turtlebot4_flask/clientapp/instance/dcs103e/install/dcs103e_controller/share/dcs103e_controller/environment/ament_prefix_path.sh
-- Installing: /home/cg-tuf/turtlebot4_flask/clientapp/instance/dcs103e/install/dcs103e_controller/share/dcs103e_controller/environment/ament_prefix_path.dsv
-- Installing: /home/cg-tuf/turtlebot4_flask/clientapp/instance/dcs103e/install/dcs103e_controller/share/dcs103e_controller/environment/path.sh
-- Installing: /home/cg-tuf/turtlebot4_flask/clientapp/instance/dcs103e/install/dcs103e_controller/share/dcs103e_controller/environment/path.dsv
-- Installing: /home/cg-tuf/turtlebot4_flask/clientapp/instance/dcs103e/install/dcs103e_controller/share/dcs103e_controller/local_setup.bash
-- Installing: /home/cg-tuf/turtlebot4_flask/clientapp/instance/dcs103e/install/dcs103e_controller/share/dcs103e_controller/local_setup.sh
-- Installing: /home/cg-tuf/turtlebot4_flask/clientapp/instance/dcs103e/install/dcs103e_controller/share/dcs103e_controller/local_setup.zsh
-- Installing: /home/cg-tuf/turtlebot4_flask/clientapp/instance/dcs103e/install/dcs103e_controller/share/dcs103e_controller/local_setup.dsv
-- Installing: /home/cg-tuf/turtlebot4_flask/clientapp/instance/dcs103e/install/dcs103e_controller/share/dcs103e_controller/package.dsv
-- Installing: /home/cg-tuf/turtlebot4_flask/clientapp/instance/dcs103e/install/dcs103e_controller/share/ament_index/resource_index/packages/dcs103e_controller
-- Installing: /home/cg-tuf/turtlebot4_flask/clientapp/instance/dcs103e/install/dcs103e_controller/share/dcs103e_controller/cmake/export_dcs103e_controller__rosidl_generator_cExport.cmake
-- Installing: /home/cg-tuf/turtlebot4_flask/clientapp/instance/dcs103e/install/dcs103e_controller/share/dcs103e_controller/cmake/export_dcs103e_controller__rosidl_generator_cExport-noconfig.cmake
-- Installing: /home/cg-tuf/turtlebot4_flask/clientapp/instance/dcs103e/install/dcs103e_controller/share/dcs103e_controller/cmake/export_dcs103e_controller__rosidl_typesupport_fastrtps_cExport.cmake
-- Installing: /home/cg-tuf/turtlebot4_flask/clientapp/instance/dcs103e/install/dcs103e_controller/share/dcs103e_controller/cmake/export_dcs103e_controller__rosidl_typesupport_fastrtps_cExport-noconfig.cmake
-- Installing: /home/cg-tuf/turtlebot4_flask/clientapp/instance/dcs103e/install/dcs103e_controller/share/dcs103e_controller/cmake/export_dcs103e_controller__rosidl_generator_cppExport.cmake
-- Installing: /home/cg-tuf/turtlebot4_flask/clientapp/instance/dcs103e/install/dcs103e_controller/share/dcs103e_controller/cmake/export_dcs103e_controller__rosidl_typesupport_fastrtps_cppExport.cmake
-- Installing: /home/cg-tuf/turtlebot4_flask/clientapp/instance/dcs103e/install/dcs103e_controller/share/dcs103e_controller/cmake/export_dcs103e_controller__rosidl_typesupport_fastrtps_cppExport-noconfig.cmake
-- Installing: /home/cg-tuf/turtlebot4_flask/clientapp/instance/dcs103e/install/dcs103e_controller/share/dcs103e_controller/cmake/dcs103e_controller__rosidl_typesupport_introspection_cExport.cmake
-- Installing: /home/cg-tuf/turtlebot4_flask/clientapp/instance/dcs103e/install/dcs103e_controller/share/dcs103e_controller/cmake/dcs103e_controller__rosidl_typesupport_introspection_cExport-noconfig.cmake
-- Installing: /home/cg-tuf/turtlebot4_flask/clientapp/instance/dcs103e/install/dcs103e_controller/share/dcs103e_controller/cmake/dcs103e_controller__rosidl_typesupport_cExport.cmake
-- Installing: /home/cg-tuf/turtlebot4_flask/clientapp/instance/dcs103e/install/dcs103e_controller/share/dcs103e_controller/cmake/dcs103e_controller__rosidl_typesupport_cExport-noconfig.cmake
-- Installing: /home/cg-tuf/turtlebot4_flask/clientapp/instance/dcs103e/install/dcs103e_controller/share/dcs103e_controller/cmake/dcs103e_controller__rosidl_typesupport_introspection_cppExport.cmake
-- Installing: /home/cg-tuf/turtlebot4_flask/clientapp/instance/dcs103e/install/dcs103e_controller/share/dcs103e_controller/cmake/dcs103e_controller__rosidl_typesupport_introspection_cppExport-noconfig.cmake
-- Installing: /home/cg-tuf/turtlebot4_flask/clientapp/instance/dcs103e/install/dcs103e_controller/share/dcs103e_controller/cmake/dcs103e_controller__rosidl_typesupport_cppExport.cmake
-- Installing: /home/cg-tuf/turtlebot4_flask/clientapp/instance/dcs103e/install/dcs103e_controller/share/dcs103e_controller/cmake/dcs103e_controller__rosidl_typesupport_cppExport-noconfig.cmake
-- Installing: /home/cg-tuf/turtlebot4_flask/clientapp/instance/dcs103e/install/dcs103e_controller/share/dcs103e_controller/cmake/export_dcs103e_controller__rosidl_generator_pyExport.cmake
-- Installing: /home/cg-tuf/turtlebot4_flask/clientapp/instance/dcs103e/install/dcs103e_controller/share/dcs103e_controller/cmake/export_dcs103e_controller__rosidl_generator_pyExport-noconfig.cmake
-- Installing: /home/cg-tuf/turtlebot4_flask/clientapp/instance/dcs103e/install/dcs103e_controller/share/dcs103e_controller/cmake/rosidl_cmake-extras.cmake
-- Installing: /home/cg-tuf/turtlebot4_flask/clientapp/instance/dcs103e/install/dcs103e_controller/share/dcs103e_controller/cmake/ament_cmake_export_dependencies-extras.cmake
-- Installing: /home/cg-tuf/turtlebot4_flask/clientapp/instance/dcs103e/install/dcs103e_controller/share/dcs103e_controller/cmake/ament_cmake_export_include_directories-extras.cmake
-- Installing: /home/cg-tuf/turtlebot4_flask/clientapp/instance/dcs103e/install/dcs103e_controller/share/dcs103e_controller/cmake/ament_cmake_export_libraries-extras.cmake
-- Installing: /home/cg-tuf/turtlebot4_flask/clientapp/instance/dcs103e/install/dcs103e_controller/share/dcs103e_controller/cmake/ament_cmake_export_targets-extras.cmake
-- Installing: /home/cg-tuf/turtlebot4_flask/clientapp/instance/dcs103e/install/dcs103e_controller/share/dcs103e_controller/cmake/rosidl_cmake_export_typesupport_targets-extras.cmake
-- Installing: /home/cg-tuf/turtlebot4_flask/clientapp/instance/dcs103e/install/dcs103e_controller/share/dcs103e_controller/cmake/rosidl_cmake_export_typesupport_libraries-extras.cmake
-- Installing: /home/cg-tuf/turtlebot4_flask/clientapp/instance/dcs103e/install/dcs103e_controller/share/dcs103e_controller/cmake/dcs103e_controllerConfig.cmake
-- Installing: /home/cg-tuf/turtlebot4_flask/clientapp/instance/dcs103e/install/dcs103e_controller/share/dcs103e_controller/cmake/dcs103e_controllerConfig-version.cmake
-- Installing: /home/cg-tuf/turtlebot4_flask/clientapp/instance/dcs103e/install/dcs103e_controller/share/dcs103e_controller/package.xml
