[0.645s] Invoking command in '/home/cg-tuf/turtlebot4_flask/piper_ws/src/Piper_ros/src/piper': PYTHONPATH=/home/cg-tuf/turtlebot4_flask/build/piper/prefix_override:/usr/lib/python3/dist-packages/colcon_core/task/python/colcon_distutils_commands:/home/cg-tuf/turtlebot4_flask/install/piper/lib/python3.10/site-packages:${PYTHONPATH} /usr/bin/python3 -W ignore:setup.py install is deprecated -W ignore:easy_install command is deprecated setup.py egg_info --egg-base ../../../../../build/piper build --build-base /home/cg-tuf/turtlebot4_flask/build/piper/build install --record /home/cg-tuf/turtlebot4_flask/build/piper/install.log --single-version-externally-managed install_data
[0.782s] running egg_info
[0.782s] creating ../../../../../build/piper/piper.egg-info
[0.782s] writing ../../../../../build/piper/piper.egg-info/PKG-INFO
[0.782s] writing dependency_links to ../../../../../build/piper/piper.egg-info/dependency_links.txt
[0.782s] writing entry points to ../../../../../build/piper/piper.egg-info/entry_points.txt
[0.782s] writing requirements to ../../../../../build/piper/piper.egg-info/requires.txt
[0.783s] writing top-level names to ../../../../../build/piper/piper.egg-info/top_level.txt
[0.783s] writing manifest file '../../../../../build/piper/piper.egg-info/SOURCES.txt'
[0.784s] reading manifest file '../../../../../build/piper/piper.egg-info/SOURCES.txt'
[0.784s] adding license file 'LICENSE'
[0.784s] writing manifest file '../../../../../build/piper/piper.egg-info/SOURCES.txt'
[0.784s] running build
[0.784s] running build_py
[0.784s] creating /home/cg-tuf/turtlebot4_flask/build/piper/build
[0.784s] creating /home/cg-tuf/turtlebot4_flask/build/piper/build/lib
[0.784s] creating /home/cg-tuf/turtlebot4_flask/build/piper/build/lib/piper
[0.784s] copying piper/piper_ctrl_single_node_new.py -> /home/cg-tuf/turtlebot4_flask/build/piper/build/lib/piper
[0.785s] copying piper/piper_read_slave_joint.py -> /home/cg-tuf/turtlebot4_flask/build/piper/build/lib/piper
[0.785s] copying piper/auto_motion_service.py -> /home/cg-tuf/turtlebot4_flask/build/piper/build/lib/piper
[0.785s] copying piper/auto_motion.py -> /home/cg-tuf/turtlebot4_flask/build/piper/build/lib/piper
[0.785s] copying piper/__init__.py -> /home/cg-tuf/turtlebot4_flask/build/piper/build/lib/piper
[0.785s] copying piper/piper_ctrl_single_node.py -> /home/cg-tuf/turtlebot4_flask/build/piper/build/lib/piper
[0.785s] copying piper/move_arm_service.py -> /home/cg-tuf/turtlebot4_flask/build/piper/build/lib/piper
[0.786s] running install
[0.786s] running install_lib
[0.787s] creating /home/cg-tuf/turtlebot4_flask/install/piper/lib/python3.10/site-packages/piper
[0.787s] copying /home/cg-tuf/turtlebot4_flask/build/piper/build/lib/piper/piper_ctrl_single_node_new.py -> /home/cg-tuf/turtlebot4_flask/install/piper/lib/python3.10/site-packages/piper
[0.787s] copying /home/cg-tuf/turtlebot4_flask/build/piper/build/lib/piper/piper_read_slave_joint.py -> /home/cg-tuf/turtlebot4_flask/install/piper/lib/python3.10/site-packages/piper
[0.787s] copying /home/cg-tuf/turtlebot4_flask/build/piper/build/lib/piper/auto_motion_service.py -> /home/cg-tuf/turtlebot4_flask/install/piper/lib/python3.10/site-packages/piper
[0.787s] copying /home/cg-tuf/turtlebot4_flask/build/piper/build/lib/piper/auto_motion.py -> /home/cg-tuf/turtlebot4_flask/install/piper/lib/python3.10/site-packages/piper
[0.787s] copying /home/cg-tuf/turtlebot4_flask/build/piper/build/lib/piper/__init__.py -> /home/cg-tuf/turtlebot4_flask/install/piper/lib/python3.10/site-packages/piper
[0.787s] copying /home/cg-tuf/turtlebot4_flask/build/piper/build/lib/piper/piper_ctrl_single_node.py -> /home/cg-tuf/turtlebot4_flask/install/piper/lib/python3.10/site-packages/piper
[0.787s] copying /home/cg-tuf/turtlebot4_flask/build/piper/build/lib/piper/move_arm_service.py -> /home/cg-tuf/turtlebot4_flask/install/piper/lib/python3.10/site-packages/piper
[0.787s] byte-compiling /home/cg-tuf/turtlebot4_flask/install/piper/lib/python3.10/site-packages/piper/piper_ctrl_single_node_new.py to piper_ctrl_single_node_new.cpython-310.pyc
[0.790s] byte-compiling /home/cg-tuf/turtlebot4_flask/install/piper/lib/python3.10/site-packages/piper/piper_read_slave_joint.py to piper_read_slave_joint.cpython-310.pyc
[0.792s] byte-compiling /home/cg-tuf/turtlebot4_flask/install/piper/lib/python3.10/site-packages/piper/auto_motion_service.py to auto_motion_service.cpython-310.pyc
[0.792s] byte-compiling /home/cg-tuf/turtlebot4_flask/install/piper/lib/python3.10/site-packages/piper/auto_motion.py to auto_motion.cpython-310.pyc
[0.792s] byte-compiling /home/cg-tuf/turtlebot4_flask/install/piper/lib/python3.10/site-packages/piper/__init__.py to __init__.cpython-310.pyc
[0.792s] byte-compiling /home/cg-tuf/turtlebot4_flask/install/piper/lib/python3.10/site-packages/piper/piper_ctrl_single_node.py to piper_ctrl_single_node.cpython-310.pyc
[0.793s] byte-compiling /home/cg-tuf/turtlebot4_flask/install/piper/lib/python3.10/site-packages/piper/move_arm_service.py to move_arm_service.cpython-310.pyc
[0.793s] running install_data
[0.793s] creating /home/cg-tuf/turtlebot4_flask/install/piper/share/ament_index
[0.793s] creating /home/cg-tuf/turtlebot4_flask/install/piper/share/ament_index/resource_index
[0.793s] creating /home/cg-tuf/turtlebot4_flask/install/piper/share/ament_index/resource_index/packages
[0.793s] copying resource/piper -> /home/cg-tuf/turtlebot4_flask/install/piper/share/ament_index/resource_index/packages
[0.793s] copying package.xml -> /home/cg-tuf/turtlebot4_flask/install/piper/share/piper
[0.793s] creating /home/cg-tuf/turtlebot4_flask/install/piper/share/piper/launch
[0.793s] copying launch/start_single_piper_rviz.launch.py -> /home/cg-tuf/turtlebot4_flask/install/piper/share/piper/launch
[0.793s] copying launch/start_single_piper.launch.py -> /home/cg-tuf/turtlebot4_flask/install/piper/share/piper/launch
[0.794s] copying launch/start_two_piper.launch.py -> /home/cg-tuf/turtlebot4_flask/install/piper/share/piper/launch
[0.794s] running install_egg_info
[0.795s] Copying ../../../../../build/piper/piper.egg-info to /home/cg-tuf/turtlebot4_flask/install/piper/lib/python3.10/site-packages/piper-0.0.0-py3.10.egg-info
[0.796s] running install_scripts
[0.812s] Installing auto_motion script to /home/cg-tuf/turtlebot4_flask/install/piper/lib/piper
[0.812s] Installing auto_motion_service script to /home/cg-tuf/turtlebot4_flask/install/piper/lib/piper
[0.812s] Installing move_arm_service script to /home/cg-tuf/turtlebot4_flask/install/piper/lib/piper
[0.812s] Installing piper_read_slave_joint script to /home/cg-tuf/turtlebot4_flask/install/piper/lib/piper
[0.812s] Installing piper_single_ctrl script to /home/cg-tuf/turtlebot4_flask/install/piper/lib/piper
[0.812s] writing list of installed files to '/home/cg-tuf/turtlebot4_flask/build/piper/install.log'
[0.857s] Invoked command in '/home/cg-tuf/turtlebot4_flask/piper_ws/src/Piper_ros/src/piper' returned '0': PYTHONPATH=/home/cg-tuf/turtlebot4_flask/build/piper/prefix_override:/usr/lib/python3/dist-packages/colcon_core/task/python/colcon_distutils_commands:/home/cg-tuf/turtlebot4_flask/install/piper/lib/python3.10/site-packages:${PYTHONPATH} /usr/bin/python3 -W ignore:setup.py install is deprecated -W ignore:easy_install command is deprecated setup.py egg_info --egg-base ../../../../../build/piper build --build-base /home/cg-tuf/turtlebot4_flask/build/piper/build install --record /home/cg-tuf/turtlebot4_flask/build/piper/install.log --single-version-externally-managed install_data
