-- Found ament_cmake: 1.3.12 (/opt/ros/humble/share/ament_cmake/cmake)
-- Found rclpy: 3.3.17 (/opt/ros/humble/share/rclpy/cmake)
-- Found rosidl_default_generators: 1.2.0 (/opt/ros/humble/share/rosidl_default_generators/cmake)
-- Using all available rosidl_typesupport_c: rosidl_typesupport_fastrtps_c;rosidl_typesupport_introspection_c
-- Found rosidl_adapter: 3.1.7 (/opt/ros/humble/share/rosidl_adapter/cmake)
-- Using all available rosidl_typesupport_cpp: rosidl_typesupport_fastrtps_cpp;rosidl_typesupport_introspection_cpp
-- Found ament_cmake_ros: 0.10.0 (/opt/ros/humble/share/ament_cmake_ros/cmake)
-- Using all available rosidl_typesupport_c: rosidl_typesupport_fastrtps_c;rosidl_typesupport_introspection_c
-- Using all available rosidl_typesupport_cpp: rosidl_typesupport_fastrtps_cpp;rosidl_typesupport_introspection_cpp
-- Found python_cmake_module: 0.10.0 (/opt/ros/humble/share/python_cmake_module/cmake)
-- Using PYTHON_EXECUTABLE: /usr/bin/python3
-- Using PYTHON_INCLUDE_DIRS: /usr/include/python3.10
-- Using PYTHON_LIBRARIES: /usr/lib/x86_64-linux-gnu/libpython3.10.so
-- Found ament_lint_auto: 0.12.14 (/opt/ros/humble/share/ament_lint_auto/cmake)
-- Added test 'lint_cmake' to check CMake code style
-- Added test 'xmllint' to check XML markup files
-- Configuring done
-- Generating done
-- Build files have been written to: /home/cg-tuf/turtlebot4_flask/build/piper_msgs
[35m[1mConsolidate compiler generated dependencies of target piper_msgs__rosidl_generator_c[0m
[  1%] Built target ament_cmake_python_copy_piper_msgs
[  1%] Built target piper_msgs__cpp
[  7%] [32mBuilding C object CMakeFiles/piper_msgs__rosidl_generator_c.dir/rosidl_generator_c/piper_msgs/srv/detail/enable__functions.c.o[0m
[  7%] [32mBuilding C object CMakeFiles/piper_msgs__rosidl_generator_c.dir/rosidl_generator_c/piper_msgs/srv/detail/move_arm__functions.c.o[0m
[  7%] [32mBuilding C object CMakeFiles/piper_msgs__rosidl_generator_c.dir/rosidl_generator_c/piper_msgs/srv/detail/auto_motion_toggle__functions.c.o[0m
[  9%] [32mBuilding C object CMakeFiles/piper_msgs__rosidl_generator_c.dir/rosidl_generator_c/piper_msgs/msg/detail/pos_cmd__functions.c.o[0m
[  9%] [32mBuilding C object CMakeFiles/piper_msgs__rosidl_generator_c.dir/rosidl_generator_c/piper_msgs/msg/detail/piper_status_msg__functions.c.o[0m
[35m[1mConsolidate compiler generated dependencies of target piper_msgs__rosidl_typesupport_cpp[0m
[35m[1mConsolidate compiler generated dependencies of target piper_msgs__rosidl_typesupport_introspection_cpp[0m
[35m[1mConsolidate compiler generated dependencies of target piper_msgs__rosidl_typesupport_fastrtps_cpp[0m
[ 11%] [32mBuilding CXX object CMakeFiles/piper_msgs__rosidl_typesupport_cpp.dir/rosidl_typesupport_cpp/piper_msgs/msg/piper_status_msg__type_support.cpp.o[0m
[ 12%] [32mBuilding CXX object CMakeFiles/piper_msgs__rosidl_typesupport_introspection_cpp.dir/rosidl_typesupport_introspection_cpp/piper_msgs/msg/detail/piper_status_msg__type_support.cpp.o[0m
[ 14%] [32mBuilding CXX object CMakeFiles/piper_msgs__rosidl_typesupport_introspection_cpp.dir/rosidl_typesupport_introspection_cpp/piper_msgs/srv/detail/enable__type_support.cpp.o[0m
[ 19%] [32mBuilding CXX object CMakeFiles/piper_msgs__rosidl_typesupport_cpp.dir/rosidl_typesupport_cpp/piper_msgs/srv/enable__type_support.cpp.o[0m
[ 15%] [32mBuilding CXX object CMakeFiles/piper_msgs__rosidl_typesupport_introspection_cpp.dir/rosidl_typesupport_introspection_cpp/piper_msgs/srv/detail/move_arm__type_support.cpp.o[0m
[ 17%] [32mBuilding CXX object CMakeFiles/piper_msgs__rosidl_typesupport_cpp.dir/rosidl_typesupport_cpp/piper_msgs/msg/pos_cmd__type_support.cpp.o[0m
[ 20%] [32mBuilding CXX object CMakeFiles/piper_msgs__rosidl_typesupport_cpp.dir/rosidl_typesupport_cpp/piper_msgs/srv/move_arm__type_support.cpp.o[0m
[ 22%] [32mBuilding CXX object CMakeFiles/piper_msgs__rosidl_typesupport_introspection_cpp.dir/rosidl_typesupport_introspection_cpp/piper_msgs/msg/detail/pos_cmd__type_support.cpp.o[0m
[ 23%] [32mBuilding CXX object CMakeFiles/piper_msgs__rosidl_typesupport_cpp.dir/rosidl_typesupport_cpp/piper_msgs/srv/auto_motion_toggle__type_support.cpp.o[0m
[ 25%] [32mBuilding CXX object CMakeFiles/piper_msgs__rosidl_typesupport_fastrtps_cpp.dir/rosidl_typesupport_fastrtps_cpp/piper_msgs/msg/detail/dds_fastrtps/piper_status_msg__type_support.cpp.o[0m
[ 26%] [32mBuilding CXX object CMakeFiles/piper_msgs__rosidl_typesupport_fastrtps_cpp.dir/rosidl_typesupport_fastrtps_cpp/piper_msgs/msg/detail/dds_fastrtps/pos_cmd__type_support.cpp.o[0m
[ 28%] [32mBuilding CXX object CMakeFiles/piper_msgs__rosidl_typesupport_fastrtps_cpp.dir/rosidl_typesupport_fastrtps_cpp/piper_msgs/srv/detail/dds_fastrtps/enable__type_support.cpp.o[0m
[ 30%] [32mBuilding CXX object CMakeFiles/piper_msgs__rosidl_typesupport_introspection_cpp.dir/rosidl_typesupport_introspection_cpp/piper_msgs/srv/detail/auto_motion_toggle__type_support.cpp.o[0m
[ 31%] [32m[1mLinking C shared library libpiper_msgs__rosidl_generator_c.so[0m
[ 33%] [32mBuilding CXX object CMakeFiles/piper_msgs__rosidl_typesupport_fastrtps_cpp.dir/rosidl_typesupport_fastrtps_cpp/piper_msgs/srv/detail/dds_fastrtps/move_arm__type_support.cpp.o[0m
[ 34%] Built target piper_msgs__rosidl_generator_c
[35m[1mConsolidate compiler generated dependencies of target piper_msgs__rosidl_typesupport_fastrtps_c[0m
[ 36%] [32mBuilding CXX object CMakeFiles/piper_msgs__rosidl_typesupport_fastrtps_c.dir/rosidl_typesupport_fastrtps_c/piper_msgs/msg/detail/piper_status_msg__type_support_c.cpp.o[0m
running egg_info
writing piper_msgs.egg-info/PKG-INFO
writing dependency_links to piper_msgs.egg-info/dependency_links.txt
writing top-level names to piper_msgs.egg-info/top_level.txt
reading manifest file 'piper_msgs.egg-info/SOURCES.txt'
writing manifest file 'piper_msgs.egg-info/SOURCES.txt'
[ 38%] [32mBuilding CXX object CMakeFiles/piper_msgs__rosidl_typesupport_fastrtps_c.dir/rosidl_typesupport_fastrtps_c/piper_msgs/msg/detail/pos_cmd__type_support_c.cpp.o[0m
[35m[1mConsolidate compiler generated dependencies of target piper_msgs__rosidl_typesupport_c[0m
[35m[1mConsolidate compiler generated dependencies of target piper_msgs__rosidl_typesupport_introspection_c[0m
[ 39%] [32mBuilding CXX object CMakeFiles/piper_msgs__rosidl_typesupport_c.dir/rosidl_typesupport_c/piper_msgs/msg/piper_status_msg__type_support.cpp.o[0m
[ 41%] [32mBuilding C object CMakeFiles/piper_msgs__rosidl_typesupport_introspection_c.dir/rosidl_typesupport_introspection_c/piper_msgs/msg/detail/piper_status_msg__type_support.c.o[0m
[ 41%] Built target ament_cmake_python_build_piper_msgs_egg
[ 42%] [32mBuilding CXX object CMakeFiles/piper_msgs__rosidl_typesupport_c.dir/rosidl_typesupport_c/piper_msgs/msg/pos_cmd__type_support.cpp.o[0m
[ 44%] [32mBuilding CXX object CMakeFiles/piper_msgs__rosidl_typesupport_c.dir/rosidl_typesupport_c/piper_msgs/srv/enable__type_support.cpp.o[0m
[ 46%] [32m[1mLinking CXX shared library libpiper_msgs__rosidl_typesupport_cpp.so[0m
[ 47%] [32mBuilding CXX object CMakeFiles/piper_msgs__rosidl_typesupport_fastrtps_c.dir/rosidl_typesupport_fastrtps_c/piper_msgs/srv/detail/enable__type_support_c.cpp.o[0m
[ 49%] [32mBuilding CXX object CMakeFiles/piper_msgs__rosidl_typesupport_c.dir/rosidl_typesupport_c/piper_msgs/srv/move_arm__type_support.cpp.o[0m
[ 50%] [32mBuilding C object CMakeFiles/piper_msgs__rosidl_typesupport_introspection_c.dir/rosidl_typesupport_introspection_c/piper_msgs/msg/detail/pos_cmd__type_support.c.o[0m
[ 52%] [32mBuilding CXX object CMakeFiles/piper_msgs__rosidl_typesupport_c.dir/rosidl_typesupport_c/piper_msgs/srv/auto_motion_toggle__type_support.cpp.o[0m
[ 53%] [32mBuilding CXX object CMakeFiles/piper_msgs__rosidl_typesupport_fastrtps_c.dir/rosidl_typesupport_fastrtps_c/piper_msgs/srv/detail/move_arm__type_support_c.cpp.o[0m
[ 55%] Built target piper_msgs__rosidl_typesupport_cpp
[ 57%] [32mBuilding C object CMakeFiles/piper_msgs__rosidl_typesupport_introspection_c.dir/rosidl_typesupport_introspection_c/piper_msgs/srv/detail/enable__type_support.c.o[0m
[ 58%] [32mBuilding CXX object CMakeFiles/piper_msgs__rosidl_typesupport_fastrtps_cpp.dir/rosidl_typesupport_fastrtps_cpp/piper_msgs/srv/detail/dds_fastrtps/auto_motion_toggle__type_support.cpp.o[0m
[ 60%] [32mBuilding C object CMakeFiles/piper_msgs__rosidl_typesupport_introspection_c.dir/rosidl_typesupport_introspection_c/piper_msgs/srv/detail/auto_motion_toggle__type_support.c.o[0m
[ 61%] [32mBuilding CXX object CMakeFiles/piper_msgs__rosidl_typesupport_fastrtps_c.dir/rosidl_typesupport_fastrtps_c/piper_msgs/srv/detail/auto_motion_toggle__type_support_c.cpp.o[0m
[ 63%] [32mBuilding C object CMakeFiles/piper_msgs__rosidl_typesupport_introspection_c.dir/rosidl_typesupport_introspection_c/piper_msgs/srv/detail/move_arm__type_support.c.o[0m
[ 65%] [32m[1mLinking CXX shared library libpiper_msgs__rosidl_typesupport_c.so[0m
[ 66%] [32m[1mLinking C shared library libpiper_msgs__rosidl_typesupport_introspection_c.so[0m
[ 68%] Built target piper_msgs__rosidl_typesupport_c
[ 69%] [32m[1mLinking CXX shared library libpiper_msgs__rosidl_typesupport_introspection_cpp.so[0m
[ 71%] Built target piper_msgs__rosidl_typesupport_introspection_c
[ 73%] Built target piper_msgs__rosidl_typesupport_introspection_cpp
[ 74%] [32m[1mLinking CXX shared library libpiper_msgs__rosidl_typesupport_fastrtps_c.so[0m
[ 76%] [32m[1mLinking CXX shared library libpiper_msgs__rosidl_typesupport_fastrtps_cpp.so[0m
[ 77%] Built target piper_msgs__rosidl_typesupport_fastrtps_c
[ 79%] Built target piper_msgs__rosidl_typesupport_fastrtps_cpp
[ 79%] Built target piper_msgs
[ 80%] Built target piper_msgs__py
[35m[1mConsolidate compiler generated dependencies of target piper_msgs__rosidl_generator_py[0m
[ 85%] [32mBuilding C object CMakeFiles/piper_msgs__rosidl_generator_py.dir/rosidl_generator_py/piper_msgs/srv/_move_arm_s.c.o[0m
[ 85%] [32mBuilding C object CMakeFiles/piper_msgs__rosidl_generator_py.dir/rosidl_generator_py/piper_msgs/msg/_piper_status_msg_s.c.o[0m
[ 85%] [32mBuilding C object CMakeFiles/piper_msgs__rosidl_generator_py.dir/rosidl_generator_py/piper_msgs/msg/_pos_cmd_s.c.o[0m
[ 87%] [32mBuilding C object CMakeFiles/piper_msgs__rosidl_generator_py.dir/rosidl_generator_py/piper_msgs/srv/_enable_s.c.o[0m
[ 88%] [32mBuilding C object CMakeFiles/piper_msgs__rosidl_generator_py.dir/rosidl_generator_py/piper_msgs/srv/_auto_motion_toggle_s.c.o[0m
[ 90%] [32m[1mLinking C shared library rosidl_generator_py/piper_msgs/libpiper_msgs__rosidl_generator_py.so[0m
[ 90%] Built target piper_msgs__rosidl_generator_py
[35m[1mConsolidate compiler generated dependencies of target piper_msgs__rosidl_typesupport_introspection_c__pyext[0m
[35m[1mConsolidate compiler generated dependencies of target piper_msgs__rosidl_typesupport_fastrtps_c__pyext[0m
[35m[1mConsolidate compiler generated dependencies of target piper_msgs__rosidl_typesupport_c__pyext[0m
[ 95%] [32mBuilding C object CMakeFiles/piper_msgs__rosidl_typesupport_introspection_c__pyext.dir/rosidl_generator_py/piper_msgs/_piper_msgs_s.ep.rosidl_typesupport_introspection_c.c.o[0m
[ 95%] [32mBuilding C object CMakeFiles/piper_msgs__rosidl_typesupport_fastrtps_c__pyext.dir/rosidl_generator_py/piper_msgs/_piper_msgs_s.ep.rosidl_typesupport_fastrtps_c.c.o[0m
[ 95%] [32mBuilding C object CMakeFiles/piper_msgs__rosidl_typesupport_c__pyext.dir/rosidl_generator_py/piper_msgs/_piper_msgs_s.ep.rosidl_typesupport_c.c.o[0m
[100%] [32m[1mLinking C shared library rosidl_generator_py/piper_msgs/piper_msgs_s__rosidl_typesupport_c.cpython-310-x86_64-linux-gnu.so[0m
[100%] [32m[1mLinking C shared library rosidl_generator_py/piper_msgs/piper_msgs_s__rosidl_typesupport_fastrtps_c.cpython-310-x86_64-linux-gnu.so[0m
[100%] [32m[1mLinking C shared library rosidl_generator_py/piper_msgs/piper_msgs_s__rosidl_typesupport_introspection_c.cpython-310-x86_64-linux-gnu.so[0m
[100%] Built target piper_msgs__rosidl_typesupport_introspection_c__pyext
[100%] Built target piper_msgs__rosidl_typesupport_c__pyext
[100%] Built target piper_msgs__rosidl_typesupport_fastrtps_c__pyext
-- Install configuration: ""
-- Up-to-date: /home/cg-tuf/turtlebot4_flask/install/piper_msgs/share/ament_index/resource_index/rosidl_interfaces/piper_msgs
-- Up-to-date: /home/cg-tuf/turtlebot4_flask/install/piper_msgs/include/piper_msgs/piper_msgs
-- Up-to-date: /home/cg-tuf/turtlebot4_flask/install/piper_msgs/include/piper_msgs/piper_msgs/msg
-- Up-to-date: /home/cg-tuf/turtlebot4_flask/install/piper_msgs/include/piper_msgs/piper_msgs/msg/pos_cmd.h
-- Up-to-date: /home/cg-tuf/turtlebot4_flask/install/piper_msgs/include/piper_msgs/piper_msgs/msg/rosidl_generator_c__visibility_control.h
-- Up-to-date: /home/cg-tuf/turtlebot4_flask/install/piper_msgs/include/piper_msgs/piper_msgs/msg/detail
-- Installing: /home/cg-tuf/turtlebot4_flask/install/piper_msgs/include/piper_msgs/piper_msgs/msg/detail/piper_status_msg__functions.c
-- Up-to-date: /home/cg-tuf/turtlebot4_flask/install/piper_msgs/include/piper_msgs/piper_msgs/msg/detail/pos_cmd__type_support.h
-- Installing: /home/cg-tuf/turtlebot4_flask/install/piper_msgs/include/piper_msgs/piper_msgs/msg/detail/piper_status_msg__type_support.h
-- Installing: /home/cg-tuf/turtlebot4_flask/install/piper_msgs/include/piper_msgs/piper_msgs/msg/detail/piper_status_msg__struct.h
-- Installing: /home/cg-tuf/turtlebot4_flask/install/piper_msgs/include/piper_msgs/piper_msgs/msg/detail/pos_cmd__functions.c
-- Installing: /home/cg-tuf/turtlebot4_flask/install/piper_msgs/include/piper_msgs/piper_msgs/msg/detail/pos_cmd__functions.h
-- Installing: /home/cg-tuf/turtlebot4_flask/install/piper_msgs/include/piper_msgs/piper_msgs/msg/detail/piper_status_msg__functions.h
-- Up-to-date: /home/cg-tuf/turtlebot4_flask/install/piper_msgs/include/piper_msgs/piper_msgs/msg/detail/pos_cmd__struct.h
-- Up-to-date: /home/cg-tuf/turtlebot4_flask/install/piper_msgs/include/piper_msgs/piper_msgs/msg/piper_status_msg.h
-- Up-to-date: /home/cg-tuf/turtlebot4_flask/install/piper_msgs/include/piper_msgs/piper_msgs/srv
-- Up-to-date: /home/cg-tuf/turtlebot4_flask/install/piper_msgs/include/piper_msgs/piper_msgs/srv/move_arm.h
-- Up-to-date: /home/cg-tuf/turtlebot4_flask/install/piper_msgs/include/piper_msgs/piper_msgs/srv/enable.h
-- Up-to-date: /home/cg-tuf/turtlebot4_flask/install/piper_msgs/include/piper_msgs/piper_msgs/srv/detail
-- Up-to-date: /home/cg-tuf/turtlebot4_flask/install/piper_msgs/include/piper_msgs/piper_msgs/srv/detail/enable__functions.c
-- Up-to-date: /home/cg-tuf/turtlebot4_flask/install/piper_msgs/include/piper_msgs/piper_msgs/srv/detail/enable__struct.h
-- Up-to-date: /home/cg-tuf/turtlebot4_flask/install/piper_msgs/include/piper_msgs/piper_msgs/srv/detail/enable__functions.h
-- Up-to-date: /home/cg-tuf/turtlebot4_flask/install/piper_msgs/include/piper_msgs/piper_msgs/srv/detail/enable__type_support.h
-- Up-to-date: /home/cg-tuf/turtlebot4_flask/install/piper_msgs/include/piper_msgs/piper_msgs/srv/detail/auto_motion_toggle__struct.h
-- Up-to-date: /home/cg-tuf/turtlebot4_flask/install/piper_msgs/include/piper_msgs/piper_msgs/srv/detail/auto_motion_toggle__functions.c
-- Up-to-date: /home/cg-tuf/turtlebot4_flask/install/piper_msgs/include/piper_msgs/piper_msgs/srv/detail/move_arm__struct.h
-- Up-to-date: /home/cg-tuf/turtlebot4_flask/install/piper_msgs/include/piper_msgs/piper_msgs/srv/detail/move_arm__functions.c
-- Up-to-date: /home/cg-tuf/turtlebot4_flask/install/piper_msgs/include/piper_msgs/piper_msgs/srv/detail/auto_motion_toggle__type_support.h
-- Up-to-date: /home/cg-tuf/turtlebot4_flask/install/piper_msgs/include/piper_msgs/piper_msgs/srv/detail/auto_motion_toggle__functions.h
-- Up-to-date: /home/cg-tuf/turtlebot4_flask/install/piper_msgs/include/piper_msgs/piper_msgs/srv/detail/move_arm__type_support.h
-- Up-to-date: /home/cg-tuf/turtlebot4_flask/install/piper_msgs/include/piper_msgs/piper_msgs/srv/detail/move_arm__functions.h
-- Up-to-date: /home/cg-tuf/turtlebot4_flask/install/piper_msgs/include/piper_msgs/piper_msgs/srv/auto_motion_toggle.h
-- Installing: /home/cg-tuf/turtlebot4_flask/install/piper_msgs/share/piper_msgs/environment/library_path.sh
-- Installing: /home/cg-tuf/turtlebot4_flask/install/piper_msgs/share/piper_msgs/environment/library_path.dsv
-- Installing: /home/cg-tuf/turtlebot4_flask/install/piper_msgs/lib/libpiper_msgs__rosidl_generator_c.so
-- Set runtime path of "/home/cg-tuf/turtlebot4_flask/install/piper_msgs/lib/libpiper_msgs__rosidl_generator_c.so" to ""
-- Up-to-date: /home/cg-tuf/turtlebot4_flask/install/piper_msgs/include/piper_msgs/piper_msgs
-- Up-to-date: /home/cg-tuf/turtlebot4_flask/install/piper_msgs/include/piper_msgs/piper_msgs/msg
-- Up-to-date: /home/cg-tuf/turtlebot4_flask/install/piper_msgs/include/piper_msgs/piper_msgs/msg/rosidl_typesupport_fastrtps_c__visibility_control.h
-- Up-to-date: /home/cg-tuf/turtlebot4_flask/install/piper_msgs/include/piper_msgs/piper_msgs/msg/detail
-- Up-to-date: /home/cg-tuf/turtlebot4_flask/install/piper_msgs/include/piper_msgs/piper_msgs/msg/detail/piper_status_msg__rosidl_typesupport_fastrtps_c.h
-- Up-to-date: /home/cg-tuf/turtlebot4_flask/install/piper_msgs/include/piper_msgs/piper_msgs/msg/detail/pos_cmd__rosidl_typesupport_fastrtps_c.h
-- Up-to-date: /home/cg-tuf/turtlebot4_flask/install/piper_msgs/include/piper_msgs/piper_msgs/srv
-- Up-to-date: /home/cg-tuf/turtlebot4_flask/install/piper_msgs/include/piper_msgs/piper_msgs/srv/detail
-- Up-to-date: /home/cg-tuf/turtlebot4_flask/install/piper_msgs/include/piper_msgs/piper_msgs/srv/detail/enable__rosidl_typesupport_fastrtps_c.h
-- Up-to-date: /home/cg-tuf/turtlebot4_flask/install/piper_msgs/include/piper_msgs/piper_msgs/srv/detail/auto_motion_toggle__rosidl_typesupport_fastrtps_c.h
-- Up-to-date: /home/cg-tuf/turtlebot4_flask/install/piper_msgs/include/piper_msgs/piper_msgs/srv/detail/move_arm__rosidl_typesupport_fastrtps_c.h
-- Installing: /home/cg-tuf/turtlebot4_flask/install/piper_msgs/lib/libpiper_msgs__rosidl_typesupport_fastrtps_c.so
-- Set runtime path of "/home/cg-tuf/turtlebot4_flask/install/piper_msgs/lib/libpiper_msgs__rosidl_typesupport_fastrtps_c.so" to ""
-- Up-to-date: /home/cg-tuf/turtlebot4_flask/install/piper_msgs/include/piper_msgs/piper_msgs
-- Up-to-date: /home/cg-tuf/turtlebot4_flask/install/piper_msgs/include/piper_msgs/piper_msgs/msg
-- Up-to-date: /home/cg-tuf/turtlebot4_flask/install/piper_msgs/include/piper_msgs/piper_msgs/msg/rosidl_typesupport_introspection_c__visibility_control.h
-- Up-to-date: /home/cg-tuf/turtlebot4_flask/install/piper_msgs/include/piper_msgs/piper_msgs/msg/detail
-- Up-to-date: /home/cg-tuf/turtlebot4_flask/install/piper_msgs/include/piper_msgs/piper_msgs/msg/detail/pos_cmd__rosidl_typesupport_introspection_c.h
-- Up-to-date: /home/cg-tuf/turtlebot4_flask/install/piper_msgs/include/piper_msgs/piper_msgs/msg/detail/piper_status_msg__rosidl_typesupport_introspection_c.h
-- Up-to-date: /home/cg-tuf/turtlebot4_flask/install/piper_msgs/include/piper_msgs/piper_msgs/msg/detail/piper_status_msg__type_support.c
-- Up-to-date: /home/cg-tuf/turtlebot4_flask/install/piper_msgs/include/piper_msgs/piper_msgs/msg/detail/pos_cmd__type_support.c
-- Up-to-date: /home/cg-tuf/turtlebot4_flask/install/piper_msgs/include/piper_msgs/piper_msgs/srv
-- Up-to-date: /home/cg-tuf/turtlebot4_flask/install/piper_msgs/include/piper_msgs/piper_msgs/srv/detail
-- Up-to-date: /home/cg-tuf/turtlebot4_flask/install/piper_msgs/include/piper_msgs/piper_msgs/srv/detail/auto_motion_toggle__rosidl_typesupport_introspection_c.h
-- Up-to-date: /home/cg-tuf/turtlebot4_flask/install/piper_msgs/include/piper_msgs/piper_msgs/srv/detail/move_arm__type_support.c
-- Up-to-date: /home/cg-tuf/turtlebot4_flask/install/piper_msgs/include/piper_msgs/piper_msgs/srv/detail/enable__type_support.c
-- Up-to-date: /home/cg-tuf/turtlebot4_flask/install/piper_msgs/include/piper_msgs/piper_msgs/srv/detail/enable__rosidl_typesupport_introspection_c.h
-- Up-to-date: /home/cg-tuf/turtlebot4_flask/install/piper_msgs/include/piper_msgs/piper_msgs/srv/detail/auto_motion_toggle__type_support.c
-- Up-to-date: /home/cg-tuf/turtlebot4_flask/install/piper_msgs/include/piper_msgs/piper_msgs/srv/detail/move_arm__rosidl_typesupport_introspection_c.h
-- Installing: /home/cg-tuf/turtlebot4_flask/install/piper_msgs/lib/libpiper_msgs__rosidl_typesupport_introspection_c.so
-- Set runtime path of "/home/cg-tuf/turtlebot4_flask/install/piper_msgs/lib/libpiper_msgs__rosidl_typesupport_introspection_c.so" to ""
-- Installing: /home/cg-tuf/turtlebot4_flask/install/piper_msgs/lib/libpiper_msgs__rosidl_typesupport_c.so
-- Set runtime path of "/home/cg-tuf/turtlebot4_flask/install/piper_msgs/lib/libpiper_msgs__rosidl_typesupport_c.so" to ""
-- Up-to-date: /home/cg-tuf/turtlebot4_flask/install/piper_msgs/include/piper_msgs/piper_msgs
-- Up-to-date: /home/cg-tuf/turtlebot4_flask/install/piper_msgs/include/piper_msgs/piper_msgs/msg
-- Up-to-date: /home/cg-tuf/turtlebot4_flask/install/piper_msgs/include/piper_msgs/piper_msgs/msg/piper_status_msg.hpp
-- Up-to-date: /home/cg-tuf/turtlebot4_flask/install/piper_msgs/include/piper_msgs/piper_msgs/msg/pos_cmd.hpp
-- Up-to-date: /home/cg-tuf/turtlebot4_flask/install/piper_msgs/include/piper_msgs/piper_msgs/msg/detail
-- Installing: /home/cg-tuf/turtlebot4_flask/install/piper_msgs/include/piper_msgs/piper_msgs/msg/detail/piper_status_msg__traits.hpp
-- Installing: /home/cg-tuf/turtlebot4_flask/install/piper_msgs/include/piper_msgs/piper_msgs/msg/detail/pos_cmd__struct.hpp
-- Installing: /home/cg-tuf/turtlebot4_flask/install/piper_msgs/include/piper_msgs/piper_msgs/msg/detail/piper_status_msg__builder.hpp
-- Up-to-date: /home/cg-tuf/turtlebot4_flask/install/piper_msgs/include/piper_msgs/piper_msgs/msg/detail/pos_cmd__type_support.hpp
-- Installing: /home/cg-tuf/turtlebot4_flask/install/piper_msgs/include/piper_msgs/piper_msgs/msg/detail/pos_cmd__builder.hpp
-- Installing: /home/cg-tuf/turtlebot4_flask/install/piper_msgs/include/piper_msgs/piper_msgs/msg/detail/pos_cmd__traits.hpp
-- Installing: /home/cg-tuf/turtlebot4_flask/install/piper_msgs/include/piper_msgs/piper_msgs/msg/detail/piper_status_msg__type_support.hpp
-- Installing: /home/cg-tuf/turtlebot4_flask/install/piper_msgs/include/piper_msgs/piper_msgs/msg/detail/piper_status_msg__struct.hpp
-- Up-to-date: /home/cg-tuf/turtlebot4_flask/install/piper_msgs/include/piper_msgs/piper_msgs/msg/rosidl_generator_cpp__visibility_control.hpp
-- Up-to-date: /home/cg-tuf/turtlebot4_flask/install/piper_msgs/include/piper_msgs/piper_msgs/srv
-- Up-to-date: /home/cg-tuf/turtlebot4_flask/install/piper_msgs/include/piper_msgs/piper_msgs/srv/move_arm.hpp
-- Up-to-date: /home/cg-tuf/turtlebot4_flask/install/piper_msgs/include/piper_msgs/piper_msgs/srv/enable.hpp
-- Up-to-date: /home/cg-tuf/turtlebot4_flask/install/piper_msgs/include/piper_msgs/piper_msgs/srv/detail
-- Up-to-date: /home/cg-tuf/turtlebot4_flask/install/piper_msgs/include/piper_msgs/piper_msgs/srv/detail/auto_motion_toggle__builder.hpp
-- Up-to-date: /home/cg-tuf/turtlebot4_flask/install/piper_msgs/include/piper_msgs/piper_msgs/srv/detail/enable__builder.hpp
-- Up-to-date: /home/cg-tuf/turtlebot4_flask/install/piper_msgs/include/piper_msgs/piper_msgs/srv/detail/enable__traits.hpp
-- Up-to-date: /home/cg-tuf/turtlebot4_flask/install/piper_msgs/include/piper_msgs/piper_msgs/srv/detail/enable__type_support.hpp
-- Up-to-date: /home/cg-tuf/turtlebot4_flask/install/piper_msgs/include/piper_msgs/piper_msgs/srv/detail/move_arm__builder.hpp
-- Up-to-date: /home/cg-tuf/turtlebot4_flask/install/piper_msgs/include/piper_msgs/piper_msgs/srv/detail/move_arm__type_support.hpp
-- Up-to-date: /home/cg-tuf/turtlebot4_flask/install/piper_msgs/include/piper_msgs/piper_msgs/srv/detail/auto_motion_toggle__traits.hpp
-- Up-to-date: /home/cg-tuf/turtlebot4_flask/install/piper_msgs/include/piper_msgs/piper_msgs/srv/detail/enable__struct.hpp
-- Up-to-date: /home/cg-tuf/turtlebot4_flask/install/piper_msgs/include/piper_msgs/piper_msgs/srv/detail/move_arm__traits.hpp
-- Up-to-date: /home/cg-tuf/turtlebot4_flask/install/piper_msgs/include/piper_msgs/piper_msgs/srv/detail/auto_motion_toggle__struct.hpp
-- Up-to-date: /home/cg-tuf/turtlebot4_flask/install/piper_msgs/include/piper_msgs/piper_msgs/srv/detail/auto_motion_toggle__type_support.hpp
-- Up-to-date: /home/cg-tuf/turtlebot4_flask/install/piper_msgs/include/piper_msgs/piper_msgs/srv/detail/move_arm__struct.hpp
-- Up-to-date: /home/cg-tuf/turtlebot4_flask/install/piper_msgs/include/piper_msgs/piper_msgs/srv/auto_motion_toggle.hpp
-- Up-to-date: /home/cg-tuf/turtlebot4_flask/install/piper_msgs/include/piper_msgs/piper_msgs
-- Up-to-date: /home/cg-tuf/turtlebot4_flask/install/piper_msgs/include/piper_msgs/piper_msgs/msg
-- Up-to-date: /home/cg-tuf/turtlebot4_flask/install/piper_msgs/include/piper_msgs/piper_msgs/msg/detail
-- Installing: /home/cg-tuf/turtlebot4_flask/install/piper_msgs/include/piper_msgs/piper_msgs/msg/detail/dds_fastrtps
-- Up-to-date: /home/cg-tuf/turtlebot4_flask/install/piper_msgs/include/piper_msgs/piper_msgs/msg/detail/pos_cmd__rosidl_typesupport_fastrtps_cpp.hpp
-- Up-to-date: /home/cg-tuf/turtlebot4_flask/install/piper_msgs/include/piper_msgs/piper_msgs/msg/detail/piper_status_msg__rosidl_typesupport_fastrtps_cpp.hpp
-- Up-to-date: /home/cg-tuf/turtlebot4_flask/install/piper_msgs/include/piper_msgs/piper_msgs/msg/rosidl_typesupport_fastrtps_cpp__visibility_control.h
-- Up-to-date: /home/cg-tuf/turtlebot4_flask/install/piper_msgs/include/piper_msgs/piper_msgs/srv
-- Up-to-date: /home/cg-tuf/turtlebot4_flask/install/piper_msgs/include/piper_msgs/piper_msgs/srv/detail
-- Up-to-date: /home/cg-tuf/turtlebot4_flask/install/piper_msgs/include/piper_msgs/piper_msgs/srv/detail/auto_motion_toggle__rosidl_typesupport_fastrtps_cpp.hpp
-- Up-to-date: /home/cg-tuf/turtlebot4_flask/install/piper_msgs/include/piper_msgs/piper_msgs/srv/detail/move_arm__rosidl_typesupport_fastrtps_cpp.hpp
-- Installing: /home/cg-tuf/turtlebot4_flask/install/piper_msgs/include/piper_msgs/piper_msgs/srv/detail/dds_fastrtps
-- Up-to-date: /home/cg-tuf/turtlebot4_flask/install/piper_msgs/include/piper_msgs/piper_msgs/srv/detail/enable__rosidl_typesupport_fastrtps_cpp.hpp
-- Installing: /home/cg-tuf/turtlebot4_flask/install/piper_msgs/lib/libpiper_msgs__rosidl_typesupport_fastrtps_cpp.so
-- Set runtime path of "/home/cg-tuf/turtlebot4_flask/install/piper_msgs/lib/libpiper_msgs__rosidl_typesupport_fastrtps_cpp.so" to ""
-- Up-to-date: /home/cg-tuf/turtlebot4_flask/install/piper_msgs/include/piper_msgs/piper_msgs
-- Up-to-date: /home/cg-tuf/turtlebot4_flask/install/piper_msgs/include/piper_msgs/piper_msgs/msg
-- Up-to-date: /home/cg-tuf/turtlebot4_flask/install/piper_msgs/include/piper_msgs/piper_msgs/msg/detail
-- Up-to-date: /home/cg-tuf/turtlebot4_flask/install/piper_msgs/include/piper_msgs/piper_msgs/msg/detail/pos_cmd__type_support.cpp
-- Up-to-date: /home/cg-tuf/turtlebot4_flask/install/piper_msgs/include/piper_msgs/piper_msgs/msg/detail/piper_status_msg__type_support.cpp
-- Up-to-date: /home/cg-tuf/turtlebot4_flask/install/piper_msgs/include/piper_msgs/piper_msgs/msg/detail/piper_status_msg__rosidl_typesupport_introspection_cpp.hpp
-- Up-to-date: /home/cg-tuf/turtlebot4_flask/install/piper_msgs/include/piper_msgs/piper_msgs/msg/detail/pos_cmd__rosidl_typesupport_introspection_cpp.hpp
-- Up-to-date: /home/cg-tuf/turtlebot4_flask/install/piper_msgs/include/piper_msgs/piper_msgs/srv
-- Up-to-date: /home/cg-tuf/turtlebot4_flask/install/piper_msgs/include/piper_msgs/piper_msgs/srv/detail
-- Up-to-date: /home/cg-tuf/turtlebot4_flask/install/piper_msgs/include/piper_msgs/piper_msgs/srv/detail/enable__type_support.cpp
-- Up-to-date: /home/cg-tuf/turtlebot4_flask/install/piper_msgs/include/piper_msgs/piper_msgs/srv/detail/enable__rosidl_typesupport_introspection_cpp.hpp
-- Up-to-date: /home/cg-tuf/turtlebot4_flask/install/piper_msgs/include/piper_msgs/piper_msgs/srv/detail/move_arm__type_support.cpp
-- Up-to-date: /home/cg-tuf/turtlebot4_flask/install/piper_msgs/include/piper_msgs/piper_msgs/srv/detail/move_arm__rosidl_typesupport_introspection_cpp.hpp
-- Up-to-date: /home/cg-tuf/turtlebot4_flask/install/piper_msgs/include/piper_msgs/piper_msgs/srv/detail/auto_motion_toggle__rosidl_typesupport_introspection_cpp.hpp
-- Up-to-date: /home/cg-tuf/turtlebot4_flask/install/piper_msgs/include/piper_msgs/piper_msgs/srv/detail/auto_motion_toggle__type_support.cpp
-- Installing: /home/cg-tuf/turtlebot4_flask/install/piper_msgs/lib/libpiper_msgs__rosidl_typesupport_introspection_cpp.so
-- Set runtime path of "/home/cg-tuf/turtlebot4_flask/install/piper_msgs/lib/libpiper_msgs__rosidl_typesupport_introspection_cpp.so" to ""
-- Installing: /home/cg-tuf/turtlebot4_flask/install/piper_msgs/lib/libpiper_msgs__rosidl_typesupport_cpp.so
-- Set runtime path of "/home/cg-tuf/turtlebot4_flask/install/piper_msgs/lib/libpiper_msgs__rosidl_typesupport_cpp.so" to ""
-- Up-to-date: /home/cg-tuf/turtlebot4_flask/install/piper_msgs/share/piper_msgs/environment/pythonpath.sh
-- Installing: /home/cg-tuf/turtlebot4_flask/install/piper_msgs/share/piper_msgs/environment/pythonpath.dsv
-- Up-to-date: /home/cg-tuf/turtlebot4_flask/install/piper_msgs/local/lib/python3.10/dist-packages/piper_msgs-0.0.0-py3.10.egg-info
-- Installing: /home/cg-tuf/turtlebot4_flask/install/piper_msgs/local/lib/python3.10/dist-packages/piper_msgs-0.0.0-py3.10.egg-info/SOURCES.txt
-- Installing: /home/cg-tuf/turtlebot4_flask/install/piper_msgs/local/lib/python3.10/dist-packages/piper_msgs-0.0.0-py3.10.egg-info/top_level.txt
-- Installing: /home/cg-tuf/turtlebot4_flask/install/piper_msgs/local/lib/python3.10/dist-packages/piper_msgs-0.0.0-py3.10.egg-info/dependency_links.txt
-- Installing: /home/cg-tuf/turtlebot4_flask/install/piper_msgs/local/lib/python3.10/dist-packages/piper_msgs-0.0.0-py3.10.egg-info/PKG-INFO
-- Up-to-date: /home/cg-tuf/turtlebot4_flask/install/piper_msgs/local/lib/python3.10/dist-packages/piper_msgs
-- Up-to-date: /home/cg-tuf/turtlebot4_flask/install/piper_msgs/local/lib/python3.10/dist-packages/piper_msgs/msg
-- Up-to-date: /home/cg-tuf/turtlebot4_flask/install/piper_msgs/local/lib/python3.10/dist-packages/piper_msgs/msg/_piper_status_msg_s.c
-- Up-to-date: /home/cg-tuf/turtlebot4_flask/install/piper_msgs/local/lib/python3.10/dist-packages/piper_msgs/msg/_piper_status_msg.py
-- Up-to-date: /home/cg-tuf/turtlebot4_flask/install/piper_msgs/local/lib/python3.10/dist-packages/piper_msgs/msg/_pos_cmd.py
-- Up-to-date: /home/cg-tuf/turtlebot4_flask/install/piper_msgs/local/lib/python3.10/dist-packages/piper_msgs/msg/_pos_cmd_s.c
-- Up-to-date: /home/cg-tuf/turtlebot4_flask/install/piper_msgs/local/lib/python3.10/dist-packages/piper_msgs/msg/__init__.py
-- Installing: /home/cg-tuf/turtlebot4_flask/install/piper_msgs/local/lib/python3.10/dist-packages/piper_msgs/piper_msgs_s__rosidl_typesupport_introspection_c.cpython-310-x86_64-linux-gnu.so
-- Installing: /home/cg-tuf/turtlebot4_flask/install/piper_msgs/local/lib/python3.10/dist-packages/piper_msgs/libpiper_msgs__rosidl_generator_py.so
-- Up-to-date: /home/cg-tuf/turtlebot4_flask/install/piper_msgs/local/lib/python3.10/dist-packages/piper_msgs/_piper_msgs_s.ep.rosidl_typesupport_c.c
-- Up-to-date: /home/cg-tuf/turtlebot4_flask/install/piper_msgs/local/lib/python3.10/dist-packages/piper_msgs/srv
-- Up-to-date: /home/cg-tuf/turtlebot4_flask/install/piper_msgs/local/lib/python3.10/dist-packages/piper_msgs/srv/_enable_s.c
-- Up-to-date: /home/cg-tuf/turtlebot4_flask/install/piper_msgs/local/lib/python3.10/dist-packages/piper_msgs/srv/_move_arm_s.c
-- Up-to-date: /home/cg-tuf/turtlebot4_flask/install/piper_msgs/local/lib/python3.10/dist-packages/piper_msgs/srv/_auto_motion_toggle.py
-- Up-to-date: /home/cg-tuf/turtlebot4_flask/install/piper_msgs/local/lib/python3.10/dist-packages/piper_msgs/srv/_enable.py
-- Up-to-date: /home/cg-tuf/turtlebot4_flask/install/piper_msgs/local/lib/python3.10/dist-packages/piper_msgs/srv/_auto_motion_toggle_s.c
-- Up-to-date: /home/cg-tuf/turtlebot4_flask/install/piper_msgs/local/lib/python3.10/dist-packages/piper_msgs/srv/__init__.py
-- Up-to-date: /home/cg-tuf/turtlebot4_flask/install/piper_msgs/local/lib/python3.10/dist-packages/piper_msgs/srv/_move_arm.py
-- Up-to-date: /home/cg-tuf/turtlebot4_flask/install/piper_msgs/local/lib/python3.10/dist-packages/piper_msgs/_piper_msgs_s.ep.rosidl_typesupport_introspection_c.c
-- Up-to-date: /home/cg-tuf/turtlebot4_flask/install/piper_msgs/local/lib/python3.10/dist-packages/piper_msgs/_piper_msgs_s.ep.rosidl_typesupport_fastrtps_c.c
-- Installing: /home/cg-tuf/turtlebot4_flask/install/piper_msgs/local/lib/python3.10/dist-packages/piper_msgs/piper_msgs_s__rosidl_typesupport_c.cpython-310-x86_64-linux-gnu.so
-- Installing: /home/cg-tuf/turtlebot4_flask/install/piper_msgs/local/lib/python3.10/dist-packages/piper_msgs/__init__.py
-- Installing: /home/cg-tuf/turtlebot4_flask/install/piper_msgs/local/lib/python3.10/dist-packages/piper_msgs/piper_msgs_s__rosidl_typesupport_fastrtps_c.cpython-310-x86_64-linux-gnu.so
Listing '/home/cg-tuf/turtlebot4_flask/install/piper_msgs/local/lib/python3.10/dist-packages/piper_msgs'...
Compiling '/home/cg-tuf/turtlebot4_flask/install/piper_msgs/local/lib/python3.10/dist-packages/piper_msgs/__init__.py'...
Listing '/home/cg-tuf/turtlebot4_flask/install/piper_msgs/local/lib/python3.10/dist-packages/piper_msgs/msg'...
Compiling '/home/cg-tuf/turtlebot4_flask/install/piper_msgs/local/lib/python3.10/dist-packages/piper_msgs/msg/__init__.py'...
Compiling '/home/cg-tuf/turtlebot4_flask/install/piper_msgs/local/lib/python3.10/dist-packages/piper_msgs/msg/_piper_status_msg.py'...
Compiling '/home/cg-tuf/turtlebot4_flask/install/piper_msgs/local/lib/python3.10/dist-packages/piper_msgs/msg/_pos_cmd.py'...
Listing '/home/cg-tuf/turtlebot4_flask/install/piper_msgs/local/lib/python3.10/dist-packages/piper_msgs/srv'...
Compiling '/home/cg-tuf/turtlebot4_flask/install/piper_msgs/local/lib/python3.10/dist-packages/piper_msgs/srv/__init__.py'...
Compiling '/home/cg-tuf/turtlebot4_flask/install/piper_msgs/local/lib/python3.10/dist-packages/piper_msgs/srv/_auto_motion_toggle.py'...
Compiling '/home/cg-tuf/turtlebot4_flask/install/piper_msgs/local/lib/python3.10/dist-packages/piper_msgs/srv/_enable.py'...
Compiling '/home/cg-tuf/turtlebot4_flask/install/piper_msgs/local/lib/python3.10/dist-packages/piper_msgs/srv/_move_arm.py'...
-- Installing: /home/cg-tuf/turtlebot4_flask/install/piper_msgs/local/lib/python3.10/dist-packages/piper_msgs/piper_msgs_s__rosidl_typesupport_fastrtps_c.cpython-310-x86_64-linux-gnu.so
-- Set runtime path of "/home/cg-tuf/turtlebot4_flask/install/piper_msgs/local/lib/python3.10/dist-packages/piper_msgs/piper_msgs_s__rosidl_typesupport_fastrtps_c.cpython-310-x86_64-linux-gnu.so" to ""
-- Installing: /home/cg-tuf/turtlebot4_flask/install/piper_msgs/local/lib/python3.10/dist-packages/piper_msgs/piper_msgs_s__rosidl_typesupport_introspection_c.cpython-310-x86_64-linux-gnu.so
-- Set runtime path of "/home/cg-tuf/turtlebot4_flask/install/piper_msgs/local/lib/python3.10/dist-packages/piper_msgs/piper_msgs_s__rosidl_typesupport_introspection_c.cpython-310-x86_64-linux-gnu.so" to ""
-- Installing: /home/cg-tuf/turtlebot4_flask/install/piper_msgs/local/lib/python3.10/dist-packages/piper_msgs/piper_msgs_s__rosidl_typesupport_c.cpython-310-x86_64-linux-gnu.so
-- Set runtime path of "/home/cg-tuf/turtlebot4_flask/install/piper_msgs/local/lib/python3.10/dist-packages/piper_msgs/piper_msgs_s__rosidl_typesupport_c.cpython-310-x86_64-linux-gnu.so" to ""
-- Installing: /home/cg-tuf/turtlebot4_flask/install/piper_msgs/lib/libpiper_msgs__rosidl_generator_py.so
-- Set runtime path of "/home/cg-tuf/turtlebot4_flask/install/piper_msgs/lib/libpiper_msgs__rosidl_generator_py.so" to ""
-- Up-to-date: /home/cg-tuf/turtlebot4_flask/install/piper_msgs/share/piper_msgs/msg/PiperStatusMsg.idl
-- Up-to-date: /home/cg-tuf/turtlebot4_flask/install/piper_msgs/share/piper_msgs/msg/PosCmd.idl
-- Up-to-date: /home/cg-tuf/turtlebot4_flask/install/piper_msgs/share/piper_msgs/srv/Enable.idl
-- Up-to-date: /home/cg-tuf/turtlebot4_flask/install/piper_msgs/share/piper_msgs/srv/MoveArm.idl
-- Up-to-date: /home/cg-tuf/turtlebot4_flask/install/piper_msgs/share/piper_msgs/srv/AutoMotionToggle.idl
-- Installing: /home/cg-tuf/turtlebot4_flask/install/piper_msgs/share/piper_msgs/msg/PiperStatusMsg.msg
-- Installing: /home/cg-tuf/turtlebot4_flask/install/piper_msgs/share/piper_msgs/msg/PosCmd.msg
-- Installing: /home/cg-tuf/turtlebot4_flask/install/piper_msgs/share/piper_msgs/srv/Enable.srv
-- Up-to-date: /home/cg-tuf/turtlebot4_flask/install/piper_msgs/share/piper_msgs/srv/Enable_Request.msg
-- Up-to-date: /home/cg-tuf/turtlebot4_flask/install/piper_msgs/share/piper_msgs/srv/Enable_Response.msg
-- Installing: /home/cg-tuf/turtlebot4_flask/install/piper_msgs/share/piper_msgs/srv/MoveArm.srv
-- Up-to-date: /home/cg-tuf/turtlebot4_flask/install/piper_msgs/share/piper_msgs/srv/MoveArm_Request.msg
-- Up-to-date: /home/cg-tuf/turtlebot4_flask/install/piper_msgs/share/piper_msgs/srv/MoveArm_Response.msg
-- Installing: /home/cg-tuf/turtlebot4_flask/install/piper_msgs/share/piper_msgs/srv/AutoMotionToggle.srv
-- Up-to-date: /home/cg-tuf/turtlebot4_flask/install/piper_msgs/share/piper_msgs/srv/AutoMotionToggle_Request.msg
-- Up-to-date: /home/cg-tuf/turtlebot4_flask/install/piper_msgs/share/piper_msgs/srv/AutoMotionToggle_Response.msg
-- Up-to-date: /home/cg-tuf/turtlebot4_flask/install/piper_msgs/share/ament_index/resource_index/package_run_dependencies/piper_msgs
-- Up-to-date: /home/cg-tuf/turtlebot4_flask/install/piper_msgs/share/ament_index/resource_index/parent_prefix_path/piper_msgs
-- Installing: /home/cg-tuf/turtlebot4_flask/install/piper_msgs/share/piper_msgs/environment/ament_prefix_path.sh
-- Installing: /home/cg-tuf/turtlebot4_flask/install/piper_msgs/share/piper_msgs/environment/ament_prefix_path.dsv
-- Installing: /home/cg-tuf/turtlebot4_flask/install/piper_msgs/share/piper_msgs/environment/path.sh
-- Installing: /home/cg-tuf/turtlebot4_flask/install/piper_msgs/share/piper_msgs/environment/path.dsv
-- Up-to-date: /home/cg-tuf/turtlebot4_flask/install/piper_msgs/share/piper_msgs/local_setup.bash
-- Up-to-date: /home/cg-tuf/turtlebot4_flask/install/piper_msgs/share/piper_msgs/local_setup.sh
-- Up-to-date: /home/cg-tuf/turtlebot4_flask/install/piper_msgs/share/piper_msgs/local_setup.zsh
-- Installing: /home/cg-tuf/turtlebot4_flask/install/piper_msgs/share/piper_msgs/local_setup.dsv
-- Installing: /home/cg-tuf/turtlebot4_flask/install/piper_msgs/share/piper_msgs/package.dsv
-- Up-to-date: /home/cg-tuf/turtlebot4_flask/install/piper_msgs/share/ament_index/resource_index/packages/piper_msgs
-- Up-to-date: /home/cg-tuf/turtlebot4_flask/install/piper_msgs/share/piper_msgs/cmake/export_piper_msgs__rosidl_generator_cExport.cmake
-- Up-to-date: /home/cg-tuf/turtlebot4_flask/install/piper_msgs/share/piper_msgs/cmake/export_piper_msgs__rosidl_generator_cExport-noconfig.cmake
-- Up-to-date: /home/cg-tuf/turtlebot4_flask/install/piper_msgs/share/piper_msgs/cmake/export_piper_msgs__rosidl_typesupport_fastrtps_cExport.cmake
-- Up-to-date: /home/cg-tuf/turtlebot4_flask/install/piper_msgs/share/piper_msgs/cmake/export_piper_msgs__rosidl_typesupport_fastrtps_cExport-noconfig.cmake
-- Up-to-date: /home/cg-tuf/turtlebot4_flask/install/piper_msgs/share/piper_msgs/cmake/piper_msgs__rosidl_typesupport_introspection_cExport.cmake
-- Up-to-date: /home/cg-tuf/turtlebot4_flask/install/piper_msgs/share/piper_msgs/cmake/piper_msgs__rosidl_typesupport_introspection_cExport-noconfig.cmake
-- Up-to-date: /home/cg-tuf/turtlebot4_flask/install/piper_msgs/share/piper_msgs/cmake/piper_msgs__rosidl_typesupport_cExport.cmake
-- Up-to-date: /home/cg-tuf/turtlebot4_flask/install/piper_msgs/share/piper_msgs/cmake/piper_msgs__rosidl_typesupport_cExport-noconfig.cmake
-- Up-to-date: /home/cg-tuf/turtlebot4_flask/install/piper_msgs/share/piper_msgs/cmake/export_piper_msgs__rosidl_generator_cppExport.cmake
-- Up-to-date: /home/cg-tuf/turtlebot4_flask/install/piper_msgs/share/piper_msgs/cmake/export_piper_msgs__rosidl_typesupport_fastrtps_cppExport.cmake
-- Up-to-date: /home/cg-tuf/turtlebot4_flask/install/piper_msgs/share/piper_msgs/cmake/export_piper_msgs__rosidl_typesupport_fastrtps_cppExport-noconfig.cmake
-- Up-to-date: /home/cg-tuf/turtlebot4_flask/install/piper_msgs/share/piper_msgs/cmake/piper_msgs__rosidl_typesupport_introspection_cppExport.cmake
-- Up-to-date: /home/cg-tuf/turtlebot4_flask/install/piper_msgs/share/piper_msgs/cmake/piper_msgs__rosidl_typesupport_introspection_cppExport-noconfig.cmake
-- Up-to-date: /home/cg-tuf/turtlebot4_flask/install/piper_msgs/share/piper_msgs/cmake/piper_msgs__rosidl_typesupport_cppExport.cmake
-- Up-to-date: /home/cg-tuf/turtlebot4_flask/install/piper_msgs/share/piper_msgs/cmake/piper_msgs__rosidl_typesupport_cppExport-noconfig.cmake
-- Up-to-date: /home/cg-tuf/turtlebot4_flask/install/piper_msgs/share/piper_msgs/cmake/export_piper_msgs__rosidl_generator_pyExport.cmake
-- Up-to-date: /home/cg-tuf/turtlebot4_flask/install/piper_msgs/share/piper_msgs/cmake/export_piper_msgs__rosidl_generator_pyExport-noconfig.cmake
-- Up-to-date: /home/cg-tuf/turtlebot4_flask/install/piper_msgs/share/piper_msgs/cmake/rosidl_cmake-extras.cmake
-- Up-to-date: /home/cg-tuf/turtlebot4_flask/install/piper_msgs/share/piper_msgs/cmake/ament_cmake_export_include_directories-extras.cmake
-- Up-to-date: /home/cg-tuf/turtlebot4_flask/install/piper_msgs/share/piper_msgs/cmake/ament_cmake_export_libraries-extras.cmake
-- Up-to-date: /home/cg-tuf/turtlebot4_flask/install/piper_msgs/share/piper_msgs/cmake/ament_cmake_export_targets-extras.cmake
-- Up-to-date: /home/cg-tuf/turtlebot4_flask/install/piper_msgs/share/piper_msgs/cmake/rosidl_cmake_export_typesupport_targets-extras.cmake
-- Up-to-date: /home/cg-tuf/turtlebot4_flask/install/piper_msgs/share/piper_msgs/cmake/ament_cmake_export_dependencies-extras.cmake
-- Up-to-date: /home/cg-tuf/turtlebot4_flask/install/piper_msgs/share/piper_msgs/cmake/rosidl_cmake_export_typesupport_libraries-extras.cmake
-- Up-to-date: /home/cg-tuf/turtlebot4_flask/install/piper_msgs/share/piper_msgs/cmake/piper_msgsConfig.cmake
-- Up-to-date: /home/cg-tuf/turtlebot4_flask/install/piper_msgs/share/piper_msgs/cmake/piper_msgsConfig-version.cmake
-- Installing: /home/cg-tuf/turtlebot4_flask/install/piper_msgs/share/piper_msgs/package.xml
