[0.021s] Invoking command in '/home/cg-tuf/turtlebot4_flask/build/piper_msgs': CMAKE_PREFIX_PATH=/opt/ros/humble /usr/bin/cmake --build /home/cg-tuf/turtlebot4_flask/build/piper_msgs -- -j16 -l16
[0.189s] -- Found ament_cmake: 1.3.12 (/opt/ros/humble/share/ament_cmake/cmake)
[0.189s] -- Found rclpy: 3.3.17 (/opt/ros/humble/share/rclpy/cmake)
[0.189s] -- Found rosidl_default_generators: 1.2.0 (/opt/ros/humble/share/rosidl_default_generators/cmake)
[0.189s] -- Using all available rosidl_typesupport_c: rosidl_typesupport_fastrtps_c;rosidl_typesupport_introspection_c
[0.189s] -- Found rosidl_adapter: 3.1.7 (/opt/ros/humble/share/rosidl_adapter/cmake)
[0.189s] -- Using all available rosidl_typesupport_cpp: rosidl_typesupport_fastrtps_cpp;rosidl_typesupport_introspection_cpp
[0.389s] -- Found ament_cmake_ros: 0.10.0 (/opt/ros/humble/share/ament_cmake_ros/cmake)
[0.552s] -- Using all available rosidl_typesupport_c: rosidl_typesupport_fastrtps_c;rosidl_typesupport_introspection_c
[0.708s] -- Using all available rosidl_typesupport_cpp: rosidl_typesupport_fastrtps_cpp;rosidl_typesupport_introspection_cpp
[0.726s] -- Found python_cmake_module: 0.10.0 (/opt/ros/humble/share/python_cmake_module/cmake)
[0.742s] -- Using PYTHON_EXECUTABLE: /usr/bin/python3
[0.742s] -- Using PYTHON_INCLUDE_DIRS: /usr/include/python3.10
[0.742s] -- Using PYTHON_LIBRARIES: /usr/lib/x86_64-linux-gnu/libpython3.10.so
[0.750s] -- Found ament_lint_auto: 0.12.14 (/opt/ros/humble/share/ament_lint_auto/cmake)
[0.757s] -- Added test 'lint_cmake' to check CMake code style
[0.758s] -- Added test 'xmllint' to check XML markup files
[0.759s] -- Configuring done
[0.783s] -- Generating done
[0.791s] -- Build files have been written to: /home/cg-tuf/turtlebot4_flask/build/piper_msgs
[0.822s] [35m[1mConsolidate compiler generated dependencies of target piper_msgs__rosidl_generator_c[0m
[0.830s] [  1%] Built target ament_cmake_python_copy_piper_msgs
[0.830s] [  1%] Built target piper_msgs__cpp
[0.832s] [  7%] [32mBuilding C object CMakeFiles/piper_msgs__rosidl_generator_c.dir/rosidl_generator_c/piper_msgs/srv/detail/enable__functions.c.o[0m
[0.833s] [  7%] [32mBuilding C object CMakeFiles/piper_msgs__rosidl_generator_c.dir/rosidl_generator_c/piper_msgs/srv/detail/move_arm__functions.c.o[0m
[0.833s] [  7%] [32mBuilding C object CMakeFiles/piper_msgs__rosidl_generator_c.dir/rosidl_generator_c/piper_msgs/srv/detail/auto_motion_toggle__functions.c.o[0m
[0.833s] [  9%] [32mBuilding C object CMakeFiles/piper_msgs__rosidl_generator_c.dir/rosidl_generator_c/piper_msgs/msg/detail/pos_cmd__functions.c.o[0m
[0.833s] [  9%] [32mBuilding C object CMakeFiles/piper_msgs__rosidl_generator_c.dir/rosidl_generator_c/piper_msgs/msg/detail/piper_status_msg__functions.c.o[0m
[0.841s] [35m[1mConsolidate compiler generated dependencies of target piper_msgs__rosidl_typesupport_cpp[0m
[0.841s] [35m[1mConsolidate compiler generated dependencies of target piper_msgs__rosidl_typesupport_introspection_cpp[0m
[0.843s] [35m[1mConsolidate compiler generated dependencies of target piper_msgs__rosidl_typesupport_fastrtps_cpp[0m
[0.860s] [ 11%] [32mBuilding CXX object CMakeFiles/piper_msgs__rosidl_typesupport_cpp.dir/rosidl_typesupport_cpp/piper_msgs/msg/piper_status_msg__type_support.cpp.o[0m
[0.860s] [ 12%] [32mBuilding CXX object CMakeFiles/piper_msgs__rosidl_typesupport_introspection_cpp.dir/rosidl_typesupport_introspection_cpp/piper_msgs/msg/detail/piper_status_msg__type_support.cpp.o[0m
[0.866s] [ 14%] [32mBuilding CXX object CMakeFiles/piper_msgs__rosidl_typesupport_introspection_cpp.dir/rosidl_typesupport_introspection_cpp/piper_msgs/srv/detail/enable__type_support.cpp.o[0m
[0.866s] [ 19%] [32mBuilding CXX object CMakeFiles/piper_msgs__rosidl_typesupport_cpp.dir/rosidl_typesupport_cpp/piper_msgs/srv/enable__type_support.cpp.o[0m
[0.867s] [ 15%] [32mBuilding CXX object CMakeFiles/piper_msgs__rosidl_typesupport_introspection_cpp.dir/rosidl_typesupport_introspection_cpp/piper_msgs/srv/detail/move_arm__type_support.cpp.o[0m
[0.867s] [ 17%] [32mBuilding CXX object CMakeFiles/piper_msgs__rosidl_typesupport_cpp.dir/rosidl_typesupport_cpp/piper_msgs/msg/pos_cmd__type_support.cpp.o[0m
[0.867s] [ 20%] [32mBuilding CXX object CMakeFiles/piper_msgs__rosidl_typesupport_cpp.dir/rosidl_typesupport_cpp/piper_msgs/srv/move_arm__type_support.cpp.o[0m
[0.867s] [ 22%] [32mBuilding CXX object CMakeFiles/piper_msgs__rosidl_typesupport_introspection_cpp.dir/rosidl_typesupport_introspection_cpp/piper_msgs/msg/detail/pos_cmd__type_support.cpp.o[0m
[0.870s] [ 23%] [32mBuilding CXX object CMakeFiles/piper_msgs__rosidl_typesupport_cpp.dir/rosidl_typesupport_cpp/piper_msgs/srv/auto_motion_toggle__type_support.cpp.o[0m
[0.879s] [ 25%] [32mBuilding CXX object CMakeFiles/piper_msgs__rosidl_typesupport_fastrtps_cpp.dir/rosidl_typesupport_fastrtps_cpp/piper_msgs/msg/detail/dds_fastrtps/piper_status_msg__type_support.cpp.o[0m
[0.914s] [ 26%] [32mBuilding CXX object CMakeFiles/piper_msgs__rosidl_typesupport_fastrtps_cpp.dir/rosidl_typesupport_fastrtps_cpp/piper_msgs/msg/detail/dds_fastrtps/pos_cmd__type_support.cpp.o[0m
[0.916s] [ 28%] [32mBuilding CXX object CMakeFiles/piper_msgs__rosidl_typesupport_fastrtps_cpp.dir/rosidl_typesupport_fastrtps_cpp/piper_msgs/srv/detail/dds_fastrtps/enable__type_support.cpp.o[0m
[0.918s] [ 30%] [32mBuilding CXX object CMakeFiles/piper_msgs__rosidl_typesupport_introspection_cpp.dir/rosidl_typesupport_introspection_cpp/piper_msgs/srv/detail/auto_motion_toggle__type_support.cpp.o[0m
[0.923s] [ 31%] [32m[1mLinking C shared library libpiper_msgs__rosidl_generator_c.so[0m
[0.923s] [ 33%] [32mBuilding CXX object CMakeFiles/piper_msgs__rosidl_typesupport_fastrtps_cpp.dir/rosidl_typesupport_fastrtps_cpp/piper_msgs/srv/detail/dds_fastrtps/move_arm__type_support.cpp.o[0m
[1.011s] [ 34%] Built target piper_msgs__rosidl_generator_c
[1.031s] [35m[1mConsolidate compiler generated dependencies of target piper_msgs__rosidl_typesupport_fastrtps_c[0m
[1.066s] [ 36%] [32mBuilding CXX object CMakeFiles/piper_msgs__rosidl_typesupport_fastrtps_c.dir/rosidl_typesupport_fastrtps_c/piper_msgs/msg/detail/piper_status_msg__type_support_c.cpp.o[0m
[1.211s] running egg_info
[1.212s] writing piper_msgs.egg-info/PKG-INFO
[1.216s] writing dependency_links to piper_msgs.egg-info/dependency_links.txt
[1.216s] writing top-level names to piper_msgs.egg-info/top_level.txt
[1.223s] reading manifest file 'piper_msgs.egg-info/SOURCES.txt'
[1.227s] writing manifest file 'piper_msgs.egg-info/SOURCES.txt'
[1.276s] [ 38%] [32mBuilding CXX object CMakeFiles/piper_msgs__rosidl_typesupport_fastrtps_c.dir/rosidl_typesupport_fastrtps_c/piper_msgs/msg/detail/pos_cmd__type_support_c.cpp.o[0m
[1.280s] [35m[1mConsolidate compiler generated dependencies of target piper_msgs__rosidl_typesupport_c[0m
[1.283s] [35m[1mConsolidate compiler generated dependencies of target piper_msgs__rosidl_typesupport_introspection_c[0m
[1.310s] [ 39%] [32mBuilding CXX object CMakeFiles/piper_msgs__rosidl_typesupport_c.dir/rosidl_typesupport_c/piper_msgs/msg/piper_status_msg__type_support.cpp.o[0m
[1.311s] [ 41%] [32mBuilding C object CMakeFiles/piper_msgs__rosidl_typesupport_introspection_c.dir/rosidl_typesupport_introspection_c/piper_msgs/msg/detail/piper_status_msg__type_support.c.o[0m
[1.321s] [ 41%] Built target ament_cmake_python_build_piper_msgs_egg
[1.340s] [ 42%] [32mBuilding CXX object CMakeFiles/piper_msgs__rosidl_typesupport_c.dir/rosidl_typesupport_c/piper_msgs/msg/pos_cmd__type_support.cpp.o[0m
[1.345s] [ 44%] [32mBuilding CXX object CMakeFiles/piper_msgs__rosidl_typesupport_c.dir/rosidl_typesupport_c/piper_msgs/srv/enable__type_support.cpp.o[0m
[1.375s] [ 46%] [32m[1mLinking CXX shared library libpiper_msgs__rosidl_typesupport_cpp.so[0m
[1.378s] [ 47%] [32mBuilding CXX object CMakeFiles/piper_msgs__rosidl_typesupport_fastrtps_c.dir/rosidl_typesupport_fastrtps_c/piper_msgs/srv/detail/enable__type_support_c.cpp.o[0m
[1.378s] [ 49%] [32mBuilding CXX object CMakeFiles/piper_msgs__rosidl_typesupport_c.dir/rosidl_typesupport_c/piper_msgs/srv/move_arm__type_support.cpp.o[0m
[1.386s] [ 50%] [32mBuilding C object CMakeFiles/piper_msgs__rosidl_typesupport_introspection_c.dir/rosidl_typesupport_introspection_c/piper_msgs/msg/detail/pos_cmd__type_support.c.o[0m
[1.397s] [ 52%] [32mBuilding CXX object CMakeFiles/piper_msgs__rosidl_typesupport_c.dir/rosidl_typesupport_c/piper_msgs/srv/auto_motion_toggle__type_support.cpp.o[0m
[1.416s] [ 53%] [32mBuilding CXX object CMakeFiles/piper_msgs__rosidl_typesupport_fastrtps_c.dir/rosidl_typesupport_fastrtps_c/piper_msgs/srv/detail/move_arm__type_support_c.cpp.o[0m
[1.442s] [ 55%] Built target piper_msgs__rosidl_typesupport_cpp
[1.444s] [ 57%] [32mBuilding C object CMakeFiles/piper_msgs__rosidl_typesupport_introspection_c.dir/rosidl_typesupport_introspection_c/piper_msgs/srv/detail/enable__type_support.c.o[0m
[1.450s] [ 58%] [32mBuilding CXX object CMakeFiles/piper_msgs__rosidl_typesupport_fastrtps_cpp.dir/rosidl_typesupport_fastrtps_cpp/piper_msgs/srv/detail/dds_fastrtps/auto_motion_toggle__type_support.cpp.o[0m
[1.458s] [ 60%] [32mBuilding C object CMakeFiles/piper_msgs__rosidl_typesupport_introspection_c.dir/rosidl_typesupport_introspection_c/piper_msgs/srv/detail/auto_motion_toggle__type_support.c.o[0m
[1.460s] [ 61%] [32mBuilding CXX object CMakeFiles/piper_msgs__rosidl_typesupport_fastrtps_c.dir/rosidl_typesupport_fastrtps_c/piper_msgs/srv/detail/auto_motion_toggle__type_support_c.cpp.o[0m
[1.473s] [ 63%] [32mBuilding C object CMakeFiles/piper_msgs__rosidl_typesupport_introspection_c.dir/rosidl_typesupport_introspection_c/piper_msgs/srv/detail/move_arm__type_support.c.o[0m
[1.499s] [ 65%] [32m[1mLinking CXX shared library libpiper_msgs__rosidl_typesupport_c.so[0m
[1.558s] [ 66%] [32m[1mLinking C shared library libpiper_msgs__rosidl_typesupport_introspection_c.so[0m
[1.588s] [ 68%] Built target piper_msgs__rosidl_typesupport_c
[1.609s] [ 69%] [32m[1mLinking CXX shared library libpiper_msgs__rosidl_typesupport_introspection_cpp.so[0m
[1.625s] [ 71%] Built target piper_msgs__rosidl_typesupport_introspection_c
[1.667s] [ 73%] Built target piper_msgs__rosidl_typesupport_introspection_cpp
[1.848s] [ 74%] [32m[1mLinking CXX shared library libpiper_msgs__rosidl_typesupport_fastrtps_c.so[0m
[1.881s] [ 76%] [32m[1mLinking CXX shared library libpiper_msgs__rosidl_typesupport_fastrtps_cpp.so[0m
[1.936s] [ 77%] Built target piper_msgs__rosidl_typesupport_fastrtps_c
[1.956s] [ 79%] Built target piper_msgs__rosidl_typesupport_fastrtps_cpp
[1.972s] [ 79%] Built target piper_msgs
[1.991s] [ 80%] Built target piper_msgs__py
[2.001s] [35m[1mConsolidate compiler generated dependencies of target piper_msgs__rosidl_generator_py[0m
[2.015s] [ 85%] [32mBuilding C object CMakeFiles/piper_msgs__rosidl_generator_py.dir/rosidl_generator_py/piper_msgs/srv/_move_arm_s.c.o[0m
[2.015s] [ 85%] [32mBuilding C object CMakeFiles/piper_msgs__rosidl_generator_py.dir/rosidl_generator_py/piper_msgs/msg/_piper_status_msg_s.c.o[0m
[2.015s] [ 85%] [32mBuilding C object CMakeFiles/piper_msgs__rosidl_generator_py.dir/rosidl_generator_py/piper_msgs/msg/_pos_cmd_s.c.o[0m
[2.015s] [ 87%] [32mBuilding C object CMakeFiles/piper_msgs__rosidl_generator_py.dir/rosidl_generator_py/piper_msgs/srv/_enable_s.c.o[0m
[2.015s] [ 88%] [32mBuilding C object CMakeFiles/piper_msgs__rosidl_generator_py.dir/rosidl_generator_py/piper_msgs/srv/_auto_motion_toggle_s.c.o[0m
[2.125s] [ 90%] [32m[1mLinking C shared library rosidl_generator_py/piper_msgs/libpiper_msgs__rosidl_generator_py.so[0m
[2.157s] [ 90%] Built target piper_msgs__rosidl_generator_py
[2.166s] [35m[1mConsolidate compiler generated dependencies of target piper_msgs__rosidl_typesupport_introspection_c__pyext[0m
[2.166s] [35m[1mConsolidate compiler generated dependencies of target piper_msgs__rosidl_typesupport_fastrtps_c__pyext[0m
[2.166s] [35m[1mConsolidate compiler generated dependencies of target piper_msgs__rosidl_typesupport_c__pyext[0m
[2.176s] [ 95%] [32mBuilding C object CMakeFiles/piper_msgs__rosidl_typesupport_introspection_c__pyext.dir/rosidl_generator_py/piper_msgs/_piper_msgs_s.ep.rosidl_typesupport_introspection_c.c.o[0m
[2.176s] [ 95%] [32mBuilding C object CMakeFiles/piper_msgs__rosidl_typesupport_fastrtps_c__pyext.dir/rosidl_generator_py/piper_msgs/_piper_msgs_s.ep.rosidl_typesupport_fastrtps_c.c.o[0m
[2.177s] [ 95%] [32mBuilding C object CMakeFiles/piper_msgs__rosidl_typesupport_c__pyext.dir/rosidl_generator_py/piper_msgs/_piper_msgs_s.ep.rosidl_typesupport_c.c.o[0m
[2.268s] [100%] [32m[1mLinking C shared library rosidl_generator_py/piper_msgs/piper_msgs_s__rosidl_typesupport_c.cpython-310-x86_64-linux-gnu.so[0m
[2.269s] [100%] [32m[1mLinking C shared library rosidl_generator_py/piper_msgs/piper_msgs_s__rosidl_typesupport_fastrtps_c.cpython-310-x86_64-linux-gnu.so[0m
[2.269s] [100%] [32m[1mLinking C shared library rosidl_generator_py/piper_msgs/piper_msgs_s__rosidl_typesupport_introspection_c.cpython-310-x86_64-linux-gnu.so[0m
[2.298s] [100%] Built target piper_msgs__rosidl_typesupport_introspection_c__pyext
[2.298s] [100%] Built target piper_msgs__rosidl_typesupport_c__pyext
[2.298s] [100%] Built target piper_msgs__rosidl_typesupport_fastrtps_c__pyext
[2.311s] Invoked command in '/home/cg-tuf/turtlebot4_flask/build/piper_msgs' returned '0': CMAKE_PREFIX_PATH=/opt/ros/humble /usr/bin/cmake --build /home/cg-tuf/turtlebot4_flask/build/piper_msgs -- -j16 -l16
[2.313s] Invoking command in '/home/cg-tuf/turtlebot4_flask/build/piper_msgs': CMAKE_PREFIX_PATH=/opt/ros/humble /usr/bin/cmake --install /home/cg-tuf/turtlebot4_flask/build/piper_msgs
[2.319s] -- Install configuration: ""
[2.320s] -- Up-to-date: /home/cg-tuf/turtlebot4_flask/install/piper_msgs/share/ament_index/resource_index/rosidl_interfaces/piper_msgs
[2.320s] -- Up-to-date: /home/cg-tuf/turtlebot4_flask/install/piper_msgs/include/piper_msgs/piper_msgs
[2.320s] -- Up-to-date: /home/cg-tuf/turtlebot4_flask/install/piper_msgs/include/piper_msgs/piper_msgs/msg
[2.320s] -- Up-to-date: /home/cg-tuf/turtlebot4_flask/install/piper_msgs/include/piper_msgs/piper_msgs/msg/pos_cmd.h
[2.320s] -- Up-to-date: /home/cg-tuf/turtlebot4_flask/install/piper_msgs/include/piper_msgs/piper_msgs/msg/rosidl_generator_c__visibility_control.h
[2.320s] -- Up-to-date: /home/cg-tuf/turtlebot4_flask/install/piper_msgs/include/piper_msgs/piper_msgs/msg/detail
[2.320s] -- Installing: /home/cg-tuf/turtlebot4_flask/install/piper_msgs/include/piper_msgs/piper_msgs/msg/detail/piper_status_msg__functions.c
[2.320s] -- Up-to-date: /home/cg-tuf/turtlebot4_flask/install/piper_msgs/include/piper_msgs/piper_msgs/msg/detail/pos_cmd__type_support.h
[2.320s] -- Installing: /home/cg-tuf/turtlebot4_flask/install/piper_msgs/include/piper_msgs/piper_msgs/msg/detail/piper_status_msg__type_support.h
[2.320s] -- Installing: /home/cg-tuf/turtlebot4_flask/install/piper_msgs/include/piper_msgs/piper_msgs/msg/detail/piper_status_msg__struct.h
[2.320s] -- Installing: /home/cg-tuf/turtlebot4_flask/install/piper_msgs/include/piper_msgs/piper_msgs/msg/detail/pos_cmd__functions.c
[2.320s] -- Installing: /home/cg-tuf/turtlebot4_flask/install/piper_msgs/include/piper_msgs/piper_msgs/msg/detail/pos_cmd__functions.h
[2.320s] -- Installing: /home/cg-tuf/turtlebot4_flask/install/piper_msgs/include/piper_msgs/piper_msgs/msg/detail/piper_status_msg__functions.h
[2.320s] -- Up-to-date: /home/cg-tuf/turtlebot4_flask/install/piper_msgs/include/piper_msgs/piper_msgs/msg/detail/pos_cmd__struct.h
[2.320s] -- Up-to-date: /home/cg-tuf/turtlebot4_flask/install/piper_msgs/include/piper_msgs/piper_msgs/msg/piper_status_msg.h
[2.320s] -- Up-to-date: /home/cg-tuf/turtlebot4_flask/install/piper_msgs/include/piper_msgs/piper_msgs/srv
[2.320s] -- Up-to-date: /home/cg-tuf/turtlebot4_flask/install/piper_msgs/include/piper_msgs/piper_msgs/srv/move_arm.h
[2.321s] -- Up-to-date: /home/cg-tuf/turtlebot4_flask/install/piper_msgs/include/piper_msgs/piper_msgs/srv/enable.h
[2.321s] -- Up-to-date: /home/cg-tuf/turtlebot4_flask/install/piper_msgs/include/piper_msgs/piper_msgs/srv/detail
[2.321s] -- Up-to-date: /home/cg-tuf/turtlebot4_flask/install/piper_msgs/include/piper_msgs/piper_msgs/srv/detail/enable__functions.c
[2.321s] -- Up-to-date: /home/cg-tuf/turtlebot4_flask/install/piper_msgs/include/piper_msgs/piper_msgs/srv/detail/enable__struct.h
[2.321s] -- Up-to-date: /home/cg-tuf/turtlebot4_flask/install/piper_msgs/include/piper_msgs/piper_msgs/srv/detail/enable__functions.h
[2.321s] -- Up-to-date: /home/cg-tuf/turtlebot4_flask/install/piper_msgs/include/piper_msgs/piper_msgs/srv/detail/enable__type_support.h
[2.321s] -- Up-to-date: /home/cg-tuf/turtlebot4_flask/install/piper_msgs/include/piper_msgs/piper_msgs/srv/detail/auto_motion_toggle__struct.h
[2.321s] -- Up-to-date: /home/cg-tuf/turtlebot4_flask/install/piper_msgs/include/piper_msgs/piper_msgs/srv/detail/auto_motion_toggle__functions.c
[2.321s] -- Up-to-date: /home/cg-tuf/turtlebot4_flask/install/piper_msgs/include/piper_msgs/piper_msgs/srv/detail/move_arm__struct.h
[2.321s] -- Up-to-date: /home/cg-tuf/turtlebot4_flask/install/piper_msgs/include/piper_msgs/piper_msgs/srv/detail/move_arm__functions.c
[2.321s] -- Up-to-date: /home/cg-tuf/turtlebot4_flask/install/piper_msgs/include/piper_msgs/piper_msgs/srv/detail/auto_motion_toggle__type_support.h
[2.321s] -- Up-to-date: /home/cg-tuf/turtlebot4_flask/install/piper_msgs/include/piper_msgs/piper_msgs/srv/detail/auto_motion_toggle__functions.h
[2.321s] -- Up-to-date: /home/cg-tuf/turtlebot4_flask/install/piper_msgs/include/piper_msgs/piper_msgs/srv/detail/move_arm__type_support.h
[2.321s] -- Up-to-date: /home/cg-tuf/turtlebot4_flask/install/piper_msgs/include/piper_msgs/piper_msgs/srv/detail/move_arm__functions.h
[2.321s] -- Up-to-date: /home/cg-tuf/turtlebot4_flask/install/piper_msgs/include/piper_msgs/piper_msgs/srv/auto_motion_toggle.h
[2.321s] -- Installing: /home/cg-tuf/turtlebot4_flask/install/piper_msgs/share/piper_msgs/environment/library_path.sh
[2.321s] -- Installing: /home/cg-tuf/turtlebot4_flask/install/piper_msgs/share/piper_msgs/environment/library_path.dsv
[2.321s] -- Installing: /home/cg-tuf/turtlebot4_flask/install/piper_msgs/lib/libpiper_msgs__rosidl_generator_c.so
[2.321s] -- Set runtime path of "/home/cg-tuf/turtlebot4_flask/install/piper_msgs/lib/libpiper_msgs__rosidl_generator_c.so" to ""
[2.322s] -- Up-to-date: /home/cg-tuf/turtlebot4_flask/install/piper_msgs/include/piper_msgs/piper_msgs
[2.322s] -- Up-to-date: /home/cg-tuf/turtlebot4_flask/install/piper_msgs/include/piper_msgs/piper_msgs/msg
[2.322s] -- Up-to-date: /home/cg-tuf/turtlebot4_flask/install/piper_msgs/include/piper_msgs/piper_msgs/msg/rosidl_typesupport_fastrtps_c__visibility_control.h
[2.322s] -- Up-to-date: /home/cg-tuf/turtlebot4_flask/install/piper_msgs/include/piper_msgs/piper_msgs/msg/detail
[2.322s] -- Up-to-date: /home/cg-tuf/turtlebot4_flask/install/piper_msgs/include/piper_msgs/piper_msgs/msg/detail/piper_status_msg__rosidl_typesupport_fastrtps_c.h
[2.322s] -- Up-to-date: /home/cg-tuf/turtlebot4_flask/install/piper_msgs/include/piper_msgs/piper_msgs/msg/detail/pos_cmd__rosidl_typesupport_fastrtps_c.h
[2.322s] -- Up-to-date: /home/cg-tuf/turtlebot4_flask/install/piper_msgs/include/piper_msgs/piper_msgs/srv
[2.322s] -- Up-to-date: /home/cg-tuf/turtlebot4_flask/install/piper_msgs/include/piper_msgs/piper_msgs/srv/detail
[2.322s] -- Up-to-date: /home/cg-tuf/turtlebot4_flask/install/piper_msgs/include/piper_msgs/piper_msgs/srv/detail/enable__rosidl_typesupport_fastrtps_c.h
[2.322s] -- Up-to-date: /home/cg-tuf/turtlebot4_flask/install/piper_msgs/include/piper_msgs/piper_msgs/srv/detail/auto_motion_toggle__rosidl_typesupport_fastrtps_c.h
[2.322s] -- Up-to-date: /home/cg-tuf/turtlebot4_flask/install/piper_msgs/include/piper_msgs/piper_msgs/srv/detail/move_arm__rosidl_typesupport_fastrtps_c.h
[2.322s] -- Installing: /home/cg-tuf/turtlebot4_flask/install/piper_msgs/lib/libpiper_msgs__rosidl_typesupport_fastrtps_c.so
[2.322s] -- Set runtime path of "/home/cg-tuf/turtlebot4_flask/install/piper_msgs/lib/libpiper_msgs__rosidl_typesupport_fastrtps_c.so" to ""
[2.322s] -- Up-to-date: /home/cg-tuf/turtlebot4_flask/install/piper_msgs/include/piper_msgs/piper_msgs
[2.322s] -- Up-to-date: /home/cg-tuf/turtlebot4_flask/install/piper_msgs/include/piper_msgs/piper_msgs/msg
[2.322s] -- Up-to-date: /home/cg-tuf/turtlebot4_flask/install/piper_msgs/include/piper_msgs/piper_msgs/msg/rosidl_typesupport_introspection_c__visibility_control.h
[2.322s] -- Up-to-date: /home/cg-tuf/turtlebot4_flask/install/piper_msgs/include/piper_msgs/piper_msgs/msg/detail
[2.322s] -- Up-to-date: /home/cg-tuf/turtlebot4_flask/install/piper_msgs/include/piper_msgs/piper_msgs/msg/detail/pos_cmd__rosidl_typesupport_introspection_c.h
[2.322s] -- Up-to-date: /home/cg-tuf/turtlebot4_flask/install/piper_msgs/include/piper_msgs/piper_msgs/msg/detail/piper_status_msg__rosidl_typesupport_introspection_c.h
[2.322s] -- Up-to-date: /home/cg-tuf/turtlebot4_flask/install/piper_msgs/include/piper_msgs/piper_msgs/msg/detail/piper_status_msg__type_support.c
[2.323s] -- Up-to-date: /home/cg-tuf/turtlebot4_flask/install/piper_msgs/include/piper_msgs/piper_msgs/msg/detail/pos_cmd__type_support.c
[2.323s] -- Up-to-date: /home/cg-tuf/turtlebot4_flask/install/piper_msgs/include/piper_msgs/piper_msgs/srv
[2.323s] -- Up-to-date: /home/cg-tuf/turtlebot4_flask/install/piper_msgs/include/piper_msgs/piper_msgs/srv/detail
[2.323s] -- Up-to-date: /home/cg-tuf/turtlebot4_flask/install/piper_msgs/include/piper_msgs/piper_msgs/srv/detail/auto_motion_toggle__rosidl_typesupport_introspection_c.h
[2.323s] -- Up-to-date: /home/cg-tuf/turtlebot4_flask/install/piper_msgs/include/piper_msgs/piper_msgs/srv/detail/move_arm__type_support.c
[2.323s] -- Up-to-date: /home/cg-tuf/turtlebot4_flask/install/piper_msgs/include/piper_msgs/piper_msgs/srv/detail/enable__type_support.c
[2.323s] -- Up-to-date: /home/cg-tuf/turtlebot4_flask/install/piper_msgs/include/piper_msgs/piper_msgs/srv/detail/enable__rosidl_typesupport_introspection_c.h
[2.323s] -- Up-to-date: /home/cg-tuf/turtlebot4_flask/install/piper_msgs/include/piper_msgs/piper_msgs/srv/detail/auto_motion_toggle__type_support.c
[2.323s] -- Up-to-date: /home/cg-tuf/turtlebot4_flask/install/piper_msgs/include/piper_msgs/piper_msgs/srv/detail/move_arm__rosidl_typesupport_introspection_c.h
[2.323s] -- Installing: /home/cg-tuf/turtlebot4_flask/install/piper_msgs/lib/libpiper_msgs__rosidl_typesupport_introspection_c.so
[2.323s] -- Set runtime path of "/home/cg-tuf/turtlebot4_flask/install/piper_msgs/lib/libpiper_msgs__rosidl_typesupport_introspection_c.so" to ""
[2.323s] -- Installing: /home/cg-tuf/turtlebot4_flask/install/piper_msgs/lib/libpiper_msgs__rosidl_typesupport_c.so
[2.323s] -- Set runtime path of "/home/cg-tuf/turtlebot4_flask/install/piper_msgs/lib/libpiper_msgs__rosidl_typesupport_c.so" to ""
[2.323s] -- Up-to-date: /home/cg-tuf/turtlebot4_flask/install/piper_msgs/include/piper_msgs/piper_msgs
[2.324s] -- Up-to-date: /home/cg-tuf/turtlebot4_flask/install/piper_msgs/include/piper_msgs/piper_msgs/msg
[2.324s] -- Up-to-date: /home/cg-tuf/turtlebot4_flask/install/piper_msgs/include/piper_msgs/piper_msgs/msg/piper_status_msg.hpp
[2.324s] -- Up-to-date: /home/cg-tuf/turtlebot4_flask/install/piper_msgs/include/piper_msgs/piper_msgs/msg/pos_cmd.hpp
[2.324s] -- Up-to-date: /home/cg-tuf/turtlebot4_flask/install/piper_msgs/include/piper_msgs/piper_msgs/msg/detail
[2.324s] -- Installing: /home/cg-tuf/turtlebot4_flask/install/piper_msgs/include/piper_msgs/piper_msgs/msg/detail/piper_status_msg__traits.hpp
[2.324s] -- Installing: /home/cg-tuf/turtlebot4_flask/install/piper_msgs/include/piper_msgs/piper_msgs/msg/detail/pos_cmd__struct.hpp
[2.324s] -- Installing: /home/cg-tuf/turtlebot4_flask/install/piper_msgs/include/piper_msgs/piper_msgs/msg/detail/piper_status_msg__builder.hpp
[2.324s] -- Up-to-date: /home/cg-tuf/turtlebot4_flask/install/piper_msgs/include/piper_msgs/piper_msgs/msg/detail/pos_cmd__type_support.hpp
[2.324s] -- Installing: /home/cg-tuf/turtlebot4_flask/install/piper_msgs/include/piper_msgs/piper_msgs/msg/detail/pos_cmd__builder.hpp
[2.324s] -- Installing: /home/cg-tuf/turtlebot4_flask/install/piper_msgs/include/piper_msgs/piper_msgs/msg/detail/pos_cmd__traits.hpp
[2.324s] -- Installing: /home/cg-tuf/turtlebot4_flask/install/piper_msgs/include/piper_msgs/piper_msgs/msg/detail/piper_status_msg__type_support.hpp
[2.324s] -- Installing: /home/cg-tuf/turtlebot4_flask/install/piper_msgs/include/piper_msgs/piper_msgs/msg/detail/piper_status_msg__struct.hpp
[2.324s] -- Up-to-date: /home/cg-tuf/turtlebot4_flask/install/piper_msgs/include/piper_msgs/piper_msgs/msg/rosidl_generator_cpp__visibility_control.hpp
[2.324s] -- Up-to-date: /home/cg-tuf/turtlebot4_flask/install/piper_msgs/include/piper_msgs/piper_msgs/srv
[2.324s] -- Up-to-date: /home/cg-tuf/turtlebot4_flask/install/piper_msgs/include/piper_msgs/piper_msgs/srv/move_arm.hpp
[2.324s] -- Up-to-date: /home/cg-tuf/turtlebot4_flask/install/piper_msgs/include/piper_msgs/piper_msgs/srv/enable.hpp
[2.324s] -- Up-to-date: /home/cg-tuf/turtlebot4_flask/install/piper_msgs/include/piper_msgs/piper_msgs/srv/detail
[2.324s] -- Up-to-date: /home/cg-tuf/turtlebot4_flask/install/piper_msgs/include/piper_msgs/piper_msgs/srv/detail/auto_motion_toggle__builder.hpp
[2.324s] -- Up-to-date: /home/cg-tuf/turtlebot4_flask/install/piper_msgs/include/piper_msgs/piper_msgs/srv/detail/enable__builder.hpp
[2.325s] -- Up-to-date: /home/cg-tuf/turtlebot4_flask/install/piper_msgs/include/piper_msgs/piper_msgs/srv/detail/enable__traits.hpp
[2.325s] -- Up-to-date: /home/cg-tuf/turtlebot4_flask/install/piper_msgs/include/piper_msgs/piper_msgs/srv/detail/enable__type_support.hpp
[2.325s] -- Up-to-date: /home/cg-tuf/turtlebot4_flask/install/piper_msgs/include/piper_msgs/piper_msgs/srv/detail/move_arm__builder.hpp
[2.325s] -- Up-to-date: /home/cg-tuf/turtlebot4_flask/install/piper_msgs/include/piper_msgs/piper_msgs/srv/detail/move_arm__type_support.hpp
[2.325s] -- Up-to-date: /home/cg-tuf/turtlebot4_flask/install/piper_msgs/include/piper_msgs/piper_msgs/srv/detail/auto_motion_toggle__traits.hpp
[2.325s] -- Up-to-date: /home/cg-tuf/turtlebot4_flask/install/piper_msgs/include/piper_msgs/piper_msgs/srv/detail/enable__struct.hpp
[2.325s] -- Up-to-date: /home/cg-tuf/turtlebot4_flask/install/piper_msgs/include/piper_msgs/piper_msgs/srv/detail/move_arm__traits.hpp
[2.325s] -- Up-to-date: /home/cg-tuf/turtlebot4_flask/install/piper_msgs/include/piper_msgs/piper_msgs/srv/detail/auto_motion_toggle__struct.hpp
[2.325s] -- Up-to-date: /home/cg-tuf/turtlebot4_flask/install/piper_msgs/include/piper_msgs/piper_msgs/srv/detail/auto_motion_toggle__type_support.hpp
[2.325s] -- Up-to-date: /home/cg-tuf/turtlebot4_flask/install/piper_msgs/include/piper_msgs/piper_msgs/srv/detail/move_arm__struct.hpp
[2.325s] -- Up-to-date: /home/cg-tuf/turtlebot4_flask/install/piper_msgs/include/piper_msgs/piper_msgs/srv/auto_motion_toggle.hpp
[2.325s] -- Up-to-date: /home/cg-tuf/turtlebot4_flask/install/piper_msgs/include/piper_msgs/piper_msgs
[2.325s] -- Up-to-date: /home/cg-tuf/turtlebot4_flask/install/piper_msgs/include/piper_msgs/piper_msgs/msg
[2.325s] -- Up-to-date: /home/cg-tuf/turtlebot4_flask/install/piper_msgs/include/piper_msgs/piper_msgs/msg/detail
[2.325s] -- Installing: /home/cg-tuf/turtlebot4_flask/install/piper_msgs/include/piper_msgs/piper_msgs/msg/detail/dds_fastrtps
[2.325s] -- Up-to-date: /home/cg-tuf/turtlebot4_flask/install/piper_msgs/include/piper_msgs/piper_msgs/msg/detail/pos_cmd__rosidl_typesupport_fastrtps_cpp.hpp
[2.325s] -- Up-to-date: /home/cg-tuf/turtlebot4_flask/install/piper_msgs/include/piper_msgs/piper_msgs/msg/detail/piper_status_msg__rosidl_typesupport_fastrtps_cpp.hpp
[2.325s] -- Up-to-date: /home/cg-tuf/turtlebot4_flask/install/piper_msgs/include/piper_msgs/piper_msgs/msg/rosidl_typesupport_fastrtps_cpp__visibility_control.h
[2.325s] -- Up-to-date: /home/cg-tuf/turtlebot4_flask/install/piper_msgs/include/piper_msgs/piper_msgs/srv
[2.325s] -- Up-to-date: /home/cg-tuf/turtlebot4_flask/install/piper_msgs/include/piper_msgs/piper_msgs/srv/detail
[2.325s] -- Up-to-date: /home/cg-tuf/turtlebot4_flask/install/piper_msgs/include/piper_msgs/piper_msgs/srv/detail/auto_motion_toggle__rosidl_typesupport_fastrtps_cpp.hpp
[2.325s] -- Up-to-date: /home/cg-tuf/turtlebot4_flask/install/piper_msgs/include/piper_msgs/piper_msgs/srv/detail/move_arm__rosidl_typesupport_fastrtps_cpp.hpp
[2.325s] -- Installing: /home/cg-tuf/turtlebot4_flask/install/piper_msgs/include/piper_msgs/piper_msgs/srv/detail/dds_fastrtps
[2.325s] -- Up-to-date: /home/cg-tuf/turtlebot4_flask/install/piper_msgs/include/piper_msgs/piper_msgs/srv/detail/enable__rosidl_typesupport_fastrtps_cpp.hpp
[2.325s] -- Installing: /home/cg-tuf/turtlebot4_flask/install/piper_msgs/lib/libpiper_msgs__rosidl_typesupport_fastrtps_cpp.so
[2.326s] -- Set runtime path of "/home/cg-tuf/turtlebot4_flask/install/piper_msgs/lib/libpiper_msgs__rosidl_typesupport_fastrtps_cpp.so" to ""
[2.326s] -- Up-to-date: /home/cg-tuf/turtlebot4_flask/install/piper_msgs/include/piper_msgs/piper_msgs
[2.326s] -- Up-to-date: /home/cg-tuf/turtlebot4_flask/install/piper_msgs/include/piper_msgs/piper_msgs/msg
[2.326s] -- Up-to-date: /home/cg-tuf/turtlebot4_flask/install/piper_msgs/include/piper_msgs/piper_msgs/msg/detail
[2.326s] -- Up-to-date: /home/cg-tuf/turtlebot4_flask/install/piper_msgs/include/piper_msgs/piper_msgs/msg/detail/pos_cmd__type_support.cpp
[2.326s] -- Up-to-date: /home/cg-tuf/turtlebot4_flask/install/piper_msgs/include/piper_msgs/piper_msgs/msg/detail/piper_status_msg__type_support.cpp
[2.326s] -- Up-to-date: /home/cg-tuf/turtlebot4_flask/install/piper_msgs/include/piper_msgs/piper_msgs/msg/detail/piper_status_msg__rosidl_typesupport_introspection_cpp.hpp
[2.326s] -- Up-to-date: /home/cg-tuf/turtlebot4_flask/install/piper_msgs/include/piper_msgs/piper_msgs/msg/detail/pos_cmd__rosidl_typesupport_introspection_cpp.hpp
[2.326s] -- Up-to-date: /home/cg-tuf/turtlebot4_flask/install/piper_msgs/include/piper_msgs/piper_msgs/srv
[2.326s] -- Up-to-date: /home/cg-tuf/turtlebot4_flask/install/piper_msgs/include/piper_msgs/piper_msgs/srv/detail
[2.326s] -- Up-to-date: /home/cg-tuf/turtlebot4_flask/install/piper_msgs/include/piper_msgs/piper_msgs/srv/detail/enable__type_support.cpp
[2.326s] -- Up-to-date: /home/cg-tuf/turtlebot4_flask/install/piper_msgs/include/piper_msgs/piper_msgs/srv/detail/enable__rosidl_typesupport_introspection_cpp.hpp
[2.326s] -- Up-to-date: /home/cg-tuf/turtlebot4_flask/install/piper_msgs/include/piper_msgs/piper_msgs/srv/detail/move_arm__type_support.cpp
[2.326s] -- Up-to-date: /home/cg-tuf/turtlebot4_flask/install/piper_msgs/include/piper_msgs/piper_msgs/srv/detail/move_arm__rosidl_typesupport_introspection_cpp.hpp
[2.326s] -- Up-to-date: /home/cg-tuf/turtlebot4_flask/install/piper_msgs/include/piper_msgs/piper_msgs/srv/detail/auto_motion_toggle__rosidl_typesupport_introspection_cpp.hpp
[2.326s] -- Up-to-date: /home/cg-tuf/turtlebot4_flask/install/piper_msgs/include/piper_msgs/piper_msgs/srv/detail/auto_motion_toggle__type_support.cpp
[2.326s] -- Installing: /home/cg-tuf/turtlebot4_flask/install/piper_msgs/lib/libpiper_msgs__rosidl_typesupport_introspection_cpp.so
[2.326s] -- Set runtime path of "/home/cg-tuf/turtlebot4_flask/install/piper_msgs/lib/libpiper_msgs__rosidl_typesupport_introspection_cpp.so" to ""
[2.326s] -- Installing: /home/cg-tuf/turtlebot4_flask/install/piper_msgs/lib/libpiper_msgs__rosidl_typesupport_cpp.so
[2.327s] -- Set runtime path of "/home/cg-tuf/turtlebot4_flask/install/piper_msgs/lib/libpiper_msgs__rosidl_typesupport_cpp.so" to ""
[2.327s] -- Up-to-date: /home/cg-tuf/turtlebot4_flask/install/piper_msgs/share/piper_msgs/environment/pythonpath.sh
[2.327s] -- Installing: /home/cg-tuf/turtlebot4_flask/install/piper_msgs/share/piper_msgs/environment/pythonpath.dsv
[2.327s] -- Up-to-date: /home/cg-tuf/turtlebot4_flask/install/piper_msgs/local/lib/python3.10/dist-packages/piper_msgs-0.0.0-py3.10.egg-info
[2.327s] -- Installing: /home/cg-tuf/turtlebot4_flask/install/piper_msgs/local/lib/python3.10/dist-packages/piper_msgs-0.0.0-py3.10.egg-info/SOURCES.txt
[2.327s] -- Installing: /home/cg-tuf/turtlebot4_flask/install/piper_msgs/local/lib/python3.10/dist-packages/piper_msgs-0.0.0-py3.10.egg-info/top_level.txt
[2.327s] -- Installing: /home/cg-tuf/turtlebot4_flask/install/piper_msgs/local/lib/python3.10/dist-packages/piper_msgs-0.0.0-py3.10.egg-info/dependency_links.txt
[2.327s] -- Installing: /home/cg-tuf/turtlebot4_flask/install/piper_msgs/local/lib/python3.10/dist-packages/piper_msgs-0.0.0-py3.10.egg-info/PKG-INFO
[2.327s] -- Up-to-date: /home/cg-tuf/turtlebot4_flask/install/piper_msgs/local/lib/python3.10/dist-packages/piper_msgs
[2.327s] -- Up-to-date: /home/cg-tuf/turtlebot4_flask/install/piper_msgs/local/lib/python3.10/dist-packages/piper_msgs/msg
[2.327s] -- Up-to-date: /home/cg-tuf/turtlebot4_flask/install/piper_msgs/local/lib/python3.10/dist-packages/piper_msgs/msg/_piper_status_msg_s.c
[2.327s] -- Up-to-date: /home/cg-tuf/turtlebot4_flask/install/piper_msgs/local/lib/python3.10/dist-packages/piper_msgs/msg/_piper_status_msg.py
[2.327s] -- Up-to-date: /home/cg-tuf/turtlebot4_flask/install/piper_msgs/local/lib/python3.10/dist-packages/piper_msgs/msg/_pos_cmd.py
[2.328s] -- Up-to-date: /home/cg-tuf/turtlebot4_flask/install/piper_msgs/local/lib/python3.10/dist-packages/piper_msgs/msg/_pos_cmd_s.c
[2.328s] -- Up-to-date: /home/cg-tuf/turtlebot4_flask/install/piper_msgs/local/lib/python3.10/dist-packages/piper_msgs/msg/__init__.py
[2.328s] -- Installing: /home/cg-tuf/turtlebot4_flask/install/piper_msgs/local/lib/python3.10/dist-packages/piper_msgs/piper_msgs_s__rosidl_typesupport_introspection_c.cpython-310-x86_64-linux-gnu.so
[2.328s] -- Installing: /home/cg-tuf/turtlebot4_flask/install/piper_msgs/local/lib/python3.10/dist-packages/piper_msgs/libpiper_msgs__rosidl_generator_py.so
[2.328s] -- Up-to-date: /home/cg-tuf/turtlebot4_flask/install/piper_msgs/local/lib/python3.10/dist-packages/piper_msgs/_piper_msgs_s.ep.rosidl_typesupport_c.c
[2.328s] -- Up-to-date: /home/cg-tuf/turtlebot4_flask/install/piper_msgs/local/lib/python3.10/dist-packages/piper_msgs/srv
[2.328s] -- Up-to-date: /home/cg-tuf/turtlebot4_flask/install/piper_msgs/local/lib/python3.10/dist-packages/piper_msgs/srv/_enable_s.c
[2.328s] -- Up-to-date: /home/cg-tuf/turtlebot4_flask/install/piper_msgs/local/lib/python3.10/dist-packages/piper_msgs/srv/_move_arm_s.c
[2.328s] -- Up-to-date: /home/cg-tuf/turtlebot4_flask/install/piper_msgs/local/lib/python3.10/dist-packages/piper_msgs/srv/_auto_motion_toggle.py
[2.328s] -- Up-to-date: /home/cg-tuf/turtlebot4_flask/install/piper_msgs/local/lib/python3.10/dist-packages/piper_msgs/srv/_enable.py
[2.328s] -- Up-to-date: /home/cg-tuf/turtlebot4_flask/install/piper_msgs/local/lib/python3.10/dist-packages/piper_msgs/srv/_auto_motion_toggle_s.c
[2.328s] -- Up-to-date: /home/cg-tuf/turtlebot4_flask/install/piper_msgs/local/lib/python3.10/dist-packages/piper_msgs/srv/__init__.py
[2.328s] -- Up-to-date: /home/cg-tuf/turtlebot4_flask/install/piper_msgs/local/lib/python3.10/dist-packages/piper_msgs/srv/_move_arm.py
[2.328s] -- Up-to-date: /home/cg-tuf/turtlebot4_flask/install/piper_msgs/local/lib/python3.10/dist-packages/piper_msgs/_piper_msgs_s.ep.rosidl_typesupport_introspection_c.c
[2.328s] -- Up-to-date: /home/cg-tuf/turtlebot4_flask/install/piper_msgs/local/lib/python3.10/dist-packages/piper_msgs/_piper_msgs_s.ep.rosidl_typesupport_fastrtps_c.c
[2.328s] -- Installing: /home/cg-tuf/turtlebot4_flask/install/piper_msgs/local/lib/python3.10/dist-packages/piper_msgs/piper_msgs_s__rosidl_typesupport_c.cpython-310-x86_64-linux-gnu.so
[2.328s] -- Installing: /home/cg-tuf/turtlebot4_flask/install/piper_msgs/local/lib/python3.10/dist-packages/piper_msgs/__init__.py
[2.329s] -- Installing: /home/cg-tuf/turtlebot4_flask/install/piper_msgs/local/lib/python3.10/dist-packages/piper_msgs/piper_msgs_s__rosidl_typesupport_fastrtps_c.cpython-310-x86_64-linux-gnu.so
[2.358s] Listing '/home/cg-tuf/turtlebot4_flask/install/piper_msgs/local/lib/python3.10/dist-packages/piper_msgs'...
[2.358s] Compiling '/home/cg-tuf/turtlebot4_flask/install/piper_msgs/local/lib/python3.10/dist-packages/piper_msgs/__init__.py'...
[2.358s] Listing '/home/cg-tuf/turtlebot4_flask/install/piper_msgs/local/lib/python3.10/dist-packages/piper_msgs/msg'...
[2.358s] Compiling '/home/cg-tuf/turtlebot4_flask/install/piper_msgs/local/lib/python3.10/dist-packages/piper_msgs/msg/__init__.py'...
[2.358s] Compiling '/home/cg-tuf/turtlebot4_flask/install/piper_msgs/local/lib/python3.10/dist-packages/piper_msgs/msg/_piper_status_msg.py'...
[2.358s] Compiling '/home/cg-tuf/turtlebot4_flask/install/piper_msgs/local/lib/python3.10/dist-packages/piper_msgs/msg/_pos_cmd.py'...
[2.358s] Listing '/home/cg-tuf/turtlebot4_flask/install/piper_msgs/local/lib/python3.10/dist-packages/piper_msgs/srv'...
[2.358s] Compiling '/home/cg-tuf/turtlebot4_flask/install/piper_msgs/local/lib/python3.10/dist-packages/piper_msgs/srv/__init__.py'...
[2.358s] Compiling '/home/cg-tuf/turtlebot4_flask/install/piper_msgs/local/lib/python3.10/dist-packages/piper_msgs/srv/_auto_motion_toggle.py'...
[2.358s] Compiling '/home/cg-tuf/turtlebot4_flask/install/piper_msgs/local/lib/python3.10/dist-packages/piper_msgs/srv/_enable.py'...
[2.358s] Compiling '/home/cg-tuf/turtlebot4_flask/install/piper_msgs/local/lib/python3.10/dist-packages/piper_msgs/srv/_move_arm.py'...
[2.363s] -- Installing: /home/cg-tuf/turtlebot4_flask/install/piper_msgs/local/lib/python3.10/dist-packages/piper_msgs/piper_msgs_s__rosidl_typesupport_fastrtps_c.cpython-310-x86_64-linux-gnu.so
[2.363s] -- Set runtime path of "/home/cg-tuf/turtlebot4_flask/install/piper_msgs/local/lib/python3.10/dist-packages/piper_msgs/piper_msgs_s__rosidl_typesupport_fastrtps_c.cpython-310-x86_64-linux-gnu.so" to ""
[2.363s] -- Installing: /home/cg-tuf/turtlebot4_flask/install/piper_msgs/local/lib/python3.10/dist-packages/piper_msgs/piper_msgs_s__rosidl_typesupport_introspection_c.cpython-310-x86_64-linux-gnu.so
[2.364s] -- Set runtime path of "/home/cg-tuf/turtlebot4_flask/install/piper_msgs/local/lib/python3.10/dist-packages/piper_msgs/piper_msgs_s__rosidl_typesupport_introspection_c.cpython-310-x86_64-linux-gnu.so" to ""
[2.364s] -- Installing: /home/cg-tuf/turtlebot4_flask/install/piper_msgs/local/lib/python3.10/dist-packages/piper_msgs/piper_msgs_s__rosidl_typesupport_c.cpython-310-x86_64-linux-gnu.so
[2.364s] -- Set runtime path of "/home/cg-tuf/turtlebot4_flask/install/piper_msgs/local/lib/python3.10/dist-packages/piper_msgs/piper_msgs_s__rosidl_typesupport_c.cpython-310-x86_64-linux-gnu.so" to ""
[2.364s] -- Installing: /home/cg-tuf/turtlebot4_flask/install/piper_msgs/lib/libpiper_msgs__rosidl_generator_py.so
[2.365s] -- Set runtime path of "/home/cg-tuf/turtlebot4_flask/install/piper_msgs/lib/libpiper_msgs__rosidl_generator_py.so" to ""
[2.365s] -- Up-to-date: /home/cg-tuf/turtlebot4_flask/install/piper_msgs/share/piper_msgs/msg/PiperStatusMsg.idl
[2.365s] -- Up-to-date: /home/cg-tuf/turtlebot4_flask/install/piper_msgs/share/piper_msgs/msg/PosCmd.idl
[2.365s] -- Up-to-date: /home/cg-tuf/turtlebot4_flask/install/piper_msgs/share/piper_msgs/srv/Enable.idl
[2.365s] -- Up-to-date: /home/cg-tuf/turtlebot4_flask/install/piper_msgs/share/piper_msgs/srv/MoveArm.idl
[2.365s] -- Up-to-date: /home/cg-tuf/turtlebot4_flask/install/piper_msgs/share/piper_msgs/srv/AutoMotionToggle.idl
[2.365s] -- Installing: /home/cg-tuf/turtlebot4_flask/install/piper_msgs/share/piper_msgs/msg/PiperStatusMsg.msg
[2.365s] -- Installing: /home/cg-tuf/turtlebot4_flask/install/piper_msgs/share/piper_msgs/msg/PosCmd.msg
[2.365s] -- Installing: /home/cg-tuf/turtlebot4_flask/install/piper_msgs/share/piper_msgs/srv/Enable.srv
[2.365s] -- Up-to-date: /home/cg-tuf/turtlebot4_flask/install/piper_msgs/share/piper_msgs/srv/Enable_Request.msg
[2.366s] -- Up-to-date: /home/cg-tuf/turtlebot4_flask/install/piper_msgs/share/piper_msgs/srv/Enable_Response.msg
[2.366s] -- Installing: /home/cg-tuf/turtlebot4_flask/install/piper_msgs/share/piper_msgs/srv/MoveArm.srv
[2.366s] -- Up-to-date: /home/cg-tuf/turtlebot4_flask/install/piper_msgs/share/piper_msgs/srv/MoveArm_Request.msg
[2.366s] -- Up-to-date: /home/cg-tuf/turtlebot4_flask/install/piper_msgs/share/piper_msgs/srv/MoveArm_Response.msg
[2.366s] -- Installing: /home/cg-tuf/turtlebot4_flask/install/piper_msgs/share/piper_msgs/srv/AutoMotionToggle.srv
[2.366s] -- Up-to-date: /home/cg-tuf/turtlebot4_flask/install/piper_msgs/share/piper_msgs/srv/AutoMotionToggle_Request.msg
[2.366s] -- Up-to-date: /home/cg-tuf/turtlebot4_flask/install/piper_msgs/share/piper_msgs/srv/AutoMotionToggle_Response.msg
[2.366s] -- Up-to-date: /home/cg-tuf/turtlebot4_flask/install/piper_msgs/share/ament_index/resource_index/package_run_dependencies/piper_msgs
[2.366s] -- Up-to-date: /home/cg-tuf/turtlebot4_flask/install/piper_msgs/share/ament_index/resource_index/parent_prefix_path/piper_msgs
[2.366s] -- Installing: /home/cg-tuf/turtlebot4_flask/install/piper_msgs/share/piper_msgs/environment/ament_prefix_path.sh
[2.366s] -- Installing: /home/cg-tuf/turtlebot4_flask/install/piper_msgs/share/piper_msgs/environment/ament_prefix_path.dsv
[2.366s] -- Installing: /home/cg-tuf/turtlebot4_flask/install/piper_msgs/share/piper_msgs/environment/path.sh
[2.367s] -- Installing: /home/cg-tuf/turtlebot4_flask/install/piper_msgs/share/piper_msgs/environment/path.dsv
[2.367s] -- Up-to-date: /home/cg-tuf/turtlebot4_flask/install/piper_msgs/share/piper_msgs/local_setup.bash
[2.367s] -- Up-to-date: /home/cg-tuf/turtlebot4_flask/install/piper_msgs/share/piper_msgs/local_setup.sh
[2.367s] -- Up-to-date: /home/cg-tuf/turtlebot4_flask/install/piper_msgs/share/piper_msgs/local_setup.zsh
[2.367s] -- Installing: /home/cg-tuf/turtlebot4_flask/install/piper_msgs/share/piper_msgs/local_setup.dsv
[2.367s] -- Installing: /home/cg-tuf/turtlebot4_flask/install/piper_msgs/share/piper_msgs/package.dsv
[2.367s] -- Up-to-date: /home/cg-tuf/turtlebot4_flask/install/piper_msgs/share/ament_index/resource_index/packages/piper_msgs
[2.367s] -- Up-to-date: /home/cg-tuf/turtlebot4_flask/install/piper_msgs/share/piper_msgs/cmake/export_piper_msgs__rosidl_generator_cExport.cmake
[2.367s] -- Up-to-date: /home/cg-tuf/turtlebot4_flask/install/piper_msgs/share/piper_msgs/cmake/export_piper_msgs__rosidl_generator_cExport-noconfig.cmake
[2.367s] -- Up-to-date: /home/cg-tuf/turtlebot4_flask/install/piper_msgs/share/piper_msgs/cmake/export_piper_msgs__rosidl_typesupport_fastrtps_cExport.cmake
[2.367s] -- Up-to-date: /home/cg-tuf/turtlebot4_flask/install/piper_msgs/share/piper_msgs/cmake/export_piper_msgs__rosidl_typesupport_fastrtps_cExport-noconfig.cmake
[2.367s] -- Up-to-date: /home/cg-tuf/turtlebot4_flask/install/piper_msgs/share/piper_msgs/cmake/piper_msgs__rosidl_typesupport_introspection_cExport.cmake
[2.367s] -- Up-to-date: /home/cg-tuf/turtlebot4_flask/install/piper_msgs/share/piper_msgs/cmake/piper_msgs__rosidl_typesupport_introspection_cExport-noconfig.cmake
[2.368s] -- Up-to-date: /home/cg-tuf/turtlebot4_flask/install/piper_msgs/share/piper_msgs/cmake/piper_msgs__rosidl_typesupport_cExport.cmake
[2.368s] -- Up-to-date: /home/cg-tuf/turtlebot4_flask/install/piper_msgs/share/piper_msgs/cmake/piper_msgs__rosidl_typesupport_cExport-noconfig.cmake
[2.368s] -- Up-to-date: /home/cg-tuf/turtlebot4_flask/install/piper_msgs/share/piper_msgs/cmake/export_piper_msgs__rosidl_generator_cppExport.cmake
[2.368s] -- Up-to-date: /home/cg-tuf/turtlebot4_flask/install/piper_msgs/share/piper_msgs/cmake/export_piper_msgs__rosidl_typesupport_fastrtps_cppExport.cmake
[2.368s] -- Up-to-date: /home/cg-tuf/turtlebot4_flask/install/piper_msgs/share/piper_msgs/cmake/export_piper_msgs__rosidl_typesupport_fastrtps_cppExport-noconfig.cmake
[2.368s] -- Up-to-date: /home/cg-tuf/turtlebot4_flask/install/piper_msgs/share/piper_msgs/cmake/piper_msgs__rosidl_typesupport_introspection_cppExport.cmake
[2.368s] -- Up-to-date: /home/cg-tuf/turtlebot4_flask/install/piper_msgs/share/piper_msgs/cmake/piper_msgs__rosidl_typesupport_introspection_cppExport-noconfig.cmake
[2.368s] -- Up-to-date: /home/cg-tuf/turtlebot4_flask/install/piper_msgs/share/piper_msgs/cmake/piper_msgs__rosidl_typesupport_cppExport.cmake
[2.368s] -- Up-to-date: /home/cg-tuf/turtlebot4_flask/install/piper_msgs/share/piper_msgs/cmake/piper_msgs__rosidl_typesupport_cppExport-noconfig.cmake
[2.368s] -- Up-to-date: /home/cg-tuf/turtlebot4_flask/install/piper_msgs/share/piper_msgs/cmake/export_piper_msgs__rosidl_generator_pyExport.cmake
[2.368s] -- Up-to-date: /home/cg-tuf/turtlebot4_flask/install/piper_msgs/share/piper_msgs/cmake/export_piper_msgs__rosidl_generator_pyExport-noconfig.cmake
[2.368s] -- Up-to-date: /home/cg-tuf/turtlebot4_flask/install/piper_msgs/share/piper_msgs/cmake/rosidl_cmake-extras.cmake
[2.368s] -- Up-to-date: /home/cg-tuf/turtlebot4_flask/install/piper_msgs/share/piper_msgs/cmake/ament_cmake_export_include_directories-extras.cmake
[2.368s] -- Up-to-date: /home/cg-tuf/turtlebot4_flask/install/piper_msgs/share/piper_msgs/cmake/ament_cmake_export_libraries-extras.cmake
[2.368s] -- Up-to-date: /home/cg-tuf/turtlebot4_flask/install/piper_msgs/share/piper_msgs/cmake/ament_cmake_export_targets-extras.cmake
[2.368s] -- Up-to-date: /home/cg-tuf/turtlebot4_flask/install/piper_msgs/share/piper_msgs/cmake/rosidl_cmake_export_typesupport_targets-extras.cmake
[2.368s] -- Up-to-date: /home/cg-tuf/turtlebot4_flask/install/piper_msgs/share/piper_msgs/cmake/ament_cmake_export_dependencies-extras.cmake
[2.368s] -- Up-to-date: /home/cg-tuf/turtlebot4_flask/install/piper_msgs/share/piper_msgs/cmake/rosidl_cmake_export_typesupport_libraries-extras.cmake
[2.368s] -- Up-to-date: /home/cg-tuf/turtlebot4_flask/install/piper_msgs/share/piper_msgs/cmake/piper_msgsConfig.cmake
[2.368s] -- Up-to-date: /home/cg-tuf/turtlebot4_flask/install/piper_msgs/share/piper_msgs/cmake/piper_msgsConfig-version.cmake
[2.368s] -- Installing: /home/cg-tuf/turtlebot4_flask/install/piper_msgs/share/piper_msgs/package.xml
[2.371s] Invoked command in '/home/cg-tuf/turtlebot4_flask/build/piper_msgs' returned '0': CMAKE_PREFIX_PATH=/opt/ros/humble /usr/bin/cmake --install /home/cg-tuf/turtlebot4_flask/build/piper_msgs
