[0.175s] Invoking command in '/home/cg-tuf/turtlebot4_flask/build/piper_gazebo': CMAKE_PREFIX_PATH=/opt/ros/humble /usr/bin/cmake --build /home/cg-tuf/turtlebot4_flask/build/piper_gazebo -- -j16 -l16
[0.194s] -- Found ament_cmake: 1.3.12 (/opt/ros/humble/share/ament_cmake/cmake)
[0.293s] -- Found ament_lint_auto: 0.12.14 (/opt/ros/humble/share/ament_lint_auto/cmake)
[0.342s] -- Added test 'copyright' to check source files copyright and LICENSE
[0.344s] -- Added test 'flake8' to check Python code syntax and style conventions
[0.344s] -- Added test 'lint_cmake' to check CMake code style
[0.344s] -- Added test 'pep257' to check Python code against some of the docstring style conventions in PEP 257
[0.345s] -- Added test 'xmllint' to check XML markup files
[0.346s] -- Configuring done
[0.348s] -- Generating done
[0.350s] -- Build files have been written to: /home/cg-tuf/turtlebot4_flask/build/piper_gazebo
[0.371s] Invoked command in '/home/cg-tuf/turtlebot4_flask/build/piper_gazebo' returned '0': CMAKE_PREFIX_PATH=/opt/ros/humble /usr/bin/cmake --build /home/cg-tuf/turtlebot4_flask/build/piper_gazebo -- -j16 -l16
[0.372s] Invoking command in '/home/cg-tuf/turtlebot4_flask/build/piper_gazebo': CMAKE_PREFIX_PATH=/opt/ros/humble /usr/bin/cmake --install /home/cg-tuf/turtlebot4_flask/build/piper_gazebo
[0.379s] -- Install configuration: ""
[0.379s] -- Up-to-date: /home/cg-tuf/turtlebot4_flask/install/piper_gazebo/share/piper_gazebo/launch
[0.379s] -- Up-to-date: /home/cg-tuf/turtlebot4_flask/install/piper_gazebo/share/piper_gazebo/launch/piper_with_gripper
[0.379s] -- Installing: /home/cg-tuf/turtlebot4_flask/install/piper_gazebo/share/piper_gazebo/launch/piper_with_gripper/piper_gazebo.launch.py
[0.379s] -- Up-to-date: /home/cg-tuf/turtlebot4_flask/install/piper_gazebo/share/piper_gazebo/launch/piper_no_gripper
[0.380s] -- Installing: /home/cg-tuf/turtlebot4_flask/install/piper_gazebo/share/piper_gazebo/launch/piper_no_gripper/piper_no_gripper_gazebo.launch.py
[0.380s] -- Up-to-date: /home/cg-tuf/turtlebot4_flask/install/piper_gazebo/share/piper_gazebo/config
[0.380s] -- Installing: /home/cg-tuf/turtlebot4_flask/install/piper_gazebo/share/piper_gazebo/config/ros2_controllers.yaml
[0.380s] -- Installing: /home/cg-tuf/turtlebot4_flask/install/piper_gazebo/share/piper_gazebo/config/ros2_no_gripper_controllers.yaml
[0.380s] -- Up-to-date: /home/cg-tuf/turtlebot4_flask/install/piper_gazebo/share/piper_gazebo/scripts
[0.380s] -- Installing: /home/cg-tuf/turtlebot4_flask/install/piper_gazebo/share/piper_gazebo/scripts/joint8_ctrl.py
[0.380s] -- Installing: /home/cg-tuf/turtlebot4_flask/install/piper_gazebo/lib/piper_gazebo/joint8_ctrl.py
[0.380s] -- Up-to-date: /home/cg-tuf/turtlebot4_flask/install/piper_gazebo/share/ament_index/resource_index/package_run_dependencies/piper_gazebo
[0.380s] -- Up-to-date: /home/cg-tuf/turtlebot4_flask/install/piper_gazebo/share/ament_index/resource_index/parent_prefix_path/piper_gazebo
[0.380s] -- Installing: /home/cg-tuf/turtlebot4_flask/install/piper_gazebo/share/piper_gazebo/environment/ament_prefix_path.sh
[0.380s] -- Installing: /home/cg-tuf/turtlebot4_flask/install/piper_gazebo/share/piper_gazebo/environment/ament_prefix_path.dsv
[0.381s] -- Installing: /home/cg-tuf/turtlebot4_flask/install/piper_gazebo/share/piper_gazebo/environment/path.sh
[0.381s] -- Installing: /home/cg-tuf/turtlebot4_flask/install/piper_gazebo/share/piper_gazebo/environment/path.dsv
[0.381s] -- Up-to-date: /home/cg-tuf/turtlebot4_flask/install/piper_gazebo/share/piper_gazebo/local_setup.bash
[0.381s] -- Up-to-date: /home/cg-tuf/turtlebot4_flask/install/piper_gazebo/share/piper_gazebo/local_setup.sh
[0.381s] -- Up-to-date: /home/cg-tuf/turtlebot4_flask/install/piper_gazebo/share/piper_gazebo/local_setup.zsh
[0.381s] -- Installing: /home/cg-tuf/turtlebot4_flask/install/piper_gazebo/share/piper_gazebo/local_setup.dsv
[0.381s] -- Installing: /home/cg-tuf/turtlebot4_flask/install/piper_gazebo/share/piper_gazebo/package.dsv
[0.381s] -- Up-to-date: /home/cg-tuf/turtlebot4_flask/install/piper_gazebo/share/ament_index/resource_index/packages/piper_gazebo
[0.381s] -- Up-to-date: /home/cg-tuf/turtlebot4_flask/install/piper_gazebo/share/piper_gazebo/cmake/piper_gazeboConfig.cmake
[0.381s] -- Up-to-date: /home/cg-tuf/turtlebot4_flask/install/piper_gazebo/share/piper_gazebo/cmake/piper_gazeboConfig-version.cmake
[0.381s] -- Installing: /home/cg-tuf/turtlebot4_flask/install/piper_gazebo/share/piper_gazebo/package.xml
[0.384s] Invoked command in '/home/cg-tuf/turtlebot4_flask/build/piper_gazebo' returned '0': CMAKE_PREFIX_PATH=/opt/ros/humble /usr/bin/cmake --install /home/cg-tuf/turtlebot4_flask/build/piper_gazebo
