-- Found ament_cmake: 1.3.12 (/opt/ros/humble/share/ament_cmake/cmake)
-- Found rclcpp: 16.0.15 (/opt/ros/humble/share/rclcpp/cmake)
-- Found rosidl_generator_c: 3.1.7 (/opt/ros/humble/share/rosidl_generator_c/cmake)
-- Found rosidl_adapter: 3.1.7 (/opt/ros/humble/share/rosidl_adapter/cmake)
-- Found rosidl_generator_cpp: 3.1.7 (/opt/ros/humble/share/rosidl_generator_cpp/cmake)
-- Using all available rosidl_typesupport_c: rosidl_typesupport_fastrtps_c;rosidl_typesupport_introspection_c
-- Using all available rosidl_typesupport_cpp: rosidl_typesupport_fastrtps_cpp;rosidl_typesupport_introspection_cpp
-- Found rmw_implementation_cmake: 6.1.2 (/opt/ros/humble/share/rmw_implementation_cmake/cmake)
-- Found rmw_fastrtps_cpp: 6.2.8 (/opt/ros/humble/share/rmw_fastrtps_cpp/cmake)
-- Using RMW implementation 'rmw_fastrtps_cpp' as default
-- Found rclcpp_action: 16.0.15 (/opt/ros/humble/share/rclcpp_action/cmake)
-- Found rosidl_default_generators: 1.2.0 (/opt/ros/humble/share/rosidl_default_generators/cmake)
-- Found OpenCV: /usr/local (found version "4.9.0") found components: core imgproc highgui 
-- Found sensor_msgs: 4.9.0 (/opt/ros/humble/share/sensor_msgs/cmake)
-- Found cv_bridge: 3.2.1 (/opt/ros/humble/share/cv_bridge/cmake)
-- Found std_srvs: 4.9.0 (/opt/ros/humble/share/std_srvs/cmake)
-- Found OpenCV: /usr/local (found version "4.9.0") found components: opencv_calib3d opencv_core opencv_dnn opencv_features2d opencv_flann opencv_gapi opencv_highgui opencv_imgcodecs opencv_imgproc opencv_ml opencv_objdetect opencv_photo opencv_stitching opencv_video opencv_videoio opencv_alphamat opencv_aruco opencv_bgsegm opencv_bioinspired opencv_ccalib opencv_datasets opencv_dnn_objdetect opencv_dnn_superres opencv_dpm opencv_face opencv_freetype opencv_fuzzy opencv_hdf opencv_hfs opencv_img_hash opencv_intensity_transform opencv_line_descriptor opencv_mcc opencv_optflow opencv_phase_unwrapping opencv_plot opencv_quality opencv_rapid opencv_reg opencv_rgbd opencv_saliency opencv_shape opencv_stereo opencv_structured_light opencv_superres opencv_surface_matching opencv_text opencv_tracking opencv_videostab opencv_viz opencv_wechat_qrcode opencv_xfeatures2d opencv_ximgproc opencv_xobjdetect opencv_xphoto 
-- Found ament_cmake_ros: 0.10.0 (/opt/ros/humble/share/ament_cmake_ros/cmake)
-- Using all available rosidl_typesupport_c: rosidl_typesupport_fastrtps_c;rosidl_typesupport_introspection_c
-- Using all available rosidl_typesupport_cpp: rosidl_typesupport_fastrtps_cpp;rosidl_typesupport_introspection_cpp
-- Found python_cmake_module: 0.10.0 (/opt/ros/humble/share/python_cmake_module/cmake)
-- Using PYTHON_EXECUTABLE: /usr/bin/python3
-- Using PYTHON_INCLUDE_DIRS: /usr/include/python3.10
-- Using PYTHON_LIBRARIES: /usr/lib/x86_64-linux-gnu/libpython3.10.so
-- Found ament_lint_auto: 0.12.14 (/opt/ros/humble/share/ament_lint_auto/cmake)
-- Configuring done
-- Generating done
-- Build files have been written to: /home/cg-tuf/turtlebot4_flask/build/jai_rosbridge
[  2%] [34m[1mGenerating C code for ROS interfaces[0m
[  4%] [34m[1mGenerating C++ code for ROS interfaces[0m
[  4%] Built target ament_cmake_python_copy_jai_rosbridge
running egg_info
creating jai_rosbridge.egg-info
writing jai_rosbridge.egg-info/PKG-INFO
writing dependency_links to jai_rosbridge.egg-info/dependency_links.txt
writing top-level names to jai_rosbridge.egg-info/top_level.txt
writing manifest file 'jai_rosbridge.egg-info/SOURCES.txt'
reading manifest file 'jai_rosbridge.egg-info/SOURCES.txt'
writing manifest file 'jai_rosbridge.egg-info/SOURCES.txt'
[  4%] Built target ament_cmake_python_build_jai_rosbridge_egg
[  6%] [32mBuilding C object CMakeFiles/jai_rosbridge__rosidl_generator_c.dir/rosidl_generator_c/jai_rosbridge/action/detail/hdr_trigger__functions.c.o[0m
[  6%] Built target jai_rosbridge__cpp
[ 13%] [34m[1mGenerating C++ introspection for ROS interfaces[0m
[ 13%] [34m[1mGenerating C++ type support for eProsima Fast-RTPS[0m
[ 13%] [34m[1mGenerating C++ type support dispatch for ROS interfaces[0m
[ 15%] [32m[1mLinking C shared library libjai_rosbridge__rosidl_generator_c.so[0m
[ 15%] Built target jai_rosbridge__rosidl_generator_c
[ 21%] [34m[1mGenerating C type support dispatch for ROS interfaces[0m
[ 21%] [34m[1mGenerating C type support for eProsima Fast-RTPS[0m
[ 21%] [34m[1mGenerating C introspection for ROS interfaces[0m
[ 23%] [32mBuilding CXX object CMakeFiles/jai_rosbridge__rosidl_typesupport_cpp.dir/rosidl_typesupport_cpp/jai_rosbridge/action/hdr_trigger__type_support.cpp.o[0m
[ 26%] [32mBuilding CXX object CMakeFiles/jai_rosbridge__rosidl_typesupport_introspection_cpp.dir/rosidl_typesupport_introspection_cpp/jai_rosbridge/action/detail/hdr_trigger__type_support.cpp.o[0m
[ 28%] [32mBuilding CXX object CMakeFiles/jai_rosbridge__rosidl_typesupport_fastrtps_cpp.dir/rosidl_typesupport_fastrtps_cpp/jai_rosbridge/action/detail/dds_fastrtps/hdr_trigger__type_support.cpp.o[0m
[ 30%] [32mBuilding CXX object CMakeFiles/jai_rosbridge__rosidl_typesupport_c.dir/rosidl_typesupport_c/jai_rosbridge/action/hdr_trigger__type_support.cpp.o[0m
[ 32%] [32mBuilding C object CMakeFiles/jai_rosbridge__rosidl_typesupport_introspection_c.dir/rosidl_typesupport_introspection_c/jai_rosbridge/action/detail/hdr_trigger__type_support.c.o[0m
[ 34%] [32m[1mLinking CXX shared library libjai_rosbridge__rosidl_typesupport_c.so[0m
[ 36%] [32mBuilding CXX object CMakeFiles/jai_rosbridge__rosidl_typesupport_fastrtps_c.dir/rosidl_typesupport_fastrtps_c/jai_rosbridge/action/detail/hdr_trigger__type_support_c.cpp.o[0m
[ 39%] [32m[1mLinking C shared library libjai_rosbridge__rosidl_typesupport_introspection_c.so[0m
[ 39%] Built target jai_rosbridge__rosidl_typesupport_c
[ 39%] Built target jai_rosbridge__rosidl_typesupport_introspection_c
[ 41%] [32m[1mLinking CXX shared library libjai_rosbridge__rosidl_typesupport_cpp.so[0m
[ 41%] Built target jai_rosbridge__rosidl_typesupport_cpp
[ 52%] [32mBuilding CXX object CMakeFiles/jai_node_lib.dir/src/ros/JAIHDRNode.cpp.o[0m
[ 52%] [32mBuilding CXX object CMakeFiles/jai_node_lib.dir/home/cg-tuf/turtlebot4_flask/clientapp/instance/jai/src/device/Device.cpp.o[0m
[ 56%] [32mBuilding CXX object CMakeFiles/jai_node_lib.dir/home/cg-tuf/turtlebot4_flask/public/proto/cpp/jai.pb.cc.o[0m
[ 65%] [32mBuilding CXX object CMakeFiles/jai_node_lib.dir/src/ros/AppConfig.cpp.o[0m
[ 52%] [32mBuilding CXX object CMakeFiles/jai_node_lib.dir/home/cg-tuf/turtlebot4_flask/clientapp/instance/jai/src/device/DualDevice.cpp.o[0m
[ 52%] [32mBuilding CXX object CMakeFiles/jai_node_lib.dir/src/ros/JAINode.cpp.o[0m
[ 52%] [32mBuilding CXX object CMakeFiles/jai_node_lib.dir/home/cg-tuf/turtlebot4_flask/clientapp/instance/jai/src/acquire/Acquire.cpp.o[0m
[ 67%] [32mBuilding CXX object CMakeFiles/jai_node_lib.dir/home/cg-tuf/turtlebot4_flask/clientapp/instance/jai/src/device/ParamManager.cpp.o[0m
[ 67%] [32mBuilding CXX object CMakeFiles/jai_node_lib.dir/home/cg-tuf/turtlebot4_flask/clientapp/instance/jai/src/stream/Stream.cpp.o[0m
[ 67%] [32mBuilding CXX object CMakeFiles/jai_node_lib.dir/src/ros/HdrFusion.cpp.o[0m
[ 67%] [32mBuilding CXX object CMakeFiles/jai_node_lib.dir/home/cg-tuf/turtlebot4_flask/clientapp/instance/jai/src/logger/Logger.cpp.o[0m
[ 67%] [32mBuilding CXX object CMakeFiles/jai_node_lib.dir/home/cg-tuf/turtlebot4_flask/clientapp/instance/jai/src/camera/Camera.cpp.o[0m
[ 69%] [32m[1mLinking CXX shared library libjai_rosbridge__rosidl_typesupport_fastrtps_c.so[0m
[ 71%] [32m[1mLinking CXX shared library libjai_rosbridge__rosidl_typesupport_introspection_cpp.so[0m
[ 73%] [32m[1mLinking CXX shared library libjai_rosbridge__rosidl_typesupport_fastrtps_cpp.so[0m
[ 73%] Built target jai_rosbridge__rosidl_typesupport_fastrtps_c
[ 73%] Built target jai_rosbridge__rosidl_typesupport_fastrtps_cpp
[ 73%] Built target jai_rosbridge__rosidl_typesupport_introspection_cpp
[ 73%] Built target jai_rosbridge
[ 76%] [34m[1mGenerating Python code for ROS interfaces[0m
[ 76%] Built target jai_rosbridge__py
[ 78%] [32mBuilding C object CMakeFiles/jai_rosbridge__rosidl_generator_py.dir/rosidl_generator_py/jai_rosbridge/action/_hdr_trigger_s.c.o[0m
[ 80%] [32m[1mLinking C shared library rosidl_generator_py/jai_rosbridge/libjai_rosbridge__rosidl_generator_py.so[0m
[ 80%] Built target jai_rosbridge__rosidl_generator_py
[ 86%] [32mBuilding C object CMakeFiles/jai_rosbridge__rosidl_typesupport_introspection_c__pyext.dir/rosidl_generator_py/jai_rosbridge/_jai_rosbridge_s.ep.rosidl_typesupport_introspection_c.c.o[0m
[ 86%] [32mBuilding C object CMakeFiles/jai_rosbridge__rosidl_typesupport_c__pyext.dir/rosidl_generator_py/jai_rosbridge/_jai_rosbridge_s.ep.rosidl_typesupport_c.c.o[0m
[ 86%] [32mBuilding C object CMakeFiles/jai_rosbridge__rosidl_typesupport_fastrtps_c__pyext.dir/rosidl_generator_py/jai_rosbridge/_jai_rosbridge_s.ep.rosidl_typesupport_fastrtps_c.c.o[0m
[ 93%] [32m[1mLinking C shared library rosidl_generator_py/jai_rosbridge/jai_rosbridge_s__rosidl_typesupport_c.cpython-310-x86_64-linux-gnu.so[0m
[ 93%] [32m[1mLinking C shared library rosidl_generator_py/jai_rosbridge/jai_rosbridge_s__rosidl_typesupport_fastrtps_c.cpython-310-x86_64-linux-gnu.so[0m
[ 93%] [32m[1mLinking C shared library rosidl_generator_py/jai_rosbridge/jai_rosbridge_s__rosidl_typesupport_introspection_c.cpython-310-x86_64-linux-gnu.so[0m
[ 93%] Built target jai_rosbridge__rosidl_typesupport_fastrtps_c__pyext
[ 93%] Built target jai_rosbridge__rosidl_typesupport_introspection_c__pyext
[ 93%] Built target jai_rosbridge__rosidl_typesupport_c__pyext
[ 95%] [32m[1mLinking CXX shared library libjai_node_lib.so[0m
[ 95%] Built target jai_node_lib
[ 97%] [32mBuilding CXX object CMakeFiles/jai_node.dir/src/jai_node.cpp.o[0m
[100%] [32m[1mLinking CXX executable jai_node[0m
[100%] Built target jai_node
-- Install configuration: ""
-- Installing: /home/cg-tuf/turtlebot4_flask/install/jai_rosbridge/share/ament_index/resource_index/rosidl_interfaces/jai_rosbridge
-- Installing: /home/cg-tuf/turtlebot4_flask/install/jai_rosbridge/include/jai_rosbridge/jai_rosbridge
-- Installing: /home/cg-tuf/turtlebot4_flask/install/jai_rosbridge/include/jai_rosbridge/jai_rosbridge/msg
-- Installing: /home/cg-tuf/turtlebot4_flask/install/jai_rosbridge/include/jai_rosbridge/jai_rosbridge/msg/rosidl_generator_c__visibility_control.h
-- Installing: /home/cg-tuf/turtlebot4_flask/install/jai_rosbridge/include/jai_rosbridge/jai_rosbridge/action
-- Installing: /home/cg-tuf/turtlebot4_flask/install/jai_rosbridge/include/jai_rosbridge/jai_rosbridge/action/hdr_trigger.h
-- Installing: /home/cg-tuf/turtlebot4_flask/install/jai_rosbridge/include/jai_rosbridge/jai_rosbridge/action/detail
-- Installing: /home/cg-tuf/turtlebot4_flask/install/jai_rosbridge/include/jai_rosbridge/jai_rosbridge/action/detail/hdr_trigger__struct.h
-- Installing: /home/cg-tuf/turtlebot4_flask/install/jai_rosbridge/include/jai_rosbridge/jai_rosbridge/action/detail/hdr_trigger__functions.c
-- Installing: /home/cg-tuf/turtlebot4_flask/install/jai_rosbridge/include/jai_rosbridge/jai_rosbridge/action/detail/hdr_trigger__type_support.h
-- Installing: /home/cg-tuf/turtlebot4_flask/install/jai_rosbridge/include/jai_rosbridge/jai_rosbridge/action/detail/hdr_trigger__functions.h
-- Installing: /home/cg-tuf/turtlebot4_flask/install/jai_rosbridge/share/jai_rosbridge/environment/library_path.sh
-- Installing: /home/cg-tuf/turtlebot4_flask/install/jai_rosbridge/share/jai_rosbridge/environment/library_path.dsv
-- Installing: /home/cg-tuf/turtlebot4_flask/install/jai_rosbridge/lib/libjai_rosbridge__rosidl_generator_c.so
-- Set runtime path of "/home/cg-tuf/turtlebot4_flask/install/jai_rosbridge/lib/libjai_rosbridge__rosidl_generator_c.so" to ""
-- Up-to-date: /home/cg-tuf/turtlebot4_flask/install/jai_rosbridge/include/jai_rosbridge/jai_rosbridge
-- Up-to-date: /home/cg-tuf/turtlebot4_flask/install/jai_rosbridge/include/jai_rosbridge/jai_rosbridge/msg
-- Installing: /home/cg-tuf/turtlebot4_flask/install/jai_rosbridge/include/jai_rosbridge/jai_rosbridge/msg/rosidl_typesupport_fastrtps_c__visibility_control.h
-- Up-to-date: /home/cg-tuf/turtlebot4_flask/install/jai_rosbridge/include/jai_rosbridge/jai_rosbridge/action
-- Up-to-date: /home/cg-tuf/turtlebot4_flask/install/jai_rosbridge/include/jai_rosbridge/jai_rosbridge/action/detail
-- Installing: /home/cg-tuf/turtlebot4_flask/install/jai_rosbridge/include/jai_rosbridge/jai_rosbridge/action/detail/hdr_trigger__rosidl_typesupport_fastrtps_c.h
-- Installing: /home/cg-tuf/turtlebot4_flask/install/jai_rosbridge/lib/libjai_rosbridge__rosidl_typesupport_fastrtps_c.so
-- Set runtime path of "/home/cg-tuf/turtlebot4_flask/install/jai_rosbridge/lib/libjai_rosbridge__rosidl_typesupport_fastrtps_c.so" to ""
-- Up-to-date: /home/cg-tuf/turtlebot4_flask/install/jai_rosbridge/include/jai_rosbridge/jai_rosbridge
-- Up-to-date: /home/cg-tuf/turtlebot4_flask/install/jai_rosbridge/include/jai_rosbridge/jai_rosbridge/msg
-- Installing: /home/cg-tuf/turtlebot4_flask/install/jai_rosbridge/include/jai_rosbridge/jai_rosbridge/msg/rosidl_generator_cpp__visibility_control.hpp
-- Up-to-date: /home/cg-tuf/turtlebot4_flask/install/jai_rosbridge/include/jai_rosbridge/jai_rosbridge/action
-- Up-to-date: /home/cg-tuf/turtlebot4_flask/install/jai_rosbridge/include/jai_rosbridge/jai_rosbridge/action/detail
-- Installing: /home/cg-tuf/turtlebot4_flask/install/jai_rosbridge/include/jai_rosbridge/jai_rosbridge/action/detail/hdr_trigger__traits.hpp
-- Installing: /home/cg-tuf/turtlebot4_flask/install/jai_rosbridge/include/jai_rosbridge/jai_rosbridge/action/detail/hdr_trigger__builder.hpp
-- Installing: /home/cg-tuf/turtlebot4_flask/install/jai_rosbridge/include/jai_rosbridge/jai_rosbridge/action/detail/hdr_trigger__type_support.hpp
-- Installing: /home/cg-tuf/turtlebot4_flask/install/jai_rosbridge/include/jai_rosbridge/jai_rosbridge/action/detail/hdr_trigger__struct.hpp
-- Installing: /home/cg-tuf/turtlebot4_flask/install/jai_rosbridge/include/jai_rosbridge/jai_rosbridge/action/hdr_trigger.hpp
-- Up-to-date: /home/cg-tuf/turtlebot4_flask/install/jai_rosbridge/include/jai_rosbridge/jai_rosbridge
-- Up-to-date: /home/cg-tuf/turtlebot4_flask/install/jai_rosbridge/include/jai_rosbridge/jai_rosbridge/msg
-- Installing: /home/cg-tuf/turtlebot4_flask/install/jai_rosbridge/include/jai_rosbridge/jai_rosbridge/msg/rosidl_typesupport_fastrtps_cpp__visibility_control.h
-- Up-to-date: /home/cg-tuf/turtlebot4_flask/install/jai_rosbridge/include/jai_rosbridge/jai_rosbridge/action
-- Up-to-date: /home/cg-tuf/turtlebot4_flask/install/jai_rosbridge/include/jai_rosbridge/jai_rosbridge/action/detail
-- Installing: /home/cg-tuf/turtlebot4_flask/install/jai_rosbridge/include/jai_rosbridge/jai_rosbridge/action/detail/dds_fastrtps
-- Installing: /home/cg-tuf/turtlebot4_flask/install/jai_rosbridge/include/jai_rosbridge/jai_rosbridge/action/detail/hdr_trigger__rosidl_typesupport_fastrtps_cpp.hpp
-- Installing: /home/cg-tuf/turtlebot4_flask/install/jai_rosbridge/lib/libjai_rosbridge__rosidl_typesupport_fastrtps_cpp.so
-- Set runtime path of "/home/cg-tuf/turtlebot4_flask/install/jai_rosbridge/lib/libjai_rosbridge__rosidl_typesupport_fastrtps_cpp.so" to ""
-- Up-to-date: /home/cg-tuf/turtlebot4_flask/install/jai_rosbridge/include/jai_rosbridge/jai_rosbridge
-- Up-to-date: /home/cg-tuf/turtlebot4_flask/install/jai_rosbridge/include/jai_rosbridge/jai_rosbridge/msg
-- Installing: /home/cg-tuf/turtlebot4_flask/install/jai_rosbridge/include/jai_rosbridge/jai_rosbridge/msg/rosidl_typesupport_introspection_c__visibility_control.h
-- Up-to-date: /home/cg-tuf/turtlebot4_flask/install/jai_rosbridge/include/jai_rosbridge/jai_rosbridge/action
-- Up-to-date: /home/cg-tuf/turtlebot4_flask/install/jai_rosbridge/include/jai_rosbridge/jai_rosbridge/action/detail
-- Installing: /home/cg-tuf/turtlebot4_flask/install/jai_rosbridge/include/jai_rosbridge/jai_rosbridge/action/detail/hdr_trigger__rosidl_typesupport_introspection_c.h
-- Installing: /home/cg-tuf/turtlebot4_flask/install/jai_rosbridge/include/jai_rosbridge/jai_rosbridge/action/detail/hdr_trigger__type_support.c
-- Installing: /home/cg-tuf/turtlebot4_flask/install/jai_rosbridge/lib/libjai_rosbridge__rosidl_typesupport_introspection_c.so
-- Set runtime path of "/home/cg-tuf/turtlebot4_flask/install/jai_rosbridge/lib/libjai_rosbridge__rosidl_typesupport_introspection_c.so" to ""
-- Installing: /home/cg-tuf/turtlebot4_flask/install/jai_rosbridge/lib/libjai_rosbridge__rosidl_typesupport_c.so
-- Set runtime path of "/home/cg-tuf/turtlebot4_flask/install/jai_rosbridge/lib/libjai_rosbridge__rosidl_typesupport_c.so" to ""
-- Up-to-date: /home/cg-tuf/turtlebot4_flask/install/jai_rosbridge/include/jai_rosbridge/jai_rosbridge
-- Up-to-date: /home/cg-tuf/turtlebot4_flask/install/jai_rosbridge/include/jai_rosbridge/jai_rosbridge/action
-- Up-to-date: /home/cg-tuf/turtlebot4_flask/install/jai_rosbridge/include/jai_rosbridge/jai_rosbridge/action/detail
-- Installing: /home/cg-tuf/turtlebot4_flask/install/jai_rosbridge/include/jai_rosbridge/jai_rosbridge/action/detail/hdr_trigger__rosidl_typesupport_introspection_cpp.hpp
-- Installing: /home/cg-tuf/turtlebot4_flask/install/jai_rosbridge/include/jai_rosbridge/jai_rosbridge/action/detail/hdr_trigger__type_support.cpp
-- Installing: /home/cg-tuf/turtlebot4_flask/install/jai_rosbridge/lib/libjai_rosbridge__rosidl_typesupport_introspection_cpp.so
-- Set runtime path of "/home/cg-tuf/turtlebot4_flask/install/jai_rosbridge/lib/libjai_rosbridge__rosidl_typesupport_introspection_cpp.so" to ""
-- Installing: /home/cg-tuf/turtlebot4_flask/install/jai_rosbridge/lib/libjai_rosbridge__rosidl_typesupport_cpp.so
-- Set runtime path of "/home/cg-tuf/turtlebot4_flask/install/jai_rosbridge/lib/libjai_rosbridge__rosidl_typesupport_cpp.so" to ""
-- Installing: /home/cg-tuf/turtlebot4_flask/install/jai_rosbridge/share/jai_rosbridge/environment/pythonpath.sh
-- Installing: /home/cg-tuf/turtlebot4_flask/install/jai_rosbridge/share/jai_rosbridge/environment/pythonpath.dsv
-- Installing: /home/cg-tuf/turtlebot4_flask/install/jai_rosbridge/local/lib/python3.10/dist-packages/jai_rosbridge-0.0.0-py3.10.egg-info
-- Installing: /home/cg-tuf/turtlebot4_flask/install/jai_rosbridge/local/lib/python3.10/dist-packages/jai_rosbridge-0.0.0-py3.10.egg-info/SOURCES.txt
-- Installing: /home/cg-tuf/turtlebot4_flask/install/jai_rosbridge/local/lib/python3.10/dist-packages/jai_rosbridge-0.0.0-py3.10.egg-info/top_level.txt
-- Installing: /home/cg-tuf/turtlebot4_flask/install/jai_rosbridge/local/lib/python3.10/dist-packages/jai_rosbridge-0.0.0-py3.10.egg-info/dependency_links.txt
-- Installing: /home/cg-tuf/turtlebot4_flask/install/jai_rosbridge/local/lib/python3.10/dist-packages/jai_rosbridge-0.0.0-py3.10.egg-info/PKG-INFO
-- Installing: /home/cg-tuf/turtlebot4_flask/install/jai_rosbridge/local/lib/python3.10/dist-packages/jai_rosbridge
-- Installing: /home/cg-tuf/turtlebot4_flask/install/jai_rosbridge/local/lib/python3.10/dist-packages/jai_rosbridge/jai_rosbridge_s__rosidl_typesupport_c.cpython-310-x86_64-linux-gnu.so
-- Installing: /home/cg-tuf/turtlebot4_flask/install/jai_rosbridge/local/lib/python3.10/dist-packages/jai_rosbridge/_jai_rosbridge_s.ep.rosidl_typesupport_introspection_c.c
-- Installing: /home/cg-tuf/turtlebot4_flask/install/jai_rosbridge/local/lib/python3.10/dist-packages/jai_rosbridge/jai_rosbridge_s__rosidl_typesupport_introspection_c.cpython-310-x86_64-linux-gnu.so
-- Installing: /home/cg-tuf/turtlebot4_flask/install/jai_rosbridge/local/lib/python3.10/dist-packages/jai_rosbridge/action
-- Installing: /home/cg-tuf/turtlebot4_flask/install/jai_rosbridge/local/lib/python3.10/dist-packages/jai_rosbridge/action/__init__.py
-- Installing: /home/cg-tuf/turtlebot4_flask/install/jai_rosbridge/local/lib/python3.10/dist-packages/jai_rosbridge/action/_hdr_trigger_s.c
-- Installing: /home/cg-tuf/turtlebot4_flask/install/jai_rosbridge/local/lib/python3.10/dist-packages/jai_rosbridge/action/_hdr_trigger.py
-- Installing: /home/cg-tuf/turtlebot4_flask/install/jai_rosbridge/local/lib/python3.10/dist-packages/jai_rosbridge/libjai_rosbridge__rosidl_generator_py.so
-- Installing: /home/cg-tuf/turtlebot4_flask/install/jai_rosbridge/local/lib/python3.10/dist-packages/jai_rosbridge/jai_rosbridge_s__rosidl_typesupport_fastrtps_c.cpython-310-x86_64-linux-gnu.so
-- Installing: /home/cg-tuf/turtlebot4_flask/install/jai_rosbridge/local/lib/python3.10/dist-packages/jai_rosbridge/_jai_rosbridge_s.ep.rosidl_typesupport_fastrtps_c.c
-- Installing: /home/cg-tuf/turtlebot4_flask/install/jai_rosbridge/local/lib/python3.10/dist-packages/jai_rosbridge/__init__.py
-- Installing: /home/cg-tuf/turtlebot4_flask/install/jai_rosbridge/local/lib/python3.10/dist-packages/jai_rosbridge/_jai_rosbridge_s.ep.rosidl_typesupport_c.c
Listing '/home/cg-tuf/turtlebot4_flask/install/jai_rosbridge/local/lib/python3.10/dist-packages/jai_rosbridge'...
Compiling '/home/cg-tuf/turtlebot4_flask/install/jai_rosbridge/local/lib/python3.10/dist-packages/jai_rosbridge/__init__.py'...
Listing '/home/cg-tuf/turtlebot4_flask/install/jai_rosbridge/local/lib/python3.10/dist-packages/jai_rosbridge/action'...
Compiling '/home/cg-tuf/turtlebot4_flask/install/jai_rosbridge/local/lib/python3.10/dist-packages/jai_rosbridge/action/__init__.py'...
Compiling '/home/cg-tuf/turtlebot4_flask/install/jai_rosbridge/local/lib/python3.10/dist-packages/jai_rosbridge/action/_hdr_trigger.py'...
-- Installing: /home/cg-tuf/turtlebot4_flask/install/jai_rosbridge/local/lib/python3.10/dist-packages/jai_rosbridge/jai_rosbridge_s__rosidl_typesupport_fastrtps_c.cpython-310-x86_64-linux-gnu.so
-- Set runtime path of "/home/cg-tuf/turtlebot4_flask/install/jai_rosbridge/local/lib/python3.10/dist-packages/jai_rosbridge/jai_rosbridge_s__rosidl_typesupport_fastrtps_c.cpython-310-x86_64-linux-gnu.so" to ""
-- Installing: /home/cg-tuf/turtlebot4_flask/install/jai_rosbridge/local/lib/python3.10/dist-packages/jai_rosbridge/jai_rosbridge_s__rosidl_typesupport_introspection_c.cpython-310-x86_64-linux-gnu.so
-- Set runtime path of "/home/cg-tuf/turtlebot4_flask/install/jai_rosbridge/local/lib/python3.10/dist-packages/jai_rosbridge/jai_rosbridge_s__rosidl_typesupport_introspection_c.cpython-310-x86_64-linux-gnu.so" to ""
-- Installing: /home/cg-tuf/turtlebot4_flask/install/jai_rosbridge/local/lib/python3.10/dist-packages/jai_rosbridge/jai_rosbridge_s__rosidl_typesupport_c.cpython-310-x86_64-linux-gnu.so
-- Set runtime path of "/home/cg-tuf/turtlebot4_flask/install/jai_rosbridge/local/lib/python3.10/dist-packages/jai_rosbridge/jai_rosbridge_s__rosidl_typesupport_c.cpython-310-x86_64-linux-gnu.so" to ""
-- Installing: /home/cg-tuf/turtlebot4_flask/install/jai_rosbridge/lib/libjai_rosbridge__rosidl_generator_py.so
-- Set runtime path of "/home/cg-tuf/turtlebot4_flask/install/jai_rosbridge/lib/libjai_rosbridge__rosidl_generator_py.so" to ""
-- Installing: /home/cg-tuf/turtlebot4_flask/install/jai_rosbridge/share/jai_rosbridge/action/HDRTrigger.idl
-- Installing: /home/cg-tuf/turtlebot4_flask/install/jai_rosbridge/share/jai_rosbridge/action/HDRTrigger.action
-- Installing: /home/cg-tuf/turtlebot4_flask/install/jai_rosbridge/lib/jai_rosbridge/jai_node
-- Set runtime path of "/home/cg-tuf/turtlebot4_flask/install/jai_rosbridge/lib/jai_rosbridge/jai_node" to ""
-- Installing: /home/cg-tuf/turtlebot4_flask/install/jai_rosbridge/share/ament_index/resource_index/package_run_dependencies/jai_rosbridge
-- Installing: /home/cg-tuf/turtlebot4_flask/install/jai_rosbridge/share/ament_index/resource_index/parent_prefix_path/jai_rosbridge
-- Installing: /home/cg-tuf/turtlebot4_flask/install/jai_rosbridge/share/jai_rosbridge/environment/ament_prefix_path.sh
-- Installing: /home/cg-tuf/turtlebot4_flask/install/jai_rosbridge/share/jai_rosbridge/environment/ament_prefix_path.dsv
-- Installing: /home/cg-tuf/turtlebot4_flask/install/jai_rosbridge/share/jai_rosbridge/environment/path.sh
-- Installing: /home/cg-tuf/turtlebot4_flask/install/jai_rosbridge/share/jai_rosbridge/environment/path.dsv
-- Installing: /home/cg-tuf/turtlebot4_flask/install/jai_rosbridge/share/jai_rosbridge/local_setup.bash
-- Installing: /home/cg-tuf/turtlebot4_flask/install/jai_rosbridge/share/jai_rosbridge/local_setup.sh
-- Installing: /home/cg-tuf/turtlebot4_flask/install/jai_rosbridge/share/jai_rosbridge/local_setup.zsh
-- Installing: /home/cg-tuf/turtlebot4_flask/install/jai_rosbridge/share/jai_rosbridge/local_setup.dsv
-- Installing: /home/cg-tuf/turtlebot4_flask/install/jai_rosbridge/share/jai_rosbridge/package.dsv
-- Installing: /home/cg-tuf/turtlebot4_flask/install/jai_rosbridge/share/ament_index/resource_index/packages/jai_rosbridge
-- Installing: /home/cg-tuf/turtlebot4_flask/install/jai_rosbridge/share/jai_rosbridge/cmake/export_jai_rosbridge__rosidl_generator_cExport.cmake
-- Installing: /home/cg-tuf/turtlebot4_flask/install/jai_rosbridge/share/jai_rosbridge/cmake/export_jai_rosbridge__rosidl_generator_cExport-noconfig.cmake
-- Installing: /home/cg-tuf/turtlebot4_flask/install/jai_rosbridge/share/jai_rosbridge/cmake/export_jai_rosbridge__rosidl_typesupport_fastrtps_cExport.cmake
-- Installing: /home/cg-tuf/turtlebot4_flask/install/jai_rosbridge/share/jai_rosbridge/cmake/export_jai_rosbridge__rosidl_typesupport_fastrtps_cExport-noconfig.cmake
-- Installing: /home/cg-tuf/turtlebot4_flask/install/jai_rosbridge/share/jai_rosbridge/cmake/export_jai_rosbridge__rosidl_generator_cppExport.cmake
-- Installing: /home/cg-tuf/turtlebot4_flask/install/jai_rosbridge/share/jai_rosbridge/cmake/export_jai_rosbridge__rosidl_typesupport_fastrtps_cppExport.cmake
-- Installing: /home/cg-tuf/turtlebot4_flask/install/jai_rosbridge/share/jai_rosbridge/cmake/export_jai_rosbridge__rosidl_typesupport_fastrtps_cppExport-noconfig.cmake
-- Installing: /home/cg-tuf/turtlebot4_flask/install/jai_rosbridge/share/jai_rosbridge/cmake/jai_rosbridge__rosidl_typesupport_introspection_cExport.cmake
-- Installing: /home/cg-tuf/turtlebot4_flask/install/jai_rosbridge/share/jai_rosbridge/cmake/jai_rosbridge__rosidl_typesupport_introspection_cExport-noconfig.cmake
-- Installing: /home/cg-tuf/turtlebot4_flask/install/jai_rosbridge/share/jai_rosbridge/cmake/jai_rosbridge__rosidl_typesupport_cExport.cmake
-- Installing: /home/cg-tuf/turtlebot4_flask/install/jai_rosbridge/share/jai_rosbridge/cmake/jai_rosbridge__rosidl_typesupport_cExport-noconfig.cmake
-- Installing: /home/cg-tuf/turtlebot4_flask/install/jai_rosbridge/share/jai_rosbridge/cmake/jai_rosbridge__rosidl_typesupport_introspection_cppExport.cmake
-- Installing: /home/cg-tuf/turtlebot4_flask/install/jai_rosbridge/share/jai_rosbridge/cmake/jai_rosbridge__rosidl_typesupport_introspection_cppExport-noconfig.cmake
-- Installing: /home/cg-tuf/turtlebot4_flask/install/jai_rosbridge/share/jai_rosbridge/cmake/jai_rosbridge__rosidl_typesupport_cppExport.cmake
-- Installing: /home/cg-tuf/turtlebot4_flask/install/jai_rosbridge/share/jai_rosbridge/cmake/jai_rosbridge__rosidl_typesupport_cppExport-noconfig.cmake
-- Installing: /home/cg-tuf/turtlebot4_flask/install/jai_rosbridge/share/jai_rosbridge/cmake/export_jai_rosbridge__rosidl_generator_pyExport.cmake
-- Installing: /home/cg-tuf/turtlebot4_flask/install/jai_rosbridge/share/jai_rosbridge/cmake/export_jai_rosbridge__rosidl_generator_pyExport-noconfig.cmake
-- Installing: /home/cg-tuf/turtlebot4_flask/install/jai_rosbridge/share/jai_rosbridge/cmake/rosidl_cmake-extras.cmake
-- Installing: /home/cg-tuf/turtlebot4_flask/install/jai_rosbridge/share/jai_rosbridge/cmake/ament_cmake_export_dependencies-extras.cmake
-- Installing: /home/cg-tuf/turtlebot4_flask/install/jai_rosbridge/share/jai_rosbridge/cmake/ament_cmake_export_include_directories-extras.cmake
-- Installing: /home/cg-tuf/turtlebot4_flask/install/jai_rosbridge/share/jai_rosbridge/cmake/ament_cmake_export_libraries-extras.cmake
-- Installing: /home/cg-tuf/turtlebot4_flask/install/jai_rosbridge/share/jai_rosbridge/cmake/ament_cmake_export_targets-extras.cmake
-- Installing: /home/cg-tuf/turtlebot4_flask/install/jai_rosbridge/share/jai_rosbridge/cmake/rosidl_cmake_export_typesupport_targets-extras.cmake
-- Installing: /home/cg-tuf/turtlebot4_flask/install/jai_rosbridge/share/jai_rosbridge/cmake/rosidl_cmake_export_typesupport_libraries-extras.cmake
-- Installing: /home/cg-tuf/turtlebot4_flask/install/jai_rosbridge/share/jai_rosbridge/cmake/jai_rosbridgeConfig.cmake
-- Installing: /home/cg-tuf/turtlebot4_flask/install/jai_rosbridge/share/jai_rosbridge/cmake/jai_rosbridgeConfig-version.cmake
-- Installing: /home/cg-tuf/turtlebot4_flask/install/jai_rosbridge/share/jai_rosbridge/package.xml
