[0.062s] DEBUG:colcon:Command line arguments: ['/usr/bin/colcon', 'build']
[0.062s] DEBUG:colcon:Parsed command line arguments: Namespace(log_base=None, log_level=None, verb_name='build', build_base='build', install_base='install', merge_install=False, symlink_install=False, test_result_base=None, continue_on_error=False, executor='parallel', parallel_workers=16, event_handlers=None, ignore_user_meta=False, metas=['./colcon.meta'], base_paths=['.'], packages_ignore=None, packages_ignore_regex=None, paths=None, packages_up_to=None, packages_up_to_regex=None, packages_above=None, packages_above_and_dependencies=None, packages_above_depth=None, packages_select_by_dep=None, packages_skip_by_dep=None, packages_skip_up_to=None, packages_select_build_failed=False, packages_skip_build_finished=False, packages_select_test_failures=False, packages_skip_test_passed=False, packages_select=None, packages_skip=None, packages_select_regex=None, packages_skip_regex=None, packages_start=None, packages_end=None, allow_overriding=[], cmake_args=None, cmake_target=None, cmake_target_skip_unavailable=False, cmake_clean_cache=False, cmake_clean_first=False, cmake_force_configure=False, ament_cmake_args=None, catkin_cmake_args=None, catkin_skip_building_tests=False, verb_parser=<colcon_defaults.argument_parser.defaults.DefaultArgumentsDecorator object at 0x7b89cb869900>, verb_extension=<colcon_core.verb.build.BuildVerb object at 0x7b89cb869330>, main=<bound method BuildVerb.main of <colcon_core.verb.build.BuildVerb object at 0x7b89cb869330>>)
[0.163s] Level 1:colcon.colcon_core.package_discovery:discover_packages(colcon_meta) check parameters
[0.163s] Level 1:colcon.colcon_core.package_discovery:discover_packages(recursive) check parameters
[0.163s] Level 1:colcon.colcon_core.package_discovery:discover_packages(ignore) check parameters
[0.163s] Level 1:colcon.colcon_core.package_discovery:discover_packages(path) check parameters
[0.163s] Level 1:colcon.colcon_core.package_discovery:discover_packages(colcon_meta) discover
[0.163s] Level 1:colcon.colcon_core.package_discovery:discover_packages(recursive) discover
[0.163s] INFO:colcon.colcon_core.package_discovery:Crawling recursively for packages in '/home/cg-tuf/turtlebot4_flask/clientapp/instance/dcs103e'
[0.163s] Level 1:colcon.colcon_core.package_identification:_identify(.) by extensions ['ignore', 'ignore_ament_install']
[0.164s] Level 1:colcon.colcon_core.package_identification:_identify(.) by extension 'ignore'
[0.164s] Level 1:colcon.colcon_core.package_identification:_identify(.) by extension 'ignore_ament_install'
[0.164s] Level 1:colcon.colcon_core.package_identification:_identify(.) by extensions ['colcon_pkg']
[0.164s] Level 1:colcon.colcon_core.package_identification:_identify(.) by extension 'colcon_pkg'
[0.164s] Level 1:colcon.colcon_core.package_identification:_identify(.) by extensions ['colcon_meta']
[0.164s] Level 1:colcon.colcon_core.package_identification:_identify(.) by extension 'colcon_meta'
[0.164s] Level 1:colcon.colcon_core.package_identification:_identify(.) by extensions ['ros']
[0.164s] Level 1:colcon.colcon_core.package_identification:_identify(.) by extension 'ros'
[0.172s] DEBUG:colcon.colcon_core.package_identification:Package '.' with type 'ros.ament_cmake' and name 'dcs103e_controller'
[0.172s] Level 1:colcon.colcon_core.package_discovery:discover_packages(recursive) using defaults
[0.172s] Level 1:colcon.colcon_core.package_discovery:discover_packages(ignore) discover
[0.172s] Level 1:colcon.colcon_core.package_discovery:discover_packages(ignore) using defaults
[0.172s] Level 1:colcon.colcon_core.package_discovery:discover_packages(path) discover
[0.172s] Level 1:colcon.colcon_core.package_discovery:discover_packages(path) using defaults
[0.201s] Level 1:colcon.colcon_core.package_discovery:discover_packages(prefix_path) check parameters
[0.202s] Level 1:colcon.colcon_core.package_discovery:discover_packages(prefix_path) discover
[0.202s] WARNING:colcon.colcon_ros.prefix_path.ament:The path '/home/cg-tuf/turtlebot4_flask/install/piper_with_gripper_moveit' in the environment variable AMENT_PREFIX_PATH doesn't exist
[0.202s] WARNING:colcon.colcon_ros.prefix_path.ament:The path '/home/cg-tuf/turtlebot4_flask/install/piper_no_gripper_moveit' in the environment variable AMENT_PREFIX_PATH doesn't exist
[0.202s] WARNING:colcon.colcon_ros.prefix_path.ament:The path '/home/cg-tuf/turtlebot4_flask/install/piper_mujoco' in the environment variable AMENT_PREFIX_PATH doesn't exist
[0.202s] WARNING:colcon.colcon_ros.prefix_path.ament:The path '/home/cg-tuf/turtlebot4_flask/install/flask_ui' in the environment variable AMENT_PREFIX_PATH doesn't exist
[0.202s] WARNING:colcon.colcon_ros.prefix_path.ament:The path '/home/cg-tuf/turtlebot4_flask/install/piper_humble' in the environment variable AMENT_PREFIX_PATH doesn't exist
[0.202s] WARNING:colcon.colcon_ros.prefix_path.ament:The path '/home/cg-tuf/turtlebot4_flask/install/piper_gazebo' in the environment variable AMENT_PREFIX_PATH doesn't exist
[0.202s] WARNING:colcon.colcon_ros.prefix_path.ament:The path '/home/cg-tuf/turtlebot4_flask/install/piper_description' in the environment variable AMENT_PREFIX_PATH doesn't exist
[0.202s] WARNING:colcon.colcon_ros.prefix_path.catkin:The path '/home/cg-tuf/turtlebot4_flask/install/piper_with_gripper_moveit' in the environment variable CMAKE_PREFIX_PATH doesn't exist
[0.202s] WARNING:colcon.colcon_ros.prefix_path.catkin:The path '/home/cg-tuf/turtlebot4_flask/install/piper_no_gripper_moveit' in the environment variable CMAKE_PREFIX_PATH doesn't exist
[0.202s] WARNING:colcon.colcon_ros.prefix_path.catkin:The path '/home/cg-tuf/turtlebot4_flask/install/piper_mujoco' in the environment variable CMAKE_PREFIX_PATH doesn't exist
[0.202s] WARNING:colcon.colcon_ros.prefix_path.catkin:The path '/home/cg-tuf/turtlebot4_flask/install/flask_ui' in the environment variable CMAKE_PREFIX_PATH doesn't exist
[0.202s] WARNING:colcon.colcon_ros.prefix_path.catkin:The path '/home/cg-tuf/turtlebot4_flask/install/piper_humble' in the environment variable CMAKE_PREFIX_PATH doesn't exist
[0.203s] WARNING:colcon.colcon_ros.prefix_path.catkin:The path '/home/cg-tuf/turtlebot4_flask/install/piper_gazebo' in the environment variable CMAKE_PREFIX_PATH doesn't exist
[0.203s] WARNING:colcon.colcon_ros.prefix_path.catkin:The path '/home/cg-tuf/turtlebot4_flask/install/piper_description' in the environment variable CMAKE_PREFIX_PATH doesn't exist
[0.203s] DEBUG:colcon.colcon_installed_package_information.package_discovery:Found 2 installed packages in /home/cg-tuf/turtlebot4_flask/install
[0.204s] DEBUG:colcon.colcon_installed_package_information.package_discovery:Found 315 installed packages in /opt/ros/humble
[0.205s] Level 1:colcon.colcon_core.package_discovery:discover_packages(prefix_path) using defaults
[0.231s] Level 5:colcon.colcon_core.verb:set package 'dcs103e_controller' build argument 'cmake_args' from command line to 'None'
[0.231s] Level 5:colcon.colcon_core.verb:set package 'dcs103e_controller' build argument 'cmake_target' from command line to 'None'
[0.231s] Level 5:colcon.colcon_core.verb:set package 'dcs103e_controller' build argument 'cmake_target_skip_unavailable' from command line to 'False'
[0.231s] Level 5:colcon.colcon_core.verb:set package 'dcs103e_controller' build argument 'cmake_clean_cache' from command line to 'False'
[0.231s] Level 5:colcon.colcon_core.verb:set package 'dcs103e_controller' build argument 'cmake_clean_first' from command line to 'False'
[0.231s] Level 5:colcon.colcon_core.verb:set package 'dcs103e_controller' build argument 'cmake_force_configure' from command line to 'False'
[0.231s] Level 5:colcon.colcon_core.verb:set package 'dcs103e_controller' build argument 'ament_cmake_args' from command line to 'None'
[0.231s] Level 5:colcon.colcon_core.verb:set package 'dcs103e_controller' build argument 'catkin_cmake_args' from command line to 'None'
[0.231s] Level 5:colcon.colcon_core.verb:set package 'dcs103e_controller' build argument 'catkin_skip_building_tests' from command line to 'False'
[0.231s] DEBUG:colcon.colcon_core.verb:Building package 'dcs103e_controller' with the following arguments: {'ament_cmake_args': None, 'build_base': '/home/cg-tuf/turtlebot4_flask/clientapp/instance/dcs103e/build/dcs103e_controller', 'catkin_cmake_args': None, 'catkin_skip_building_tests': False, 'cmake_args': None, 'cmake_clean_cache': False, 'cmake_clean_first': False, 'cmake_force_configure': False, 'cmake_target': None, 'cmake_target_skip_unavailable': False, 'install_base': '/home/cg-tuf/turtlebot4_flask/clientapp/instance/dcs103e/install/dcs103e_controller', 'merge_install': False, 'path': '/home/cg-tuf/turtlebot4_flask/clientapp/instance/dcs103e', 'symlink_install': False, 'test_result_base': None}
[0.231s] INFO:colcon.colcon_core.executor:Executing jobs using 'parallel' executor
[0.232s] DEBUG:colcon.colcon_parallel_executor.executor.parallel:run_until_complete
[0.233s] INFO:colcon.colcon_ros.task.ament_cmake.build:Building ROS package in '/home/cg-tuf/turtlebot4_flask/clientapp/instance/dcs103e' with build type 'ament_cmake'
[0.233s] INFO:colcon.colcon_cmake.task.cmake.build:Building CMake package in '/home/cg-tuf/turtlebot4_flask/clientapp/instance/dcs103e'
[0.235s] INFO:colcon.colcon_core.plugin_system:Skipping extension 'colcon_core.shell.bat': Not used on non-Windows systems
[0.235s] INFO:colcon.colcon_core.shell:Skip shell extension 'powershell' for command environment: Not usable outside of PowerShell
[0.235s] DEBUG:colcon.colcon_core.shell:Skip shell extension 'dsv' for command environment
[0.243s] DEBUG:colcon.colcon_core.event_handler.log_command:Invoking command in '/home/cg-tuf/turtlebot4_flask/clientapp/instance/dcs103e/build/dcs103e_controller': CMAKE_PREFIX_PATH=/home/cg-tuf/turtlebot4_flask/install/piper_with_gripper_moveit:/home/cg-tuf/turtlebot4_flask/install/piper_no_gripper_moveit:/home/cg-tuf/turtlebot4_flask/install/piper_mujoco:/home/cg-tuf/turtlebot4_flask/install/flask_ui:/home/cg-tuf/turtlebot4_flask/install/piper_msgs:/home/cg-tuf/turtlebot4_flask/install/piper_humble:/home/cg-tuf/turtlebot4_flask/install/piper_gazebo:/home/cg-tuf/turtlebot4_flask/install/piper_description:/home/cg-tuf/turtlebot4_flask/install/piper:/opt/ros/humble:/home/cg-tuf/turtlebot4_flask/install/jai_rosbridge /usr/bin/cmake /home/cg-tuf/turtlebot4_flask/clientapp/instance/dcs103e -DCMAKE_INSTALL_PREFIX=/home/cg-tuf/turtlebot4_flask/clientapp/instance/dcs103e/install/dcs103e_controller
[2.019s] DEBUG:colcon.colcon_core.event_handler.log_command:Invoked command in '/home/cg-tuf/turtlebot4_flask/clientapp/instance/dcs103e/build/dcs103e_controller' returned '0': CMAKE_PREFIX_PATH=/home/cg-tuf/turtlebot4_flask/install/piper_with_gripper_moveit:/home/cg-tuf/turtlebot4_flask/install/piper_no_gripper_moveit:/home/cg-tuf/turtlebot4_flask/install/piper_mujoco:/home/cg-tuf/turtlebot4_flask/install/flask_ui:/home/cg-tuf/turtlebot4_flask/install/piper_msgs:/home/cg-tuf/turtlebot4_flask/install/piper_humble:/home/cg-tuf/turtlebot4_flask/install/piper_gazebo:/home/cg-tuf/turtlebot4_flask/install/piper_description:/home/cg-tuf/turtlebot4_flask/install/piper:/opt/ros/humble:/home/cg-tuf/turtlebot4_flask/install/jai_rosbridge /usr/bin/cmake /home/cg-tuf/turtlebot4_flask/clientapp/instance/dcs103e -DCMAKE_INSTALL_PREFIX=/home/cg-tuf/turtlebot4_flask/clientapp/instance/dcs103e/install/dcs103e_controller
[2.021s] DEBUG:colcon.colcon_core.event_handler.log_command:Invoking command in '/home/cg-tuf/turtlebot4_flask/clientapp/instance/dcs103e/build/dcs103e_controller': CMAKE_PREFIX_PATH=/home/cg-tuf/turtlebot4_flask/install/piper_with_gripper_moveit:/home/cg-tuf/turtlebot4_flask/install/piper_no_gripper_moveit:/home/cg-tuf/turtlebot4_flask/install/piper_mujoco:/home/cg-tuf/turtlebot4_flask/install/flask_ui:/home/cg-tuf/turtlebot4_flask/install/piper_msgs:/home/cg-tuf/turtlebot4_flask/install/piper_humble:/home/cg-tuf/turtlebot4_flask/install/piper_gazebo:/home/cg-tuf/turtlebot4_flask/install/piper_description:/home/cg-tuf/turtlebot4_flask/install/piper:/opt/ros/humble:/home/cg-tuf/turtlebot4_flask/install/jai_rosbridge /usr/bin/cmake --build /home/cg-tuf/turtlebot4_flask/clientapp/instance/dcs103e/build/dcs103e_controller -- -j16 -l16
[6.544s] DEBUG:colcon.colcon_core.event_handler.log_command:Invoked command in '/home/cg-tuf/turtlebot4_flask/clientapp/instance/dcs103e/build/dcs103e_controller' returned '0': CMAKE_PREFIX_PATH=/home/cg-tuf/turtlebot4_flask/install/piper_with_gripper_moveit:/home/cg-tuf/turtlebot4_flask/install/piper_no_gripper_moveit:/home/cg-tuf/turtlebot4_flask/install/piper_mujoco:/home/cg-tuf/turtlebot4_flask/install/flask_ui:/home/cg-tuf/turtlebot4_flask/install/piper_msgs:/home/cg-tuf/turtlebot4_flask/install/piper_humble:/home/cg-tuf/turtlebot4_flask/install/piper_gazebo:/home/cg-tuf/turtlebot4_flask/install/piper_description:/home/cg-tuf/turtlebot4_flask/install/piper:/opt/ros/humble:/home/cg-tuf/turtlebot4_flask/install/jai_rosbridge /usr/bin/cmake --build /home/cg-tuf/turtlebot4_flask/clientapp/instance/dcs103e/build/dcs103e_controller -- -j16 -l16
[6.552s] DEBUG:colcon.colcon_core.event_handler.log_command:Invoking command in '/home/cg-tuf/turtlebot4_flask/clientapp/instance/dcs103e/build/dcs103e_controller': CMAKE_PREFIX_PATH=/home/cg-tuf/turtlebot4_flask/install/piper_with_gripper_moveit:/home/cg-tuf/turtlebot4_flask/install/piper_no_gripper_moveit:/home/cg-tuf/turtlebot4_flask/install/piper_mujoco:/home/cg-tuf/turtlebot4_flask/install/flask_ui:/home/cg-tuf/turtlebot4_flask/install/piper_msgs:/home/cg-tuf/turtlebot4_flask/install/piper_humble:/home/cg-tuf/turtlebot4_flask/install/piper_gazebo:/home/cg-tuf/turtlebot4_flask/install/piper_description:/home/cg-tuf/turtlebot4_flask/install/piper:/opt/ros/humble:/home/cg-tuf/turtlebot4_flask/install/jai_rosbridge /usr/bin/cmake --install /home/cg-tuf/turtlebot4_flask/clientapp/instance/dcs103e/build/dcs103e_controller
[6.604s] DEBUG:colcon.colcon_core.event_handler.log_command:Invoked command in '/home/cg-tuf/turtlebot4_flask/clientapp/instance/dcs103e/build/dcs103e_controller' returned '1': CMAKE_PREFIX_PATH=/home/cg-tuf/turtlebot4_flask/install/piper_with_gripper_moveit:/home/cg-tuf/turtlebot4_flask/install/piper_no_gripper_moveit:/home/cg-tuf/turtlebot4_flask/install/piper_mujoco:/home/cg-tuf/turtlebot4_flask/install/flask_ui:/home/cg-tuf/turtlebot4_flask/install/piper_msgs:/home/cg-tuf/turtlebot4_flask/install/piper_humble:/home/cg-tuf/turtlebot4_flask/install/piper_gazebo:/home/cg-tuf/turtlebot4_flask/install/piper_description:/home/cg-tuf/turtlebot4_flask/install/piper:/opt/ros/humble:/home/cg-tuf/turtlebot4_flask/install/jai_rosbridge /usr/bin/cmake --install /home/cg-tuf/turtlebot4_flask/clientapp/instance/dcs103e/build/dcs103e_controller
[6.605s] Level 1:colcon.colcon_core.environment:create_environment_scripts_only(dcs103e_controller)
[6.606s] Level 1:colcon.colcon_core.environment:checking '/home/cg-tuf/turtlebot4_flask/clientapp/instance/dcs103e/install/dcs103e_controller' for CMake module files
[6.606s] Level 1:colcon.colcon_core.environment:checking '/home/cg-tuf/turtlebot4_flask/clientapp/instance/dcs103e/install/dcs103e_controller' for CMake config files
[6.607s] Level 1:colcon.colcon_core.environment:checking '/home/cg-tuf/turtlebot4_flask/clientapp/instance/dcs103e/install/dcs103e_controller/lib'
[6.607s] Level 1:colcon.colcon_core.shell:create_environment_hook('dcs103e_controller', 'ld_library_path_lib')
[6.607s] INFO:colcon.colcon_core.shell:Creating environment hook '/home/cg-tuf/turtlebot4_flask/clientapp/instance/dcs103e/install/dcs103e_controller/share/dcs103e_controller/hook/ld_library_path_lib.ps1'
[6.608s] INFO:colcon.colcon_core.shell:Creating environment descriptor '/home/cg-tuf/turtlebot4_flask/clientapp/instance/dcs103e/install/dcs103e_controller/share/dcs103e_controller/hook/ld_library_path_lib.dsv'
[6.608s] INFO:colcon.colcon_core.shell:Creating environment hook '/home/cg-tuf/turtlebot4_flask/clientapp/instance/dcs103e/install/dcs103e_controller/share/dcs103e_controller/hook/ld_library_path_lib.sh'
[6.608s] Level 1:colcon.colcon_core.environment:checking '/home/cg-tuf/turtlebot4_flask/clientapp/instance/dcs103e/install/dcs103e_controller/bin'
[6.608s] Level 1:colcon.colcon_core.environment:checking '/home/cg-tuf/turtlebot4_flask/clientapp/instance/dcs103e/install/dcs103e_controller/lib/pkgconfig/dcs103e_controller.pc'
[6.608s] Level 1:colcon.colcon_core.environment:checking '/home/cg-tuf/turtlebot4_flask/clientapp/instance/dcs103e/install/dcs103e_controller/lib/python3.10/site-packages'
[6.608s] Level 1:colcon.colcon_core.environment:checking '/home/cg-tuf/turtlebot4_flask/clientapp/instance/dcs103e/install/dcs103e_controller/bin'
[6.609s] INFO:colcon.colcon_core.shell:Creating package script '/home/cg-tuf/turtlebot4_flask/clientapp/instance/dcs103e/install/dcs103e_controller/share/dcs103e_controller/package.ps1'
[6.609s] INFO:colcon.colcon_core.shell:Creating package descriptor '/home/cg-tuf/turtlebot4_flask/clientapp/instance/dcs103e/install/dcs103e_controller/share/dcs103e_controller/package.dsv'
[6.609s] INFO:colcon.colcon_core.shell:Creating package script '/home/cg-tuf/turtlebot4_flask/clientapp/instance/dcs103e/install/dcs103e_controller/share/dcs103e_controller/package.sh'
[6.610s] INFO:colcon.colcon_core.shell:Creating package script '/home/cg-tuf/turtlebot4_flask/clientapp/instance/dcs103e/install/dcs103e_controller/share/dcs103e_controller/package.bash'
[6.610s] INFO:colcon.colcon_core.shell:Creating package script '/home/cg-tuf/turtlebot4_flask/clientapp/instance/dcs103e/install/dcs103e_controller/share/dcs103e_controller/package.zsh'
[6.610s] Level 1:colcon.colcon_core.environment:create_file_with_runtime_dependencies(/home/cg-tuf/turtlebot4_flask/clientapp/instance/dcs103e/install/dcs103e_controller/share/colcon-core/packages/dcs103e_controller)
[6.621s] DEBUG:colcon.colcon_parallel_executor.executor.parallel:closing loop
[6.621s] DEBUG:colcon.colcon_parallel_executor.executor.parallel:loop closed
[6.622s] DEBUG:colcon.colcon_parallel_executor.executor.parallel:run_until_complete finished with '1'
[6.622s] DEBUG:colcon.colcon_core.event_reactor:joining thread
[6.627s] INFO:colcon.colcon_core.plugin_system:Skipping extension 'colcon_notification.desktop_notification.terminal_notifier': Not used on non-Darwin systems
[6.627s] INFO:colcon.colcon_core.plugin_system:Skipping extension 'colcon_notification.desktop_notification.win32': Not used on non-Windows systems
[6.627s] INFO:colcon.colcon_notification.desktop_notification:Sending desktop notification using 'notify2'
[6.637s] DEBUG:colcon.colcon_core.event_reactor:joined thread
[6.637s] INFO:colcon.colcon_core.shell:Creating prefix script '/home/cg-tuf/turtlebot4_flask/clientapp/instance/dcs103e/install/local_setup.ps1'
[6.638s] INFO:colcon.colcon_core.shell:Creating prefix util module '/home/cg-tuf/turtlebot4_flask/clientapp/instance/dcs103e/install/_local_setup_util_ps1.py'
[6.638s] INFO:colcon.colcon_core.shell:Creating prefix chain script '/home/cg-tuf/turtlebot4_flask/clientapp/instance/dcs103e/install/setup.ps1'
[6.639s] INFO:colcon.colcon_core.shell:Creating prefix script '/home/cg-tuf/turtlebot4_flask/clientapp/instance/dcs103e/install/local_setup.sh'
[6.639s] INFO:colcon.colcon_core.shell:Creating prefix util module '/home/cg-tuf/turtlebot4_flask/clientapp/instance/dcs103e/install/_local_setup_util_sh.py'
[6.640s] INFO:colcon.colcon_core.shell:Creating prefix chain script '/home/cg-tuf/turtlebot4_flask/clientapp/instance/dcs103e/install/setup.sh'
[6.640s] INFO:colcon.colcon_core.shell:Creating prefix script '/home/cg-tuf/turtlebot4_flask/clientapp/instance/dcs103e/install/local_setup.bash'
[6.641s] INFO:colcon.colcon_core.shell:Creating prefix chain script '/home/cg-tuf/turtlebot4_flask/clientapp/instance/dcs103e/install/setup.bash'
[6.641s] INFO:colcon.colcon_core.shell:Creating prefix script '/home/cg-tuf/turtlebot4_flask/clientapp/instance/dcs103e/install/local_setup.zsh'
[6.641s] INFO:colcon.colcon_core.shell:Creating prefix chain script '/home/cg-tuf/turtlebot4_flask/clientapp/instance/dcs103e/install/setup.zsh'
