-- Found ament_cmake: 1.3.12 (/opt/ros/humble/share/ament_cmake/cmake)
-- Found rclcpp: 16.0.15 (/opt/ros/humble/share/rclcpp/cmake)
-- Found rosidl_generator_c: 3.1.7 (/opt/ros/humble/share/rosidl_generator_c/cmake)
-- Found rosidl_adapter: 3.1.7 (/opt/ros/humble/share/rosidl_adapter/cmake)
-- Found rosidl_generator_cpp: 3.1.7 (/opt/ros/humble/share/rosidl_generator_cpp/cmake)
-- Using all available rosidl_typesupport_c: rosidl_typesupport_fastrtps_c;rosidl_typesupport_introspection_c
-- Using all available rosidl_typesupport_cpp: rosidl_typesupport_fastrtps_cpp;rosidl_typesupport_introspection_cpp
-- Found rmw_implementation_cmake: 6.1.2 (/opt/ros/humble/share/rmw_implementation_cmake/cmake)
-- Found rmw_fastrtps_cpp: 6.2.8 (/opt/ros/humble/share/rmw_fastrtps_cpp/cmake)
-- Using RMW implementation 'rmw_fastrtps_cpp' as default
-- Found rclcpp_action: 16.0.15 (/opt/ros/humble/share/rclcpp_action/cmake)
-- Found rosidl_default_generators: 1.2.0 (/opt/ros/humble/share/rosidl_default_generators/cmake)
-- Found sensor_msgs: 4.9.0 (/opt/ros/humble/share/sensor_msgs/cmake)
-- Found cv_bridge: 3.2.1 (/opt/ros/humble/share/cv_bridge/cmake)
-- Found std_srvs: 4.9.0 (/opt/ros/humble/share/std_srvs/cmake)
-- Found ament_cmake_ros: 0.10.0 (/opt/ros/humble/share/ament_cmake_ros/cmake)
-- Using all available rosidl_typesupport_c: rosidl_typesupport_fastrtps_c;rosidl_typesupport_introspection_c
-- Using all available rosidl_typesupport_cpp: rosidl_typesupport_fastrtps_cpp;rosidl_typesupport_introspection_cpp
-- Found python_cmake_module: 0.10.0 (/opt/ros/humble/share/python_cmake_module/cmake)
-- Using PYTHON_EXECUTABLE: /usr/bin/python3
-- Using PYTHON_INCLUDE_DIRS: /usr/include/python3.10
-- Using PYTHON_LIBRARIES: /usr/lib/x86_64-linux-gnu/libpython3.10.so
-- Configuring done
-- Generating done
-- Build files have been written to: /home/cg-tuf/turtlebot4_flask/build/jai_rosbridge
[35m[1mConsolidate compiler generated dependencies of target jai_rosbridge__rosidl_generator_c[0m
[  2%] Built target jai_rosbridge__cpp
[  8%] Built target jai_rosbridge__rosidl_generator_c
[35m[1mConsolidate compiler generated dependencies of target jai_rosbridge__rosidl_typesupport_c[0m
[35m[1mConsolidate compiler generated dependencies of target jai_rosbridge__rosidl_typesupport_cpp[0m
[35m[1mConsolidate compiler generated dependencies of target jai_rosbridge__rosidl_typesupport_introspection_cpp[0m
[35m[1mConsolidate compiler generated dependencies of target jai_rosbridge__rosidl_typesupport_fastrtps_c[0m
[35m[1mConsolidate compiler generated dependencies of target jai_rosbridge__rosidl_typesupport_fastrtps_cpp[0m
[  8%] Built target ament_cmake_python_copy_jai_rosbridge
[35m[1mConsolidate compiler generated dependencies of target jai_rosbridge__rosidl_typesupport_introspection_c[0m
[ 23%] [32mBuilding CXX object CMakeFiles/jai_rosbridge__rosidl_typesupport_introspection_cpp.dir/rosidl_typesupport_introspection_cpp/jai_rosbridge/action/detail/hdr_trigger__type_support.cpp.o[0m
[ 41%] Built target jai_rosbridge__rosidl_typesupport_fastrtps_cpp
[ 41%] Built target jai_rosbridge__rosidl_typesupport_fastrtps_c
[ 41%] Built target jai_rosbridge__rosidl_typesupport_cpp
[ 43%] Built target jai_rosbridge__rosidl_typesupport_introspection_c
[ 43%] Built target jai_rosbridge__rosidl_typesupport_c
[35m[1mConsolidate compiler generated dependencies of target jai_node_lib[0m
[ 47%] [32mBuilding CXX object CMakeFiles/jai_node_lib.dir/src/ros/AppConfig.cpp.o[0m
[ 47%] [32mBuilding CXX object CMakeFiles/jai_node_lib.dir/src/ros/JAINode.cpp.o[0m
[ 50%] [32mBuilding CXX object CMakeFiles/jai_node_lib.dir/src/ros/HdrFusion.cpp.o[0m
[ 52%] [32mBuilding CXX object CMakeFiles/jai_node_lib.dir/home/cg-tuf/turtlebot4_flask/clientapp/instance/jai/src/device/Device.cpp.o[0m
[ 54%] [32mBuilding CXX object CMakeFiles/jai_node_lib.dir/home/cg-tuf/turtlebot4_flask/clientapp/instance/jai/src/camera/Camera.cpp.o[0m
[ 56%] [32mBuilding CXX object CMakeFiles/jai_node_lib.dir/home/cg-tuf/turtlebot4_flask/clientapp/instance/jai/src/device/ParamManager.cpp.o[0m
[ 58%] [32mBuilding CXX object CMakeFiles/jai_node_lib.dir/home/cg-tuf/turtlebot4_flask/clientapp/instance/jai/src/acquire/Acquire.cpp.o[0m
[ 60%] [32mBuilding CXX object CMakeFiles/jai_node_lib.dir/home/cg-tuf/turtlebot4_flask/clientapp/instance/jai/src/device/DualDevice.cpp.o[0m
[ 63%] [32mBuilding CXX object CMakeFiles/jai_node_lib.dir/home/cg-tuf/turtlebot4_flask/clientapp/instance/jai/src/logger/Logger.cpp.o[0m
[ 65%] [32mBuilding CXX object CMakeFiles/jai_node_lib.dir/src/ros/JAIHDRNode.cpp.o[0m
[ 67%] [32mBuilding CXX object CMakeFiles/jai_node_lib.dir/home/cg-tuf/turtlebot4_flask/clientapp/instance/jai/src/stream/Stream.cpp.o[0m
[ 69%] [32mBuilding CXX object CMakeFiles/jai_node_lib.dir/home/cg-tuf/turtlebot4_flask/public/proto/cpp/jai.pb.cc.o[0m
running egg_info
writing jai_rosbridge.egg-info/PKG-INFO
writing dependency_links to jai_rosbridge.egg-info/dependency_links.txt
writing top-level names to jai_rosbridge.egg-info/top_level.txt
reading manifest file 'jai_rosbridge.egg-info/SOURCES.txt'
writing manifest file 'jai_rosbridge.egg-info/SOURCES.txt'
[ 69%] Built target ament_cmake_python_build_jai_rosbridge_egg
[ 71%] [32m[1mLinking CXX shared library libjai_rosbridge__rosidl_typesupport_introspection_cpp.so[0m
[ 73%] Built target jai_rosbridge__rosidl_typesupport_introspection_cpp
[ 73%] Built target jai_rosbridge
[ 76%] Built target jai_rosbridge__py
[35m[1mConsolidate compiler generated dependencies of target jai_rosbridge__rosidl_generator_py[0m
[ 80%] Built target jai_rosbridge__rosidl_generator_py
[35m[1mConsolidate compiler generated dependencies of target jai_rosbridge__rosidl_typesupport_introspection_c__pyext[0m
[35m[1mConsolidate compiler generated dependencies of target jai_rosbridge__rosidl_typesupport_c__pyext[0m
[35m[1mConsolidate compiler generated dependencies of target jai_rosbridge__rosidl_typesupport_fastrtps_c__pyext[0m
[ 89%] Built target jai_rosbridge__rosidl_typesupport_introspection_c__pyext
[ 89%] Built target jai_rosbridge__rosidl_typesupport_fastrtps_c__pyext
[ 93%] Built target jai_rosbridge__rosidl_typesupport_c__pyext
[ 95%] [32m[1mLinking CXX shared library libjai_node_lib.so[0m
[ 95%] Built target jai_node_lib
[35m[1mConsolidate compiler generated dependencies of target jai_node[0m
[ 97%] [32mBuilding CXX object CMakeFiles/jai_node.dir/src/jai_node.cpp.o[0m
[100%] [32m[1mLinking CXX executable jai_node[0m
