[  6%] Built target jai_rosbridge__cpp
[  8%] Built target jai_rosbridge__rosidl_generator_c
[  8%] Built target ament_cmake_python_copy_jai_rosbridge
[ 34%] Built target jai_rosbridge__rosidl_typesupport_introspection_cpp
[ 34%] Built target jai_rosbridge__rosidl_typesupport_fastrtps_c
[ 34%] Built target jai_rosbridge__rosidl_typesupport_introspection_c
[ 34%] Built target jai_rosbridge__rosidl_typesupport_c
[ 47%] Built target jai_rosbridge__rosidl_typesupport_cpp
[ 47%] Built target jai_rosbridge__rosidl_typesupport_fastrtps_cpp
[ 47%] Built target jai_rosbridge
[ 76%] Built target jai_node_lib
[ 78%] Built target jai_rosbridge__py
[ 82%] Built target jai_node
[ 86%] Built target jai_rosbridge__rosidl_generator_py
[ 97%] Built target jai_rosbridge__rosidl_typesupport_introspection_c__pyext
[ 97%] Built target jai_rosbridge__rosidl_typesupport_fastrtps_c__pyext
[100%] Built target jai_rosbridge__rosidl_typesupport_c__pyext
running egg_info
writing jai_rosbridge.egg-info/PKG-INFO
writing dependency_links to jai_rosbridge.egg-info/dependency_links.txt
writing top-level names to jai_rosbridge.egg-info/top_level.txt
reading manifest file 'jai_rosbridge.egg-info/SOURCES.txt'
writing manifest file 'jai_rosbridge.egg-info/SOURCES.txt'
[100%] Built target ament_cmake_python_build_jai_rosbridge_egg
-- Install configuration: ""
-- Up-to-date: /home/cg-tuf/turtlebot4_flask/install/jai_rosbridge/share/ament_index/resource_index/rosidl_interfaces/jai_rosbridge
-- Up-to-date: /home/cg-tuf/turtlebot4_flask/install/jai_rosbridge/include/jai_rosbridge/jai_rosbridge
-- Up-to-date: /home/cg-tuf/turtlebot4_flask/install/jai_rosbridge/include/jai_rosbridge/jai_rosbridge/msg
-- Up-to-date: /home/cg-tuf/turtlebot4_flask/install/jai_rosbridge/include/jai_rosbridge/jai_rosbridge/msg/rosidl_generator_c__visibility_control.h
-- Up-to-date: /home/cg-tuf/turtlebot4_flask/install/jai_rosbridge/include/jai_rosbridge/jai_rosbridge/action
-- Up-to-date: /home/cg-tuf/turtlebot4_flask/install/jai_rosbridge/include/jai_rosbridge/jai_rosbridge/action/hdr_trigger.h
-- Up-to-date: /home/cg-tuf/turtlebot4_flask/install/jai_rosbridge/include/jai_rosbridge/jai_rosbridge/action/detail
-- Up-to-date: /home/cg-tuf/turtlebot4_flask/install/jai_rosbridge/include/jai_rosbridge/jai_rosbridge/action/detail/hdr_trigger__struct.h
-- Up-to-date: /home/cg-tuf/turtlebot4_flask/install/jai_rosbridge/include/jai_rosbridge/jai_rosbridge/action/detail/hdr_trigger__functions.c
-- Up-to-date: /home/cg-tuf/turtlebot4_flask/install/jai_rosbridge/include/jai_rosbridge/jai_rosbridge/action/detail/hdr_trigger__type_support.h
-- Up-to-date: /home/cg-tuf/turtlebot4_flask/install/jai_rosbridge/include/jai_rosbridge/jai_rosbridge/action/detail/hdr_trigger__functions.h
-- Up-to-date: /home/cg-tuf/turtlebot4_flask/install/jai_rosbridge/share/jai_rosbridge/environment/library_path.sh
-- Up-to-date: /home/cg-tuf/turtlebot4_flask/install/jai_rosbridge/share/jai_rosbridge/environment/library_path.dsv
-- Up-to-date: /home/cg-tuf/turtlebot4_flask/install/jai_rosbridge/lib/libjai_rosbridge__rosidl_generator_c.so
-- Up-to-date: /home/cg-tuf/turtlebot4_flask/install/jai_rosbridge/include/jai_rosbridge/jai_rosbridge
-- Up-to-date: /home/cg-tuf/turtlebot4_flask/install/jai_rosbridge/include/jai_rosbridge/jai_rosbridge/msg
-- Up-to-date: /home/cg-tuf/turtlebot4_flask/install/jai_rosbridge/include/jai_rosbridge/jai_rosbridge/msg/rosidl_typesupport_fastrtps_c__visibility_control.h
-- Up-to-date: /home/cg-tuf/turtlebot4_flask/install/jai_rosbridge/include/jai_rosbridge/jai_rosbridge/action
-- Up-to-date: /home/cg-tuf/turtlebot4_flask/install/jai_rosbridge/include/jai_rosbridge/jai_rosbridge/action/detail
-- Up-to-date: /home/cg-tuf/turtlebot4_flask/install/jai_rosbridge/include/jai_rosbridge/jai_rosbridge/action/detail/hdr_trigger__rosidl_typesupport_fastrtps_c.h
-- Up-to-date: /home/cg-tuf/turtlebot4_flask/install/jai_rosbridge/lib/libjai_rosbridge__rosidl_typesupport_fastrtps_c.so
-- Up-to-date: /home/cg-tuf/turtlebot4_flask/install/jai_rosbridge/include/jai_rosbridge/jai_rosbridge
-- Up-to-date: /home/cg-tuf/turtlebot4_flask/install/jai_rosbridge/include/jai_rosbridge/jai_rosbridge/msg
-- Up-to-date: /home/cg-tuf/turtlebot4_flask/install/jai_rosbridge/include/jai_rosbridge/jai_rosbridge/msg/rosidl_generator_cpp__visibility_control.hpp
-- Up-to-date: /home/cg-tuf/turtlebot4_flask/install/jai_rosbridge/include/jai_rosbridge/jai_rosbridge/action
-- Up-to-date: /home/cg-tuf/turtlebot4_flask/install/jai_rosbridge/include/jai_rosbridge/jai_rosbridge/action/detail
-- Up-to-date: /home/cg-tuf/turtlebot4_flask/install/jai_rosbridge/include/jai_rosbridge/jai_rosbridge/action/detail/hdr_trigger__traits.hpp
-- Up-to-date: /home/cg-tuf/turtlebot4_flask/install/jai_rosbridge/include/jai_rosbridge/jai_rosbridge/action/detail/hdr_trigger__builder.hpp
-- Up-to-date: /home/cg-tuf/turtlebot4_flask/install/jai_rosbridge/include/jai_rosbridge/jai_rosbridge/action/detail/hdr_trigger__type_support.hpp
-- Up-to-date: /home/cg-tuf/turtlebot4_flask/install/jai_rosbridge/include/jai_rosbridge/jai_rosbridge/action/detail/hdr_trigger__struct.hpp
-- Up-to-date: /home/cg-tuf/turtlebot4_flask/install/jai_rosbridge/include/jai_rosbridge/jai_rosbridge/action/hdr_trigger.hpp
-- Up-to-date: /home/cg-tuf/turtlebot4_flask/install/jai_rosbridge/include/jai_rosbridge/jai_rosbridge
-- Up-to-date: /home/cg-tuf/turtlebot4_flask/install/jai_rosbridge/include/jai_rosbridge/jai_rosbridge/msg
-- Up-to-date: /home/cg-tuf/turtlebot4_flask/install/jai_rosbridge/include/jai_rosbridge/jai_rosbridge/msg/rosidl_typesupport_fastrtps_cpp__visibility_control.h
-- Up-to-date: /home/cg-tuf/turtlebot4_flask/install/jai_rosbridge/include/jai_rosbridge/jai_rosbridge/action
-- Up-to-date: /home/cg-tuf/turtlebot4_flask/install/jai_rosbridge/include/jai_rosbridge/jai_rosbridge/action/detail
-- Up-to-date: /home/cg-tuf/turtlebot4_flask/install/jai_rosbridge/include/jai_rosbridge/jai_rosbridge/action/detail/dds_fastrtps
-- Up-to-date: /home/cg-tuf/turtlebot4_flask/install/jai_rosbridge/include/jai_rosbridge/jai_rosbridge/action/detail/hdr_trigger__rosidl_typesupport_fastrtps_cpp.hpp
-- Up-to-date: /home/cg-tuf/turtlebot4_flask/install/jai_rosbridge/lib/libjai_rosbridge__rosidl_typesupport_fastrtps_cpp.so
-- Up-to-date: /home/cg-tuf/turtlebot4_flask/install/jai_rosbridge/include/jai_rosbridge/jai_rosbridge
-- Up-to-date: /home/cg-tuf/turtlebot4_flask/install/jai_rosbridge/include/jai_rosbridge/jai_rosbridge/msg
-- Up-to-date: /home/cg-tuf/turtlebot4_flask/install/jai_rosbridge/include/jai_rosbridge/jai_rosbridge/msg/rosidl_typesupport_introspection_c__visibility_control.h
-- Up-to-date: /home/cg-tuf/turtlebot4_flask/install/jai_rosbridge/include/jai_rosbridge/jai_rosbridge/action
-- Up-to-date: /home/cg-tuf/turtlebot4_flask/install/jai_rosbridge/include/jai_rosbridge/jai_rosbridge/action/detail
-- Up-to-date: /home/cg-tuf/turtlebot4_flask/install/jai_rosbridge/include/jai_rosbridge/jai_rosbridge/action/detail/hdr_trigger__rosidl_typesupport_introspection_c.h
-- Up-to-date: /home/cg-tuf/turtlebot4_flask/install/jai_rosbridge/include/jai_rosbridge/jai_rosbridge/action/detail/hdr_trigger__type_support.c
-- Up-to-date: /home/cg-tuf/turtlebot4_flask/install/jai_rosbridge/lib/libjai_rosbridge__rosidl_typesupport_introspection_c.so
-- Up-to-date: /home/cg-tuf/turtlebot4_flask/install/jai_rosbridge/lib/libjai_rosbridge__rosidl_typesupport_c.so
-- Up-to-date: /home/cg-tuf/turtlebot4_flask/install/jai_rosbridge/include/jai_rosbridge/jai_rosbridge
-- Up-to-date: /home/cg-tuf/turtlebot4_flask/install/jai_rosbridge/include/jai_rosbridge/jai_rosbridge/action
-- Up-to-date: /home/cg-tuf/turtlebot4_flask/install/jai_rosbridge/include/jai_rosbridge/jai_rosbridge/action/detail
-- Up-to-date: /home/cg-tuf/turtlebot4_flask/install/jai_rosbridge/include/jai_rosbridge/jai_rosbridge/action/detail/hdr_trigger__rosidl_typesupport_introspection_cpp.hpp
-- Up-to-date: /home/cg-tuf/turtlebot4_flask/install/jai_rosbridge/include/jai_rosbridge/jai_rosbridge/action/detail/hdr_trigger__type_support.cpp
-- Up-to-date: /home/cg-tuf/turtlebot4_flask/install/jai_rosbridge/lib/libjai_rosbridge__rosidl_typesupport_introspection_cpp.so
-- Up-to-date: /home/cg-tuf/turtlebot4_flask/install/jai_rosbridge/lib/libjai_rosbridge__rosidl_typesupport_cpp.so
-- Up-to-date: /home/cg-tuf/turtlebot4_flask/install/jai_rosbridge/share/jai_rosbridge/environment/pythonpath.sh
-- Up-to-date: /home/cg-tuf/turtlebot4_flask/install/jai_rosbridge/share/jai_rosbridge/environment/pythonpath.dsv
-- Up-to-date: /home/cg-tuf/turtlebot4_flask/install/jai_rosbridge/local/lib/python3.10/dist-packages/jai_rosbridge-0.0.0-py3.10.egg-info
-- Installing: /home/cg-tuf/turtlebot4_flask/install/jai_rosbridge/local/lib/python3.10/dist-packages/jai_rosbridge-0.0.0-py3.10.egg-info/SOURCES.txt
-- Installing: /home/cg-tuf/turtlebot4_flask/install/jai_rosbridge/local/lib/python3.10/dist-packages/jai_rosbridge-0.0.0-py3.10.egg-info/top_level.txt
-- Installing: /home/cg-tuf/turtlebot4_flask/install/jai_rosbridge/local/lib/python3.10/dist-packages/jai_rosbridge-0.0.0-py3.10.egg-info/dependency_links.txt
-- Installing: /home/cg-tuf/turtlebot4_flask/install/jai_rosbridge/local/lib/python3.10/dist-packages/jai_rosbridge-0.0.0-py3.10.egg-info/PKG-INFO
-- Up-to-date: /home/cg-tuf/turtlebot4_flask/install/jai_rosbridge/local/lib/python3.10/dist-packages/jai_rosbridge
-- Up-to-date: /home/cg-tuf/turtlebot4_flask/install/jai_rosbridge/local/lib/python3.10/dist-packages/jai_rosbridge/jai_rosbridge_s__rosidl_typesupport_c.cpython-310-x86_64-linux-gnu.so
-- Up-to-date: /home/cg-tuf/turtlebot4_flask/install/jai_rosbridge/local/lib/python3.10/dist-packages/jai_rosbridge/_jai_rosbridge_s.ep.rosidl_typesupport_introspection_c.c
-- Up-to-date: /home/cg-tuf/turtlebot4_flask/install/jai_rosbridge/local/lib/python3.10/dist-packages/jai_rosbridge/jai_rosbridge_s__rosidl_typesupport_introspection_c.cpython-310-x86_64-linux-gnu.so
-- Up-to-date: /home/cg-tuf/turtlebot4_flask/install/jai_rosbridge/local/lib/python3.10/dist-packages/jai_rosbridge/action
-- Up-to-date: /home/cg-tuf/turtlebot4_flask/install/jai_rosbridge/local/lib/python3.10/dist-packages/jai_rosbridge/action/__init__.py
-- Up-to-date: /home/cg-tuf/turtlebot4_flask/install/jai_rosbridge/local/lib/python3.10/dist-packages/jai_rosbridge/action/_hdr_trigger_s.c
-- Up-to-date: /home/cg-tuf/turtlebot4_flask/install/jai_rosbridge/local/lib/python3.10/dist-packages/jai_rosbridge/action/_hdr_trigger.py
-- Up-to-date: /home/cg-tuf/turtlebot4_flask/install/jai_rosbridge/local/lib/python3.10/dist-packages/jai_rosbridge/libjai_rosbridge__rosidl_generator_py.so
-- Up-to-date: /home/cg-tuf/turtlebot4_flask/install/jai_rosbridge/local/lib/python3.10/dist-packages/jai_rosbridge/jai_rosbridge_s__rosidl_typesupport_fastrtps_c.cpython-310-x86_64-linux-gnu.so
-- Up-to-date: /home/cg-tuf/turtlebot4_flask/install/jai_rosbridge/local/lib/python3.10/dist-packages/jai_rosbridge/_jai_rosbridge_s.ep.rosidl_typesupport_fastrtps_c.c
-- Up-to-date: /home/cg-tuf/turtlebot4_flask/install/jai_rosbridge/local/lib/python3.10/dist-packages/jai_rosbridge/__init__.py
-- Up-to-date: /home/cg-tuf/turtlebot4_flask/install/jai_rosbridge/local/lib/python3.10/dist-packages/jai_rosbridge/_jai_rosbridge_s.ep.rosidl_typesupport_c.c
Listing '/home/cg-tuf/turtlebot4_flask/install/jai_rosbridge/local/lib/python3.10/dist-packages/jai_rosbridge'...
Listing '/home/cg-tuf/turtlebot4_flask/install/jai_rosbridge/local/lib/python3.10/dist-packages/jai_rosbridge/action'...
-- Up-to-date: /home/cg-tuf/turtlebot4_flask/install/jai_rosbridge/local/lib/python3.10/dist-packages/jai_rosbridge/jai_rosbridge_s__rosidl_typesupport_fastrtps_c.cpython-310-x86_64-linux-gnu.so
-- Up-to-date: /home/cg-tuf/turtlebot4_flask/install/jai_rosbridge/local/lib/python3.10/dist-packages/jai_rosbridge/jai_rosbridge_s__rosidl_typesupport_introspection_c.cpython-310-x86_64-linux-gnu.so
-- Up-to-date: /home/cg-tuf/turtlebot4_flask/install/jai_rosbridge/local/lib/python3.10/dist-packages/jai_rosbridge/jai_rosbridge_s__rosidl_typesupport_c.cpython-310-x86_64-linux-gnu.so
-- Up-to-date: /home/cg-tuf/turtlebot4_flask/install/jai_rosbridge/lib/libjai_rosbridge__rosidl_generator_py.so
-- Up-to-date: /home/cg-tuf/turtlebot4_flask/install/jai_rosbridge/share/jai_rosbridge/action/HDRTrigger.idl
-- Up-to-date: /home/cg-tuf/turtlebot4_flask/install/jai_rosbridge/share/jai_rosbridge/action/HDRTrigger.action
-- Up-to-date: /home/cg-tuf/turtlebot4_flask/install/jai_rosbridge/lib/jai_rosbridge/jai_node
-- Up-to-date: /home/cg-tuf/turtlebot4_flask/install/jai_rosbridge/lib/libjai_node_lib.so
-- Up-to-date: /home/cg-tuf/turtlebot4_flask/install/jai_rosbridge/share/ament_index/resource_index/package_run_dependencies/jai_rosbridge
-- Up-to-date: /home/cg-tuf/turtlebot4_flask/install/jai_rosbridge/share/ament_index/resource_index/parent_prefix_path/jai_rosbridge
-- Up-to-date: /home/cg-tuf/turtlebot4_flask/install/jai_rosbridge/share/jai_rosbridge/environment/ament_prefix_path.sh
-- Up-to-date: /home/cg-tuf/turtlebot4_flask/install/jai_rosbridge/share/jai_rosbridge/environment/ament_prefix_path.dsv
-- Up-to-date: /home/cg-tuf/turtlebot4_flask/install/jai_rosbridge/share/jai_rosbridge/environment/path.sh
-- Up-to-date: /home/cg-tuf/turtlebot4_flask/install/jai_rosbridge/share/jai_rosbridge/environment/path.dsv
-- Up-to-date: /home/cg-tuf/turtlebot4_flask/install/jai_rosbridge/share/jai_rosbridge/local_setup.bash
-- Up-to-date: /home/cg-tuf/turtlebot4_flask/install/jai_rosbridge/share/jai_rosbridge/local_setup.sh
-- Up-to-date: /home/cg-tuf/turtlebot4_flask/install/jai_rosbridge/share/jai_rosbridge/local_setup.zsh
-- Up-to-date: /home/cg-tuf/turtlebot4_flask/install/jai_rosbridge/share/jai_rosbridge/local_setup.dsv
-- Installing: /home/cg-tuf/turtlebot4_flask/install/jai_rosbridge/share/jai_rosbridge/package.dsv
-- Up-to-date: /home/cg-tuf/turtlebot4_flask/install/jai_rosbridge/share/ament_index/resource_index/packages/jai_rosbridge
-- Up-to-date: /home/cg-tuf/turtlebot4_flask/install/jai_rosbridge/share/jai_rosbridge/cmake/export_jai_rosbridge__rosidl_generator_cExport.cmake
-- Up-to-date: /home/cg-tuf/turtlebot4_flask/install/jai_rosbridge/share/jai_rosbridge/cmake/export_jai_rosbridge__rosidl_generator_cExport-noconfig.cmake
-- Up-to-date: /home/cg-tuf/turtlebot4_flask/install/jai_rosbridge/share/jai_rosbridge/cmake/export_jai_rosbridge__rosidl_typesupport_fastrtps_cExport.cmake
-- Up-to-date: /home/cg-tuf/turtlebot4_flask/install/jai_rosbridge/share/jai_rosbridge/cmake/export_jai_rosbridge__rosidl_typesupport_fastrtps_cExport-noconfig.cmake
-- Up-to-date: /home/cg-tuf/turtlebot4_flask/install/jai_rosbridge/share/jai_rosbridge/cmake/export_jai_rosbridge__rosidl_generator_cppExport.cmake
-- Up-to-date: /home/cg-tuf/turtlebot4_flask/install/jai_rosbridge/share/jai_rosbridge/cmake/export_jai_rosbridge__rosidl_typesupport_fastrtps_cppExport.cmake
-- Up-to-date: /home/cg-tuf/turtlebot4_flask/install/jai_rosbridge/share/jai_rosbridge/cmake/export_jai_rosbridge__rosidl_typesupport_fastrtps_cppExport-noconfig.cmake
-- Up-to-date: /home/cg-tuf/turtlebot4_flask/install/jai_rosbridge/share/jai_rosbridge/cmake/jai_rosbridge__rosidl_typesupport_introspection_cExport.cmake
-- Up-to-date: /home/cg-tuf/turtlebot4_flask/install/jai_rosbridge/share/jai_rosbridge/cmake/jai_rosbridge__rosidl_typesupport_introspection_cExport-noconfig.cmake
-- Up-to-date: /home/cg-tuf/turtlebot4_flask/install/jai_rosbridge/share/jai_rosbridge/cmake/jai_rosbridge__rosidl_typesupport_cExport.cmake
-- Up-to-date: /home/cg-tuf/turtlebot4_flask/install/jai_rosbridge/share/jai_rosbridge/cmake/jai_rosbridge__rosidl_typesupport_cExport-noconfig.cmake
-- Up-to-date: /home/cg-tuf/turtlebot4_flask/install/jai_rosbridge/share/jai_rosbridge/cmake/jai_rosbridge__rosidl_typesupport_introspection_cppExport.cmake
-- Up-to-date: /home/cg-tuf/turtlebot4_flask/install/jai_rosbridge/share/jai_rosbridge/cmake/jai_rosbridge__rosidl_typesupport_introspection_cppExport-noconfig.cmake
-- Up-to-date: /home/cg-tuf/turtlebot4_flask/install/jai_rosbridge/share/jai_rosbridge/cmake/jai_rosbridge__rosidl_typesupport_cppExport.cmake
-- Up-to-date: /home/cg-tuf/turtlebot4_flask/install/jai_rosbridge/share/jai_rosbridge/cmake/jai_rosbridge__rosidl_typesupport_cppExport-noconfig.cmake
-- Up-to-date: /home/cg-tuf/turtlebot4_flask/install/jai_rosbridge/share/jai_rosbridge/cmake/export_jai_rosbridge__rosidl_generator_pyExport.cmake
-- Up-to-date: /home/cg-tuf/turtlebot4_flask/install/jai_rosbridge/share/jai_rosbridge/cmake/export_jai_rosbridge__rosidl_generator_pyExport-noconfig.cmake
-- Up-to-date: /home/cg-tuf/turtlebot4_flask/install/jai_rosbridge/share/jai_rosbridge/cmake/rosidl_cmake-extras.cmake
-- Up-to-date: /home/cg-tuf/turtlebot4_flask/install/jai_rosbridge/share/jai_rosbridge/cmake/ament_cmake_export_dependencies-extras.cmake
-- Up-to-date: /home/cg-tuf/turtlebot4_flask/install/jai_rosbridge/share/jai_rosbridge/cmake/ament_cmake_export_include_directories-extras.cmake
-- Up-to-date: /home/cg-tuf/turtlebot4_flask/install/jai_rosbridge/share/jai_rosbridge/cmake/ament_cmake_export_libraries-extras.cmake
-- Up-to-date: /home/cg-tuf/turtlebot4_flask/install/jai_rosbridge/share/jai_rosbridge/cmake/ament_cmake_export_targets-extras.cmake
-- Up-to-date: /home/cg-tuf/turtlebot4_flask/install/jai_rosbridge/share/jai_rosbridge/cmake/rosidl_cmake_export_typesupport_targets-extras.cmake
-- Up-to-date: /home/cg-tuf/turtlebot4_flask/install/jai_rosbridge/share/jai_rosbridge/cmake/rosidl_cmake_export_typesupport_libraries-extras.cmake
-- Up-to-date: /home/cg-tuf/turtlebot4_flask/install/jai_rosbridge/share/jai_rosbridge/cmake/jai_rosbridgeConfig.cmake
-- Up-to-date: /home/cg-tuf/turtlebot4_flask/install/jai_rosbridge/share/jai_rosbridge/cmake/jai_rosbridgeConfig-version.cmake
-- Up-to-date: /home/cg-tuf/turtlebot4_flask/install/jai_rosbridge/share/jai_rosbridge/package.xml
