[0.607s] Invoking command in '/home/cg-tuf/turtlebot4_flask/piper_ws/src/Piper_ros/src/piper': PYTHONPATH=/home/cg-tuf/turtlebot4_flask/build/piper/prefix_override:/usr/lib/python3/dist-packages/colcon_core/task/python/colcon_distutils_commands:/home/cg-tuf/turtlebot4_flask/install/piper/lib/python3.10/site-packages:${PYTHONPATH} /usr/bin/python3 -W ignore:setup.py install is deprecated -W ignore:easy_install command is deprecated setup.py egg_info --egg-base ../../../../../build/piper build --build-base /home/cg-tuf/turtlebot4_flask/build/piper/build install --record /home/cg-tuf/turtlebot4_flask/build/piper/install.log --single-version-externally-managed install_data
[0.757s] running egg_info
[0.757s] writing ../../../../../build/piper/piper.egg-info/PKG-INFO
[0.758s] writing dependency_links to ../../../../../build/piper/piper.egg-info/dependency_links.txt
[0.758s] writing entry points to ../../../../../build/piper/piper.egg-info/entry_points.txt
[0.758s] writing requirements to ../../../../../build/piper/piper.egg-info/requires.txt
[0.758s] writing top-level names to ../../../../../build/piper/piper.egg-info/top_level.txt
[0.760s] reading manifest file '../../../../../build/piper/piper.egg-info/SOURCES.txt'
[0.760s] adding license file 'LICENSE'
[0.760s] writing manifest file '../../../../../build/piper/piper.egg-info/SOURCES.txt'
[0.760s] running build
[0.760s] running build_py
[0.761s] running install
[0.761s] running install_lib
[0.762s] running install_data
[0.763s] running install_egg_info
[0.764s] removing '/home/cg-tuf/turtlebot4_flask/install/piper/lib/python3.10/site-packages/piper-0.0.0-py3.10.egg-info' (and everything under it)
[0.765s] Copying ../../../../../build/piper/piper.egg-info to /home/cg-tuf/turtlebot4_flask/install/piper/lib/python3.10/site-packages/piper-0.0.0-py3.10.egg-info
[0.765s] running install_scripts
[0.789s] Installing auto_motion script to /home/cg-tuf/turtlebot4_flask/install/piper/lib/piper
[0.790s] Installing auto_motion_service script to /home/cg-tuf/turtlebot4_flask/install/piper/lib/piper
[0.790s] Installing move_arm_service script to /home/cg-tuf/turtlebot4_flask/install/piper/lib/piper
[0.790s] Installing piper_read_slave_joint script to /home/cg-tuf/turtlebot4_flask/install/piper/lib/piper
[0.790s] Installing piper_single_ctrl script to /home/cg-tuf/turtlebot4_flask/install/piper/lib/piper
[0.791s] writing list of installed files to '/home/cg-tuf/turtlebot4_flask/build/piper/install.log'
[0.838s] Invoked command in '/home/cg-tuf/turtlebot4_flask/piper_ws/src/Piper_ros/src/piper' returned '0': PYTHONPATH=/home/cg-tuf/turtlebot4_flask/build/piper/prefix_override:/usr/lib/python3/dist-packages/colcon_core/task/python/colcon_distutils_commands:/home/cg-tuf/turtlebot4_flask/install/piper/lib/python3.10/site-packages:${PYTHONPATH} /usr/bin/python3 -W ignore:setup.py install is deprecated -W ignore:easy_install command is deprecated setup.py egg_info --egg-base ../../../../../build/piper build --build-base /home/cg-tuf/turtlebot4_flask/build/piper/build install --record /home/cg-tuf/turtlebot4_flask/build/piper/install.log --single-version-externally-managed install_data
