[0.026s] Invoking command in '/home/cg-tuf/turtlebot4_flask/build/piper_msgs': CMAKE_PREFIX_PATH=/opt/ros/humble /usr/bin/cmake --build /home/cg-tuf/turtlebot4_flask/build/piper_msgs -- -j16 -l16
[0.262s] [  1%] Built target piper_msgs__cpp
[0.263s] [ 11%] Built target ament_cmake_python_copy_piper_msgs
[0.263s] [ 12%] Built target piper_msgs__rosidl_generator_c
[0.263s] [ 33%] Built target piper_msgs__rosidl_typesupport_cpp
[0.263s] [ 44%] Built target piper_msgs__rosidl_typesupport_fastrtps_cpp
[0.263s] [ 46%] Built target piper_msgs__rosidl_typesupport_introspection_cpp
[0.263s] [ 74%] Built target piper_msgs__rosidl_typesupport_c
[0.263s] [ 79%] Built target piper_msgs__rosidl_typesupport_fastrtps_c
[0.263s] [ 79%] Built target piper_msgs__rosidl_typesupport_introspection_c
[0.263s] [ 79%] Built target piper_msgs
[0.263s] [ 80%] Built target piper_msgs__py
[0.263s] [ 90%] Built target piper_msgs__rosidl_generator_py
[0.263s] [100%] Built target piper_msgs__rosidl_typesupport_c__pyext
[0.263s] [100%] Built target piper_msgs__rosidl_typesupport_introspection_c__pyext
[0.263s] [100%] Built target piper_msgs__rosidl_typesupport_fastrtps_c__pyext
[0.290s] running egg_info
[0.292s] writing piper_msgs.egg-info/PKG-INFO
[0.292s] writing dependency_links to piper_msgs.egg-info/dependency_links.txt
[0.292s] writing top-level names to piper_msgs.egg-info/top_level.txt
[0.295s] reading manifest file 'piper_msgs.egg-info/SOURCES.txt'
[0.295s] writing manifest file 'piper_msgs.egg-info/SOURCES.txt'
[0.362s] [100%] Built target ament_cmake_python_build_piper_msgs_egg
[0.376s] Invoked command in '/home/cg-tuf/turtlebot4_flask/build/piper_msgs' returned '0': CMAKE_PREFIX_PATH=/opt/ros/humble /usr/bin/cmake --build /home/cg-tuf/turtlebot4_flask/build/piper_msgs -- -j16 -l16
[0.377s] Invoking command in '/home/cg-tuf/turtlebot4_flask/build/piper_msgs': CMAKE_PREFIX_PATH=/opt/ros/humble /usr/bin/cmake --install /home/cg-tuf/turtlebot4_flask/build/piper_msgs
[0.384s] -- Install configuration: ""
[0.385s] -- Up-to-date: /home/cg-tuf/turtlebot4_flask/install/piper_msgs/share/ament_index/resource_index/rosidl_interfaces/piper_msgs
[0.385s] -- Up-to-date: /home/cg-tuf/turtlebot4_flask/install/piper_msgs/include/piper_msgs/piper_msgs
[0.385s] -- Up-to-date: /home/cg-tuf/turtlebot4_flask/install/piper_msgs/include/piper_msgs/piper_msgs/msg
[0.386s] -- Up-to-date: /home/cg-tuf/turtlebot4_flask/install/piper_msgs/include/piper_msgs/piper_msgs/msg/pos_cmd.h
[0.386s] -- Up-to-date: /home/cg-tuf/turtlebot4_flask/install/piper_msgs/include/piper_msgs/piper_msgs/msg/rosidl_generator_c__visibility_control.h
[0.386s] -- Up-to-date: /home/cg-tuf/turtlebot4_flask/install/piper_msgs/include/piper_msgs/piper_msgs/msg/detail
[0.386s] -- Up-to-date: /home/cg-tuf/turtlebot4_flask/install/piper_msgs/include/piper_msgs/piper_msgs/msg/detail/piper_status_msg__functions.c
[0.387s] -- Up-to-date: /home/cg-tuf/turtlebot4_flask/install/piper_msgs/include/piper_msgs/piper_msgs/msg/detail/pos_cmd__type_support.h
[0.387s] -- Up-to-date: /home/cg-tuf/turtlebot4_flask/install/piper_msgs/include/piper_msgs/piper_msgs/msg/detail/piper_status_msg__type_support.h
[0.387s] -- Up-to-date: /home/cg-tuf/turtlebot4_flask/install/piper_msgs/include/piper_msgs/piper_msgs/msg/detail/piper_status_msg__struct.h
[0.387s] -- Up-to-date: /home/cg-tuf/turtlebot4_flask/install/piper_msgs/include/piper_msgs/piper_msgs/msg/detail/pos_cmd__functions.c
[0.387s] -- Up-to-date: /home/cg-tuf/turtlebot4_flask/install/piper_msgs/include/piper_msgs/piper_msgs/msg/detail/pos_cmd__functions.h
[0.387s] -- Up-to-date: /home/cg-tuf/turtlebot4_flask/install/piper_msgs/include/piper_msgs/piper_msgs/msg/detail/piper_status_msg__functions.h
[0.387s] -- Up-to-date: /home/cg-tuf/turtlebot4_flask/install/piper_msgs/include/piper_msgs/piper_msgs/msg/detail/pos_cmd__struct.h
[0.387s] -- Up-to-date: /home/cg-tuf/turtlebot4_flask/install/piper_msgs/include/piper_msgs/piper_msgs/msg/piper_status_msg.h
[0.387s] -- Up-to-date: /home/cg-tuf/turtlebot4_flask/install/piper_msgs/include/piper_msgs/piper_msgs/srv
[0.387s] -- Up-to-date: /home/cg-tuf/turtlebot4_flask/install/piper_msgs/include/piper_msgs/piper_msgs/srv/move_arm.h
[0.388s] -- Up-to-date: /home/cg-tuf/turtlebot4_flask/install/piper_msgs/include/piper_msgs/piper_msgs/srv/enable.h
[0.388s] -- Up-to-date: /home/cg-tuf/turtlebot4_flask/install/piper_msgs/include/piper_msgs/piper_msgs/srv/detail
[0.388s] -- Up-to-date: /home/cg-tuf/turtlebot4_flask/install/piper_msgs/include/piper_msgs/piper_msgs/srv/detail/enable__functions.c
[0.388s] -- Up-to-date: /home/cg-tuf/turtlebot4_flask/install/piper_msgs/include/piper_msgs/piper_msgs/srv/detail/enable__struct.h
[0.388s] -- Up-to-date: /home/cg-tuf/turtlebot4_flask/install/piper_msgs/include/piper_msgs/piper_msgs/srv/detail/enable__functions.h
[0.388s] -- Up-to-date: /home/cg-tuf/turtlebot4_flask/install/piper_msgs/include/piper_msgs/piper_msgs/srv/detail/enable__type_support.h
[0.389s] -- Up-to-date: /home/cg-tuf/turtlebot4_flask/install/piper_msgs/include/piper_msgs/piper_msgs/srv/detail/auto_motion_toggle__struct.h
[0.390s] -- Up-to-date: /home/cg-tuf/turtlebot4_flask/install/piper_msgs/include/piper_msgs/piper_msgs/srv/detail/auto_motion_toggle__functions.c
[0.390s] -- Up-to-date: /home/cg-tuf/turtlebot4_flask/install/piper_msgs/include/piper_msgs/piper_msgs/srv/detail/move_arm__struct.h
[0.390s] -- Up-to-date: /home/cg-tuf/turtlebot4_flask/install/piper_msgs/include/piper_msgs/piper_msgs/srv/detail/move_arm__functions.c
[0.390s] -- Up-to-date: /home/cg-tuf/turtlebot4_flask/install/piper_msgs/include/piper_msgs/piper_msgs/srv/detail/auto_motion_toggle__type_support.h
[0.390s] -- Up-to-date: /home/cg-tuf/turtlebot4_flask/install/piper_msgs/include/piper_msgs/piper_msgs/srv/detail/auto_motion_toggle__functions.h
[0.390s] -- Up-to-date: /home/cg-tuf/turtlebot4_flask/install/piper_msgs/include/piper_msgs/piper_msgs/srv/detail/move_arm__type_support.h
[0.390s] -- Up-to-date: /home/cg-tuf/turtlebot4_flask/install/piper_msgs/include/piper_msgs/piper_msgs/srv/detail/move_arm__functions.h
[0.390s] -- Up-to-date: /home/cg-tuf/turtlebot4_flask/install/piper_msgs/include/piper_msgs/piper_msgs/srv/auto_motion_toggle.h
[0.390s] -- Up-to-date: /home/cg-tuf/turtlebot4_flask/install/piper_msgs/share/piper_msgs/environment/library_path.sh
[0.390s] -- Up-to-date: /home/cg-tuf/turtlebot4_flask/install/piper_msgs/share/piper_msgs/environment/library_path.dsv
[0.390s] -- Up-to-date: /home/cg-tuf/turtlebot4_flask/install/piper_msgs/lib/libpiper_msgs__rosidl_generator_c.so
[0.390s] -- Up-to-date: /home/cg-tuf/turtlebot4_flask/install/piper_msgs/include/piper_msgs/piper_msgs
[0.390s] -- Up-to-date: /home/cg-tuf/turtlebot4_flask/install/piper_msgs/include/piper_msgs/piper_msgs/msg
[0.390s] -- Up-to-date: /home/cg-tuf/turtlebot4_flask/install/piper_msgs/include/piper_msgs/piper_msgs/msg/rosidl_typesupport_fastrtps_c__visibility_control.h
[0.390s] -- Up-to-date: /home/cg-tuf/turtlebot4_flask/install/piper_msgs/include/piper_msgs/piper_msgs/msg/detail
[0.390s] -- Up-to-date: /home/cg-tuf/turtlebot4_flask/install/piper_msgs/include/piper_msgs/piper_msgs/msg/detail/piper_status_msg__rosidl_typesupport_fastrtps_c.h
[0.390s] -- Up-to-date: /home/cg-tuf/turtlebot4_flask/install/piper_msgs/include/piper_msgs/piper_msgs/msg/detail/pos_cmd__rosidl_typesupport_fastrtps_c.h
[0.390s] -- Up-to-date: /home/cg-tuf/turtlebot4_flask/install/piper_msgs/include/piper_msgs/piper_msgs/srv
[0.390s] -- Up-to-date: /home/cg-tuf/turtlebot4_flask/install/piper_msgs/include/piper_msgs/piper_msgs/srv/detail
[0.390s] -- Up-to-date: /home/cg-tuf/turtlebot4_flask/install/piper_msgs/include/piper_msgs/piper_msgs/srv/detail/enable__rosidl_typesupport_fastrtps_c.h
[0.390s] -- Up-to-date: /home/cg-tuf/turtlebot4_flask/install/piper_msgs/include/piper_msgs/piper_msgs/srv/detail/auto_motion_toggle__rosidl_typesupport_fastrtps_c.h
[0.390s] -- Up-to-date: /home/cg-tuf/turtlebot4_flask/install/piper_msgs/include/piper_msgs/piper_msgs/srv/detail/move_arm__rosidl_typesupport_fastrtps_c.h
[0.391s] -- Up-to-date: /home/cg-tuf/turtlebot4_flask/install/piper_msgs/lib/libpiper_msgs__rosidl_typesupport_fastrtps_c.so
[0.391s] -- Up-to-date: /home/cg-tuf/turtlebot4_flask/install/piper_msgs/include/piper_msgs/piper_msgs
[0.391s] -- Up-to-date: /home/cg-tuf/turtlebot4_flask/install/piper_msgs/include/piper_msgs/piper_msgs/msg
[0.391s] -- Up-to-date: /home/cg-tuf/turtlebot4_flask/install/piper_msgs/include/piper_msgs/piper_msgs/msg/rosidl_typesupport_introspection_c__visibility_control.h
[0.391s] -- Up-to-date: /home/cg-tuf/turtlebot4_flask/install/piper_msgs/include/piper_msgs/piper_msgs/msg/detail
[0.391s] -- Up-to-date: /home/cg-tuf/turtlebot4_flask/install/piper_msgs/include/piper_msgs/piper_msgs/msg/detail/pos_cmd__rosidl_typesupport_introspection_c.h
[0.391s] -- Up-to-date: /home/cg-tuf/turtlebot4_flask/install/piper_msgs/include/piper_msgs/piper_msgs/msg/detail/piper_status_msg__rosidl_typesupport_introspection_c.h
[0.391s] -- Up-to-date: /home/cg-tuf/turtlebot4_flask/install/piper_msgs/include/piper_msgs/piper_msgs/msg/detail/piper_status_msg__type_support.c
[0.392s] -- Up-to-date: /home/cg-tuf/turtlebot4_flask/install/piper_msgs/include/piper_msgs/piper_msgs/msg/detail/pos_cmd__type_support.c
[0.392s] -- Up-to-date: /home/cg-tuf/turtlebot4_flask/install/piper_msgs/include/piper_msgs/piper_msgs/srv
[0.392s] -- Up-to-date: /home/cg-tuf/turtlebot4_flask/install/piper_msgs/include/piper_msgs/piper_msgs/srv/detail
[0.392s] -- Up-to-date: /home/cg-tuf/turtlebot4_flask/install/piper_msgs/include/piper_msgs/piper_msgs/srv/detail/auto_motion_toggle__rosidl_typesupport_introspection_c.h
[0.392s] -- Up-to-date: /home/cg-tuf/turtlebot4_flask/install/piper_msgs/include/piper_msgs/piper_msgs/srv/detail/move_arm__type_support.c
[0.392s] -- Up-to-date: /home/cg-tuf/turtlebot4_flask/install/piper_msgs/include/piper_msgs/piper_msgs/srv/detail/enable__type_support.c
[0.392s] -- Up-to-date: /home/cg-tuf/turtlebot4_flask/install/piper_msgs/include/piper_msgs/piper_msgs/srv/detail/enable__rosidl_typesupport_introspection_c.h
[0.392s] -- Up-to-date: /home/cg-tuf/turtlebot4_flask/install/piper_msgs/include/piper_msgs/piper_msgs/srv/detail/auto_motion_toggle__type_support.c
[0.392s] -- Up-to-date: /home/cg-tuf/turtlebot4_flask/install/piper_msgs/include/piper_msgs/piper_msgs/srv/detail/move_arm__rosidl_typesupport_introspection_c.h
[0.392s] -- Up-to-date: /home/cg-tuf/turtlebot4_flask/install/piper_msgs/lib/libpiper_msgs__rosidl_typesupport_introspection_c.so
[0.392s] -- Up-to-date: /home/cg-tuf/turtlebot4_flask/install/piper_msgs/lib/libpiper_msgs__rosidl_typesupport_c.so
[0.392s] -- Up-to-date: /home/cg-tuf/turtlebot4_flask/install/piper_msgs/include/piper_msgs/piper_msgs
[0.392s] -- Up-to-date: /home/cg-tuf/turtlebot4_flask/install/piper_msgs/include/piper_msgs/piper_msgs/msg
[0.392s] -- Up-to-date: /home/cg-tuf/turtlebot4_flask/install/piper_msgs/include/piper_msgs/piper_msgs/msg/piper_status_msg.hpp
[0.392s] -- Up-to-date: /home/cg-tuf/turtlebot4_flask/install/piper_msgs/include/piper_msgs/piper_msgs/msg/pos_cmd.hpp
[0.392s] -- Up-to-date: /home/cg-tuf/turtlebot4_flask/install/piper_msgs/include/piper_msgs/piper_msgs/msg/detail
[0.392s] -- Up-to-date: /home/cg-tuf/turtlebot4_flask/install/piper_msgs/include/piper_msgs/piper_msgs/msg/detail/piper_status_msg__traits.hpp
[0.392s] -- Up-to-date: /home/cg-tuf/turtlebot4_flask/install/piper_msgs/include/piper_msgs/piper_msgs/msg/detail/pos_cmd__struct.hpp
[0.392s] -- Up-to-date: /home/cg-tuf/turtlebot4_flask/install/piper_msgs/include/piper_msgs/piper_msgs/msg/detail/piper_status_msg__builder.hpp
[0.393s] -- Up-to-date: /home/cg-tuf/turtlebot4_flask/install/piper_msgs/include/piper_msgs/piper_msgs/msg/detail/pos_cmd__type_support.hpp
[0.393s] -- Up-to-date: /home/cg-tuf/turtlebot4_flask/install/piper_msgs/include/piper_msgs/piper_msgs/msg/detail/pos_cmd__builder.hpp
[0.393s] -- Up-to-date: /home/cg-tuf/turtlebot4_flask/install/piper_msgs/include/piper_msgs/piper_msgs/msg/detail/pos_cmd__traits.hpp
[0.393s] -- Up-to-date: /home/cg-tuf/turtlebot4_flask/install/piper_msgs/include/piper_msgs/piper_msgs/msg/detail/piper_status_msg__type_support.hpp
[0.393s] -- Up-to-date: /home/cg-tuf/turtlebot4_flask/install/piper_msgs/include/piper_msgs/piper_msgs/msg/detail/piper_status_msg__struct.hpp
[0.393s] -- Up-to-date: /home/cg-tuf/turtlebot4_flask/install/piper_msgs/include/piper_msgs/piper_msgs/msg/rosidl_generator_cpp__visibility_control.hpp
[0.393s] -- Up-to-date: /home/cg-tuf/turtlebot4_flask/install/piper_msgs/include/piper_msgs/piper_msgs/srv
[0.393s] -- Up-to-date: /home/cg-tuf/turtlebot4_flask/install/piper_msgs/include/piper_msgs/piper_msgs/srv/move_arm.hpp
[0.393s] -- Up-to-date: /home/cg-tuf/turtlebot4_flask/install/piper_msgs/include/piper_msgs/piper_msgs/srv/enable.hpp
[0.393s] -- Up-to-date: /home/cg-tuf/turtlebot4_flask/install/piper_msgs/include/piper_msgs/piper_msgs/srv/detail
[0.393s] -- Up-to-date: /home/cg-tuf/turtlebot4_flask/install/piper_msgs/include/piper_msgs/piper_msgs/srv/detail/auto_motion_toggle__builder.hpp
[0.393s] -- Up-to-date: /home/cg-tuf/turtlebot4_flask/install/piper_msgs/include/piper_msgs/piper_msgs/srv/detail/enable__builder.hpp
[0.393s] -- Up-to-date: /home/cg-tuf/turtlebot4_flask/install/piper_msgs/include/piper_msgs/piper_msgs/srv/detail/enable__traits.hpp
[0.393s] -- Up-to-date: /home/cg-tuf/turtlebot4_flask/install/piper_msgs/include/piper_msgs/piper_msgs/srv/detail/enable__type_support.hpp
[0.393s] -- Up-to-date: /home/cg-tuf/turtlebot4_flask/install/piper_msgs/include/piper_msgs/piper_msgs/srv/detail/move_arm__builder.hpp
[0.393s] -- Up-to-date: /home/cg-tuf/turtlebot4_flask/install/piper_msgs/include/piper_msgs/piper_msgs/srv/detail/move_arm__type_support.hpp
[0.393s] -- Up-to-date: /home/cg-tuf/turtlebot4_flask/install/piper_msgs/include/piper_msgs/piper_msgs/srv/detail/auto_motion_toggle__traits.hpp
[0.394s] -- Up-to-date: /home/cg-tuf/turtlebot4_flask/install/piper_msgs/include/piper_msgs/piper_msgs/srv/detail/enable__struct.hpp
[0.394s] -- Up-to-date: /home/cg-tuf/turtlebot4_flask/install/piper_msgs/include/piper_msgs/piper_msgs/srv/detail/move_arm__traits.hpp
[0.394s] -- Up-to-date: /home/cg-tuf/turtlebot4_flask/install/piper_msgs/include/piper_msgs/piper_msgs/srv/detail/auto_motion_toggle__struct.hpp
[0.394s] -- Up-to-date: /home/cg-tuf/turtlebot4_flask/install/piper_msgs/include/piper_msgs/piper_msgs/srv/detail/auto_motion_toggle__type_support.hpp
[0.394s] -- Up-to-date: /home/cg-tuf/turtlebot4_flask/install/piper_msgs/include/piper_msgs/piper_msgs/srv/detail/move_arm__struct.hpp
[0.394s] -- Up-to-date: /home/cg-tuf/turtlebot4_flask/install/piper_msgs/include/piper_msgs/piper_msgs/srv/auto_motion_toggle.hpp
[0.394s] -- Up-to-date: /home/cg-tuf/turtlebot4_flask/install/piper_msgs/include/piper_msgs/piper_msgs
[0.394s] -- Up-to-date: /home/cg-tuf/turtlebot4_flask/install/piper_msgs/include/piper_msgs/piper_msgs/msg
[0.394s] -- Up-to-date: /home/cg-tuf/turtlebot4_flask/install/piper_msgs/include/piper_msgs/piper_msgs/msg/detail
[0.394s] -- Up-to-date: /home/cg-tuf/turtlebot4_flask/install/piper_msgs/include/piper_msgs/piper_msgs/msg/detail/dds_fastrtps
[0.394s] -- Up-to-date: /home/cg-tuf/turtlebot4_flask/install/piper_msgs/include/piper_msgs/piper_msgs/msg/detail/pos_cmd__rosidl_typesupport_fastrtps_cpp.hpp
[0.394s] -- Up-to-date: /home/cg-tuf/turtlebot4_flask/install/piper_msgs/include/piper_msgs/piper_msgs/msg/detail/piper_status_msg__rosidl_typesupport_fastrtps_cpp.hpp
[0.394s] -- Up-to-date: /home/cg-tuf/turtlebot4_flask/install/piper_msgs/include/piper_msgs/piper_msgs/msg/rosidl_typesupport_fastrtps_cpp__visibility_control.h
[0.394s] -- Up-to-date: /home/cg-tuf/turtlebot4_flask/install/piper_msgs/include/piper_msgs/piper_msgs/srv
[0.394s] -- Up-to-date: /home/cg-tuf/turtlebot4_flask/install/piper_msgs/include/piper_msgs/piper_msgs/srv/detail
[0.394s] -- Up-to-date: /home/cg-tuf/turtlebot4_flask/install/piper_msgs/include/piper_msgs/piper_msgs/srv/detail/auto_motion_toggle__rosidl_typesupport_fastrtps_cpp.hpp
[0.394s] -- Up-to-date: /home/cg-tuf/turtlebot4_flask/install/piper_msgs/include/piper_msgs/piper_msgs/srv/detail/move_arm__rosidl_typesupport_fastrtps_cpp.hpp
[0.394s] -- Up-to-date: /home/cg-tuf/turtlebot4_flask/install/piper_msgs/include/piper_msgs/piper_msgs/srv/detail/dds_fastrtps
[0.395s] -- Up-to-date: /home/cg-tuf/turtlebot4_flask/install/piper_msgs/include/piper_msgs/piper_msgs/srv/detail/enable__rosidl_typesupport_fastrtps_cpp.hpp
[0.396s] -- Up-to-date: /home/cg-tuf/turtlebot4_flask/install/piper_msgs/lib/libpiper_msgs__rosidl_typesupport_fastrtps_cpp.so
[0.396s] -- Up-to-date: /home/cg-tuf/turtlebot4_flask/install/piper_msgs/include/piper_msgs/piper_msgs
[0.396s] -- Up-to-date: /home/cg-tuf/turtlebot4_flask/install/piper_msgs/include/piper_msgs/piper_msgs/msg
[0.396s] -- Up-to-date: /home/cg-tuf/turtlebot4_flask/install/piper_msgs/include/piper_msgs/piper_msgs/msg/detail
[0.396s] -- Up-to-date: /home/cg-tuf/turtlebot4_flask/install/piper_msgs/include/piper_msgs/piper_msgs/msg/detail/pos_cmd__type_support.cpp
[0.396s] -- Up-to-date: /home/cg-tuf/turtlebot4_flask/install/piper_msgs/include/piper_msgs/piper_msgs/msg/detail/piper_status_msg__type_support.cpp
[0.396s] -- Up-to-date: /home/cg-tuf/turtlebot4_flask/install/piper_msgs/include/piper_msgs/piper_msgs/msg/detail/piper_status_msg__rosidl_typesupport_introspection_cpp.hpp
[0.396s] -- Up-to-date: /home/cg-tuf/turtlebot4_flask/install/piper_msgs/include/piper_msgs/piper_msgs/msg/detail/pos_cmd__rosidl_typesupport_introspection_cpp.hpp
[0.396s] -- Up-to-date: /home/cg-tuf/turtlebot4_flask/install/piper_msgs/include/piper_msgs/piper_msgs/srv
[0.396s] -- Up-to-date: /home/cg-tuf/turtlebot4_flask/install/piper_msgs/include/piper_msgs/piper_msgs/srv/detail
[0.396s] -- Up-to-date: /home/cg-tuf/turtlebot4_flask/install/piper_msgs/include/piper_msgs/piper_msgs/srv/detail/enable__type_support.cpp
[0.396s] -- Up-to-date: /home/cg-tuf/turtlebot4_flask/install/piper_msgs/include/piper_msgs/piper_msgs/srv/detail/enable__rosidl_typesupport_introspection_cpp.hpp
[0.396s] -- Up-to-date: /home/cg-tuf/turtlebot4_flask/install/piper_msgs/include/piper_msgs/piper_msgs/srv/detail/move_arm__type_support.cpp
[0.396s] -- Up-to-date: /home/cg-tuf/turtlebot4_flask/install/piper_msgs/include/piper_msgs/piper_msgs/srv/detail/move_arm__rosidl_typesupport_introspection_cpp.hpp
[0.396s] -- Up-to-date: /home/cg-tuf/turtlebot4_flask/install/piper_msgs/include/piper_msgs/piper_msgs/srv/detail/auto_motion_toggle__rosidl_typesupport_introspection_cpp.hpp
[0.396s] -- Up-to-date: /home/cg-tuf/turtlebot4_flask/install/piper_msgs/include/piper_msgs/piper_msgs/srv/detail/auto_motion_toggle__type_support.cpp
[0.396s] -- Up-to-date: /home/cg-tuf/turtlebot4_flask/install/piper_msgs/lib/libpiper_msgs__rosidl_typesupport_introspection_cpp.so
[0.397s] -- Up-to-date: /home/cg-tuf/turtlebot4_flask/install/piper_msgs/lib/libpiper_msgs__rosidl_typesupport_cpp.so
[0.397s] -- Up-to-date: /home/cg-tuf/turtlebot4_flask/install/piper_msgs/share/piper_msgs/environment/pythonpath.sh
[0.397s] -- Up-to-date: /home/cg-tuf/turtlebot4_flask/install/piper_msgs/share/piper_msgs/environment/pythonpath.dsv
[0.397s] -- Up-to-date: /home/cg-tuf/turtlebot4_flask/install/piper_msgs/local/lib/python3.10/dist-packages/piper_msgs-0.0.0-py3.10.egg-info
[0.397s] -- Installing: /home/cg-tuf/turtlebot4_flask/install/piper_msgs/local/lib/python3.10/dist-packages/piper_msgs-0.0.0-py3.10.egg-info/SOURCES.txt
[0.397s] -- Installing: /home/cg-tuf/turtlebot4_flask/install/piper_msgs/local/lib/python3.10/dist-packages/piper_msgs-0.0.0-py3.10.egg-info/top_level.txt
[0.397s] -- Installing: /home/cg-tuf/turtlebot4_flask/install/piper_msgs/local/lib/python3.10/dist-packages/piper_msgs-0.0.0-py3.10.egg-info/dependency_links.txt
[0.397s] -- Installing: /home/cg-tuf/turtlebot4_flask/install/piper_msgs/local/lib/python3.10/dist-packages/piper_msgs-0.0.0-py3.10.egg-info/PKG-INFO
[0.397s] -- Up-to-date: /home/cg-tuf/turtlebot4_flask/install/piper_msgs/local/lib/python3.10/dist-packages/piper_msgs
[0.397s] -- Up-to-date: /home/cg-tuf/turtlebot4_flask/install/piper_msgs/local/lib/python3.10/dist-packages/piper_msgs/msg
[0.397s] -- Up-to-date: /home/cg-tuf/turtlebot4_flask/install/piper_msgs/local/lib/python3.10/dist-packages/piper_msgs/msg/_piper_status_msg_s.c
[0.397s] -- Up-to-date: /home/cg-tuf/turtlebot4_flask/install/piper_msgs/local/lib/python3.10/dist-packages/piper_msgs/msg/_piper_status_msg.py
[0.397s] -- Up-to-date: /home/cg-tuf/turtlebot4_flask/install/piper_msgs/local/lib/python3.10/dist-packages/piper_msgs/msg/_pos_cmd.py
[0.397s] -- Up-to-date: /home/cg-tuf/turtlebot4_flask/install/piper_msgs/local/lib/python3.10/dist-packages/piper_msgs/msg/_pos_cmd_s.c
[0.397s] -- Up-to-date: /home/cg-tuf/turtlebot4_flask/install/piper_msgs/local/lib/python3.10/dist-packages/piper_msgs/msg/__init__.py
[0.397s] -- Up-to-date: /home/cg-tuf/turtlebot4_flask/install/piper_msgs/local/lib/python3.10/dist-packages/piper_msgs/piper_msgs_s__rosidl_typesupport_introspection_c.cpython-310-x86_64-linux-gnu.so
[0.398s] -- Up-to-date: /home/cg-tuf/turtlebot4_flask/install/piper_msgs/local/lib/python3.10/dist-packages/piper_msgs/libpiper_msgs__rosidl_generator_py.so
[0.398s] -- Up-to-date: /home/cg-tuf/turtlebot4_flask/install/piper_msgs/local/lib/python3.10/dist-packages/piper_msgs/_piper_msgs_s.ep.rosidl_typesupport_c.c
[0.398s] -- Up-to-date: /home/cg-tuf/turtlebot4_flask/install/piper_msgs/local/lib/python3.10/dist-packages/piper_msgs/srv
[0.398s] -- Up-to-date: /home/cg-tuf/turtlebot4_flask/install/piper_msgs/local/lib/python3.10/dist-packages/piper_msgs/srv/_enable_s.c
[0.398s] -- Up-to-date: /home/cg-tuf/turtlebot4_flask/install/piper_msgs/local/lib/python3.10/dist-packages/piper_msgs/srv/_move_arm_s.c
[0.398s] -- Up-to-date: /home/cg-tuf/turtlebot4_flask/install/piper_msgs/local/lib/python3.10/dist-packages/piper_msgs/srv/_auto_motion_toggle.py
[0.398s] -- Up-to-date: /home/cg-tuf/turtlebot4_flask/install/piper_msgs/local/lib/python3.10/dist-packages/piper_msgs/srv/_enable.py
[0.398s] -- Up-to-date: /home/cg-tuf/turtlebot4_flask/install/piper_msgs/local/lib/python3.10/dist-packages/piper_msgs/srv/_auto_motion_toggle_s.c
[0.398s] -- Up-to-date: /home/cg-tuf/turtlebot4_flask/install/piper_msgs/local/lib/python3.10/dist-packages/piper_msgs/srv/__init__.py
[0.398s] -- Up-to-date: /home/cg-tuf/turtlebot4_flask/install/piper_msgs/local/lib/python3.10/dist-packages/piper_msgs/srv/_move_arm.py
[0.398s] -- Up-to-date: /home/cg-tuf/turtlebot4_flask/install/piper_msgs/local/lib/python3.10/dist-packages/piper_msgs/_piper_msgs_s.ep.rosidl_typesupport_introspection_c.c
[0.398s] -- Up-to-date: /home/cg-tuf/turtlebot4_flask/install/piper_msgs/local/lib/python3.10/dist-packages/piper_msgs/_piper_msgs_s.ep.rosidl_typesupport_fastrtps_c.c
[0.398s] -- Up-to-date: /home/cg-tuf/turtlebot4_flask/install/piper_msgs/local/lib/python3.10/dist-packages/piper_msgs/piper_msgs_s__rosidl_typesupport_c.cpython-310-x86_64-linux-gnu.so
[0.398s] -- Up-to-date: /home/cg-tuf/turtlebot4_flask/install/piper_msgs/local/lib/python3.10/dist-packages/piper_msgs/__init__.py
[0.398s] -- Up-to-date: /home/cg-tuf/turtlebot4_flask/install/piper_msgs/local/lib/python3.10/dist-packages/piper_msgs/piper_msgs_s__rosidl_typesupport_fastrtps_c.cpython-310-x86_64-linux-gnu.so
[0.423s] Listing '/home/cg-tuf/turtlebot4_flask/install/piper_msgs/local/lib/python3.10/dist-packages/piper_msgs'...
[0.424s] Listing '/home/cg-tuf/turtlebot4_flask/install/piper_msgs/local/lib/python3.10/dist-packages/piper_msgs/msg'...
[0.424s] Listing '/home/cg-tuf/turtlebot4_flask/install/piper_msgs/local/lib/python3.10/dist-packages/piper_msgs/srv'...
[0.430s] -- Up-to-date: /home/cg-tuf/turtlebot4_flask/install/piper_msgs/local/lib/python3.10/dist-packages/piper_msgs/piper_msgs_s__rosidl_typesupport_fastrtps_c.cpython-310-x86_64-linux-gnu.so
[0.431s] -- Up-to-date: /home/cg-tuf/turtlebot4_flask/install/piper_msgs/local/lib/python3.10/dist-packages/piper_msgs/piper_msgs_s__rosidl_typesupport_introspection_c.cpython-310-x86_64-linux-gnu.so
[0.431s] -- Up-to-date: /home/cg-tuf/turtlebot4_flask/install/piper_msgs/local/lib/python3.10/dist-packages/piper_msgs/piper_msgs_s__rosidl_typesupport_c.cpython-310-x86_64-linux-gnu.so
[0.431s] -- Up-to-date: /home/cg-tuf/turtlebot4_flask/install/piper_msgs/lib/libpiper_msgs__rosidl_generator_py.so
[0.432s] -- Up-to-date: /home/cg-tuf/turtlebot4_flask/install/piper_msgs/share/piper_msgs/msg/PiperStatusMsg.idl
[0.432s] -- Up-to-date: /home/cg-tuf/turtlebot4_flask/install/piper_msgs/share/piper_msgs/msg/PosCmd.idl
[0.432s] -- Up-to-date: /home/cg-tuf/turtlebot4_flask/install/piper_msgs/share/piper_msgs/srv/Enable.idl
[0.432s] -- Up-to-date: /home/cg-tuf/turtlebot4_flask/install/piper_msgs/share/piper_msgs/srv/MoveArm.idl
[0.432s] -- Up-to-date: /home/cg-tuf/turtlebot4_flask/install/piper_msgs/share/piper_msgs/srv/AutoMotionToggle.idl
[0.432s] -- Up-to-date: /home/cg-tuf/turtlebot4_flask/install/piper_msgs/share/piper_msgs/msg/PiperStatusMsg.msg
[0.432s] -- Up-to-date: /home/cg-tuf/turtlebot4_flask/install/piper_msgs/share/piper_msgs/msg/PosCmd.msg
[0.432s] -- Up-to-date: /home/cg-tuf/turtlebot4_flask/install/piper_msgs/share/piper_msgs/srv/Enable.srv
[0.432s] -- Up-to-date: /home/cg-tuf/turtlebot4_flask/install/piper_msgs/share/piper_msgs/srv/Enable_Request.msg
[0.432s] -- Up-to-date: /home/cg-tuf/turtlebot4_flask/install/piper_msgs/share/piper_msgs/srv/Enable_Response.msg
[0.432s] -- Up-to-date: /home/cg-tuf/turtlebot4_flask/install/piper_msgs/share/piper_msgs/srv/MoveArm.srv
[0.432s] -- Up-to-date: /home/cg-tuf/turtlebot4_flask/install/piper_msgs/share/piper_msgs/srv/MoveArm_Request.msg
[0.432s] -- Up-to-date: /home/cg-tuf/turtlebot4_flask/install/piper_msgs/share/piper_msgs/srv/MoveArm_Response.msg
[0.432s] -- Up-to-date: /home/cg-tuf/turtlebot4_flask/install/piper_msgs/share/piper_msgs/srv/AutoMotionToggle.srv
[0.432s] -- Up-to-date: /home/cg-tuf/turtlebot4_flask/install/piper_msgs/share/piper_msgs/srv/AutoMotionToggle_Request.msg
[0.432s] -- Up-to-date: /home/cg-tuf/turtlebot4_flask/install/piper_msgs/share/piper_msgs/srv/AutoMotionToggle_Response.msg
[0.432s] -- Up-to-date: /home/cg-tuf/turtlebot4_flask/install/piper_msgs/share/ament_index/resource_index/package_run_dependencies/piper_msgs
[0.432s] -- Up-to-date: /home/cg-tuf/turtlebot4_flask/install/piper_msgs/share/ament_index/resource_index/parent_prefix_path/piper_msgs
[0.432s] -- Up-to-date: /home/cg-tuf/turtlebot4_flask/install/piper_msgs/share/piper_msgs/environment/ament_prefix_path.sh
[0.433s] -- Up-to-date: /home/cg-tuf/turtlebot4_flask/install/piper_msgs/share/piper_msgs/environment/ament_prefix_path.dsv
[0.433s] -- Up-to-date: /home/cg-tuf/turtlebot4_flask/install/piper_msgs/share/piper_msgs/environment/path.sh
[0.433s] -- Up-to-date: /home/cg-tuf/turtlebot4_flask/install/piper_msgs/share/piper_msgs/environment/path.dsv
[0.433s] -- Up-to-date: /home/cg-tuf/turtlebot4_flask/install/piper_msgs/share/piper_msgs/local_setup.bash
[0.433s] -- Up-to-date: /home/cg-tuf/turtlebot4_flask/install/piper_msgs/share/piper_msgs/local_setup.sh
[0.433s] -- Up-to-date: /home/cg-tuf/turtlebot4_flask/install/piper_msgs/share/piper_msgs/local_setup.zsh
[0.433s] -- Up-to-date: /home/cg-tuf/turtlebot4_flask/install/piper_msgs/share/piper_msgs/local_setup.dsv
[0.433s] -- Installing: /home/cg-tuf/turtlebot4_flask/install/piper_msgs/share/piper_msgs/package.dsv
[0.433s] -- Up-to-date: /home/cg-tuf/turtlebot4_flask/install/piper_msgs/share/ament_index/resource_index/packages/piper_msgs
[0.434s] -- Up-to-date: /home/cg-tuf/turtlebot4_flask/install/piper_msgs/share/piper_msgs/cmake/export_piper_msgs__rosidl_generator_cExport.cmake
[0.434s] -- Up-to-date: /home/cg-tuf/turtlebot4_flask/install/piper_msgs/share/piper_msgs/cmake/export_piper_msgs__rosidl_generator_cExport-noconfig.cmake
[0.434s] -- Up-to-date: /home/cg-tuf/turtlebot4_flask/install/piper_msgs/share/piper_msgs/cmake/export_piper_msgs__rosidl_typesupport_fastrtps_cExport.cmake
[0.434s] -- Up-to-date: /home/cg-tuf/turtlebot4_flask/install/piper_msgs/share/piper_msgs/cmake/export_piper_msgs__rosidl_typesupport_fastrtps_cExport-noconfig.cmake
[0.434s] -- Up-to-date: /home/cg-tuf/turtlebot4_flask/install/piper_msgs/share/piper_msgs/cmake/piper_msgs__rosidl_typesupport_introspection_cExport.cmake
[0.434s] -- Up-to-date: /home/cg-tuf/turtlebot4_flask/install/piper_msgs/share/piper_msgs/cmake/piper_msgs__rosidl_typesupport_introspection_cExport-noconfig.cmake
[0.435s] -- Up-to-date: /home/cg-tuf/turtlebot4_flask/install/piper_msgs/share/piper_msgs/cmake/piper_msgs__rosidl_typesupport_cExport.cmake
[0.435s] -- Up-to-date: /home/cg-tuf/turtlebot4_flask/install/piper_msgs/share/piper_msgs/cmake/piper_msgs__rosidl_typesupport_cExport-noconfig.cmake
[0.435s] -- Up-to-date: /home/cg-tuf/turtlebot4_flask/install/piper_msgs/share/piper_msgs/cmake/export_piper_msgs__rosidl_generator_cppExport.cmake
[0.436s] -- Up-to-date: /home/cg-tuf/turtlebot4_flask/install/piper_msgs/share/piper_msgs/cmake/export_piper_msgs__rosidl_typesupport_fastrtps_cppExport.cmake
[0.436s] -- Up-to-date: /home/cg-tuf/turtlebot4_flask/install/piper_msgs/share/piper_msgs/cmake/export_piper_msgs__rosidl_typesupport_fastrtps_cppExport-noconfig.cmake
[0.436s] -- Up-to-date: /home/cg-tuf/turtlebot4_flask/install/piper_msgs/share/piper_msgs/cmake/piper_msgs__rosidl_typesupport_introspection_cppExport.cmake
[0.436s] -- Up-to-date: /home/cg-tuf/turtlebot4_flask/install/piper_msgs/share/piper_msgs/cmake/piper_msgs__rosidl_typesupport_introspection_cppExport-noconfig.cmake
[0.436s] -- Up-to-date: /home/cg-tuf/turtlebot4_flask/install/piper_msgs/share/piper_msgs/cmake/piper_msgs__rosidl_typesupport_cppExport.cmake
[0.436s] -- Up-to-date: /home/cg-tuf/turtlebot4_flask/install/piper_msgs/share/piper_msgs/cmake/piper_msgs__rosidl_typesupport_cppExport-noconfig.cmake
[0.437s] -- Up-to-date: /home/cg-tuf/turtlebot4_flask/install/piper_msgs/share/piper_msgs/cmake/export_piper_msgs__rosidl_generator_pyExport.cmake
[0.437s] -- Up-to-date: /home/cg-tuf/turtlebot4_flask/install/piper_msgs/share/piper_msgs/cmake/export_piper_msgs__rosidl_generator_pyExport-noconfig.cmake
[0.437s] -- Up-to-date: /home/cg-tuf/turtlebot4_flask/install/piper_msgs/share/piper_msgs/cmake/rosidl_cmake-extras.cmake
[0.437s] -- Up-to-date: /home/cg-tuf/turtlebot4_flask/install/piper_msgs/share/piper_msgs/cmake/ament_cmake_export_include_directories-extras.cmake
[0.437s] -- Up-to-date: /home/cg-tuf/turtlebot4_flask/install/piper_msgs/share/piper_msgs/cmake/ament_cmake_export_libraries-extras.cmake
[0.437s] -- Up-to-date: /home/cg-tuf/turtlebot4_flask/install/piper_msgs/share/piper_msgs/cmake/ament_cmake_export_targets-extras.cmake
[0.437s] -- Up-to-date: /home/cg-tuf/turtlebot4_flask/install/piper_msgs/share/piper_msgs/cmake/rosidl_cmake_export_typesupport_targets-extras.cmake
[0.437s] -- Up-to-date: /home/cg-tuf/turtlebot4_flask/install/piper_msgs/share/piper_msgs/cmake/ament_cmake_export_dependencies-extras.cmake
[0.437s] -- Up-to-date: /home/cg-tuf/turtlebot4_flask/install/piper_msgs/share/piper_msgs/cmake/rosidl_cmake_export_typesupport_libraries-extras.cmake
[0.437s] -- Up-to-date: /home/cg-tuf/turtlebot4_flask/install/piper_msgs/share/piper_msgs/cmake/piper_msgsConfig.cmake
[0.437s] -- Up-to-date: /home/cg-tuf/turtlebot4_flask/install/piper_msgs/share/piper_msgs/cmake/piper_msgsConfig-version.cmake
[0.437s] -- Up-to-date: /home/cg-tuf/turtlebot4_flask/install/piper_msgs/share/piper_msgs/package.xml
[0.441s] Invoked command in '/home/cg-tuf/turtlebot4_flask/build/piper_msgs' returned '0': CMAKE_PREFIX_PATH=/opt/ros/humble /usr/bin/cmake --install /home/cg-tuf/turtlebot4_flask/build/piper_msgs
