[0.216s] Invoking command in '/home/cg-tuf/turtlebot4_flask/build/piper_humble': CMAKE_PREFIX_PATH=/opt/ros/humble /usr/bin/cmake /home/cg-tuf/turtlebot4_flask/piper_ws/src/Piper_ros/src/piper_humble -DCMAKE_INSTALL_PREFIX=/home/cg-tuf/turtlebot4_flask/install/piper_humble
[0.262s] -- The C compiler identification is GNU 11.4.0
[0.325s] -- The CXX compiler identification is GNU 11.4.0
[0.335s] -- Detecting C compiler ABI info
[0.459s] -- Detecting C compiler ABI info - done
[0.463s] -- Check for working C compiler: /usr/bin/cc - skipped
[0.463s] -- Detecting C compile features
[0.463s] -- Detecting C compile features - done
[0.465s] -- Detecting CXX compiler ABI info
[0.542s] -- Detecting CXX compiler ABI info - done
[0.547s] -- Check for working CXX compiler: /usr/bin/c++ - skipped
[0.547s] -- Detecting CXX compile features
[0.547s] -- Detecting CXX compile features - done
[0.549s] -- Found ament_cmake: 1.3.12 (/opt/ros/humble/share/ament_cmake/cmake)
[0.661s] -- Found Python3: /usr/bin/python3 (found version "3.10.12") found components: Interpreter 
[0.762s] -- Configuring done
[0.764s] -- Generating done
[0.765s] -- Build files have been written to: /home/cg-tuf/turtlebot4_flask/build/piper_humble
[0.768s] Invoked command in '/home/cg-tuf/turtlebot4_flask/build/piper_humble' returned '0': CMAKE_PREFIX_PATH=/opt/ros/humble /usr/bin/cmake /home/cg-tuf/turtlebot4_flask/piper_ws/src/Piper_ros/src/piper_humble -DCMAKE_INSTALL_PREFIX=/home/cg-tuf/turtlebot4_flask/install/piper_humble
[0.769s] Invoking command in '/home/cg-tuf/turtlebot4_flask/build/piper_humble': CMAKE_PREFIX_PATH=/opt/ros/humble /usr/bin/cmake --build /home/cg-tuf/turtlebot4_flask/build/piper_humble -- -j16 -l16
[0.812s] Invoked command in '/home/cg-tuf/turtlebot4_flask/build/piper_humble' returned '0': CMAKE_PREFIX_PATH=/opt/ros/humble /usr/bin/cmake --build /home/cg-tuf/turtlebot4_flask/build/piper_humble -- -j16 -l16
[0.813s] Invoking command in '/home/cg-tuf/turtlebot4_flask/build/piper_humble': CMAKE_PREFIX_PATH=/opt/ros/humble /usr/bin/cmake --install /home/cg-tuf/turtlebot4_flask/build/piper_humble
[0.821s] -- Install configuration: ""
[0.821s] -- Installing: /home/cg-tuf/turtlebot4_flask/install/piper_humble/share/ament_index/resource_index/package_run_dependencies/piper_humble
[0.822s] -- Installing: /home/cg-tuf/turtlebot4_flask/install/piper_humble/share/ament_index/resource_index/parent_prefix_path/piper_humble
[0.822s] -- Installing: /home/cg-tuf/turtlebot4_flask/install/piper_humble/share/piper_humble/environment/ament_prefix_path.sh
[0.822s] -- Installing: /home/cg-tuf/turtlebot4_flask/install/piper_humble/share/piper_humble/environment/ament_prefix_path.dsv
[0.822s] -- Installing: /home/cg-tuf/turtlebot4_flask/install/piper_humble/share/piper_humble/environment/path.sh
[0.822s] -- Installing: /home/cg-tuf/turtlebot4_flask/install/piper_humble/share/piper_humble/environment/path.dsv
[0.822s] -- Installing: /home/cg-tuf/turtlebot4_flask/install/piper_humble/share/piper_humble/local_setup.bash
[0.822s] -- Installing: /home/cg-tuf/turtlebot4_flask/install/piper_humble/share/piper_humble/local_setup.sh
[0.822s] -- Installing: /home/cg-tuf/turtlebot4_flask/install/piper_humble/share/piper_humble/local_setup.zsh
[0.822s] -- Installing: /home/cg-tuf/turtlebot4_flask/install/piper_humble/share/piper_humble/local_setup.dsv
[0.822s] -- Installing: /home/cg-tuf/turtlebot4_flask/install/piper_humble/share/piper_humble/package.dsv
[0.822s] -- Installing: /home/cg-tuf/turtlebot4_flask/install/piper_humble/share/ament_index/resource_index/packages/piper_humble
[0.822s] -- Installing: /home/cg-tuf/turtlebot4_flask/install/piper_humble/share/piper_humble/cmake/piper_humbleConfig.cmake
[0.823s] -- Installing: /home/cg-tuf/turtlebot4_flask/install/piper_humble/share/piper_humble/cmake/piper_humbleConfig-version.cmake
[0.823s] -- Installing: /home/cg-tuf/turtlebot4_flask/install/piper_humble/share/piper_humble/package.xml
[0.825s] Invoked command in '/home/cg-tuf/turtlebot4_flask/build/piper_humble' returned '0': CMAKE_PREFIX_PATH=/opt/ros/humble /usr/bin/cmake --install /home/cg-tuf/turtlebot4_flask/build/piper_humble
