[0.018s] Invoking command in '/home/cg-tuf/turtlebot4_flask/build/piper_with_gripper_moveit': CMAKE_PREFIX_PATH=/home/cg-tuf/turtlebot4_flask/install/piper_description:/home/cg-tuf/turtlebot4_flask/install/piper_with_gripper_moveit:/home/cg-tuf/turtlebot4_flask/install/piper_no_gripper_moveit:/home/cg-tuf/turtlebot4_flask/install/piper_mujoco:/home/cg-tuf/turtlebot4_flask/install/flask_ui:/home/cg-tuf/turtlebot4_flask/install/piper_msgs:/home/cg-tuf/turtlebot4_flask/install/piper_humble:/home/cg-tuf/turtlebot4_flask/install/piper_gazebo:/home/cg-tuf/turtlebot4_flask/install/piper:/opt/ros/humble:/home/cg-tuf/turtlebot4_flask/install/jai_rosbridge /usr/bin/cmake --build /home/cg-tuf/turtlebot4_flask/build/piper_with_gripper_moveit -- -j16 -l16
[0.057s] Invoked command in '/home/cg-tuf/turtlebot4_flask/build/piper_with_gripper_moveit' returned '0': CMAKE_PREFIX_PATH=/home/cg-tuf/turtlebot4_flask/install/piper_description:/home/cg-tuf/turtlebot4_flask/install/piper_with_gripper_moveit:/home/cg-tuf/turtlebot4_flask/install/piper_no_gripper_moveit:/home/cg-tuf/turtlebot4_flask/install/piper_mujoco:/home/cg-tuf/turtlebot4_flask/install/flask_ui:/home/cg-tuf/turtlebot4_flask/install/piper_msgs:/home/cg-tuf/turtlebot4_flask/install/piper_humble:/home/cg-tuf/turtlebot4_flask/install/piper_gazebo:/home/cg-tuf/turtlebot4_flask/install/piper:/opt/ros/humble:/home/cg-tuf/turtlebot4_flask/install/jai_rosbridge /usr/bin/cmake --build /home/cg-tuf/turtlebot4_flask/build/piper_with_gripper_moveit -- -j16 -l16
[0.058s] Invoking command in '/home/cg-tuf/turtlebot4_flask/build/piper_with_gripper_moveit': CMAKE_PREFIX_PATH=/home/cg-tuf/turtlebot4_flask/install/piper_description:/home/cg-tuf/turtlebot4_flask/install/piper_with_gripper_moveit:/home/cg-tuf/turtlebot4_flask/install/piper_no_gripper_moveit:/home/cg-tuf/turtlebot4_flask/install/piper_mujoco:/home/cg-tuf/turtlebot4_flask/install/flask_ui:/home/cg-tuf/turtlebot4_flask/install/piper_msgs:/home/cg-tuf/turtlebot4_flask/install/piper_humble:/home/cg-tuf/turtlebot4_flask/install/piper_gazebo:/home/cg-tuf/turtlebot4_flask/install/piper:/opt/ros/humble:/home/cg-tuf/turtlebot4_flask/install/jai_rosbridge /usr/bin/cmake --install /home/cg-tuf/turtlebot4_flask/build/piper_with_gripper_moveit
[0.065s] -- Install configuration: ""
[0.065s] -- Up-to-date: /home/cg-tuf/turtlebot4_flask/install/piper_with_gripper_moveit/share/ament_index/resource_index/package_run_dependencies/piper_with_gripper_moveit
[0.065s] -- Up-to-date: /home/cg-tuf/turtlebot4_flask/install/piper_with_gripper_moveit/share/ament_index/resource_index/parent_prefix_path/piper_with_gripper_moveit
[0.065s] -- Up-to-date: /home/cg-tuf/turtlebot4_flask/install/piper_with_gripper_moveit/share/piper_with_gripper_moveit/environment/ament_prefix_path.sh
[0.065s] -- Up-to-date: /home/cg-tuf/turtlebot4_flask/install/piper_with_gripper_moveit/share/piper_with_gripper_moveit/environment/ament_prefix_path.dsv
[0.065s] -- Up-to-date: /home/cg-tuf/turtlebot4_flask/install/piper_with_gripper_moveit/share/piper_with_gripper_moveit/environment/path.sh
[0.065s] -- Up-to-date: /home/cg-tuf/turtlebot4_flask/install/piper_with_gripper_moveit/share/piper_with_gripper_moveit/environment/path.dsv
[0.065s] -- Up-to-date: /home/cg-tuf/turtlebot4_flask/install/piper_with_gripper_moveit/share/piper_with_gripper_moveit/local_setup.bash
[0.065s] -- Up-to-date: /home/cg-tuf/turtlebot4_flask/install/piper_with_gripper_moveit/share/piper_with_gripper_moveit/local_setup.sh
[0.065s] -- Up-to-date: /home/cg-tuf/turtlebot4_flask/install/piper_with_gripper_moveit/share/piper_with_gripper_moveit/local_setup.zsh
[0.065s] -- Up-to-date: /home/cg-tuf/turtlebot4_flask/install/piper_with_gripper_moveit/share/piper_with_gripper_moveit/local_setup.dsv
[0.065s] -- Installing: /home/cg-tuf/turtlebot4_flask/install/piper_with_gripper_moveit/share/piper_with_gripper_moveit/package.dsv
[0.066s] -- Up-to-date: /home/cg-tuf/turtlebot4_flask/install/piper_with_gripper_moveit/share/ament_index/resource_index/packages/piper_with_gripper_moveit
[0.066s] -- Up-to-date: /home/cg-tuf/turtlebot4_flask/install/piper_with_gripper_moveit/share/piper_with_gripper_moveit/cmake/piper_with_gripper_moveitConfig.cmake
[0.066s] -- Up-to-date: /home/cg-tuf/turtlebot4_flask/install/piper_with_gripper_moveit/share/piper_with_gripper_moveit/cmake/piper_with_gripper_moveitConfig-version.cmake
[0.066s] -- Up-to-date: /home/cg-tuf/turtlebot4_flask/install/piper_with_gripper_moveit/share/piper_with_gripper_moveit/package.xml
[0.066s] -- Up-to-date: /home/cg-tuf/turtlebot4_flask/install/piper_with_gripper_moveit/share/piper_with_gripper_moveit/launch
[0.066s] -- Up-to-date: /home/cg-tuf/turtlebot4_flask/install/piper_with_gripper_moveit/share/piper_with_gripper_moveit/launch/move_group.launch.py
[0.066s] -- Up-to-date: /home/cg-tuf/turtlebot4_flask/install/piper_with_gripper_moveit/share/piper_with_gripper_moveit/launch/rsp.launch.py
[0.066s] -- Up-to-date: /home/cg-tuf/turtlebot4_flask/install/piper_with_gripper_moveit/share/piper_with_gripper_moveit/launch/static_virtual_joint_tfs.launch.py
[0.066s] -- Up-to-date: /home/cg-tuf/turtlebot4_flask/install/piper_with_gripper_moveit/share/piper_with_gripper_moveit/launch/warehouse_db.launch.py
[0.066s] -- Up-to-date: /home/cg-tuf/turtlebot4_flask/install/piper_with_gripper_moveit/share/piper_with_gripper_moveit/launch/piper_moveit.launch.py
[0.067s] -- Up-to-date: /home/cg-tuf/turtlebot4_flask/install/piper_with_gripper_moveit/share/piper_with_gripper_moveit/launch/spawn_controllers.launch.py
[0.067s] -- Up-to-date: /home/cg-tuf/turtlebot4_flask/install/piper_with_gripper_moveit/share/piper_with_gripper_moveit/launch/setup_assistant.launch.py
[0.067s] -- Up-to-date: /home/cg-tuf/turtlebot4_flask/install/piper_with_gripper_moveit/share/piper_with_gripper_moveit/launch/moveit_rviz.launch.py
[0.067s] -- Up-to-date: /home/cg-tuf/turtlebot4_flask/install/piper_with_gripper_moveit/share/piper_with_gripper_moveit/launch/demo.launch.py
[0.067s] -- Up-to-date: /home/cg-tuf/turtlebot4_flask/install/piper_with_gripper_moveit/share/piper_with_gripper_moveit/config
[0.067s] -- Up-to-date: /home/cg-tuf/turtlebot4_flask/install/piper_with_gripper_moveit/share/piper_with_gripper_moveit/config/ros2_controllers.yaml
[0.067s] -- Up-to-date: /home/cg-tuf/turtlebot4_flask/install/piper_with_gripper_moveit/share/piper_with_gripper_moveit/config/piper.ros2_control.xacro
[0.067s] -- Up-to-date: /home/cg-tuf/turtlebot4_flask/install/piper_with_gripper_moveit/share/piper_with_gripper_moveit/config/kinematics.yaml
[0.067s] -- Up-to-date: /home/cg-tuf/turtlebot4_flask/install/piper_with_gripper_moveit/share/piper_with_gripper_moveit/config/moveit.rviz
[0.068s] -- Up-to-date: /home/cg-tuf/turtlebot4_flask/install/piper_with_gripper_moveit/share/piper_with_gripper_moveit/config/moveit_controllers.yaml
[0.068s] -- Up-to-date: /home/cg-tuf/turtlebot4_flask/install/piper_with_gripper_moveit/share/piper_with_gripper_moveit/config/piper.srdf
[0.068s] -- Up-to-date: /home/cg-tuf/turtlebot4_flask/install/piper_with_gripper_moveit/share/piper_with_gripper_moveit/config/joint_limits.yaml
[0.069s] -- Up-to-date: /home/cg-tuf/turtlebot4_flask/install/piper_with_gripper_moveit/share/piper_with_gripper_moveit/config/pilz_cartesian_limits.yaml
[0.069s] -- Up-to-date: /home/cg-tuf/turtlebot4_flask/install/piper_with_gripper_moveit/share/piper_with_gripper_moveit/config/sensors_3d.yaml
[0.069s] -- Up-to-date: /home/cg-tuf/turtlebot4_flask/install/piper_with_gripper_moveit/share/piper_with_gripper_moveit/config/piper.urdf.xacro
[0.069s] -- Up-to-date: /home/cg-tuf/turtlebot4_flask/install/piper_with_gripper_moveit/share/piper_with_gripper_moveit/config/initial_positions.yaml
[0.069s] -- Up-to-date: /home/cg-tuf/turtlebot4_flask/install/piper_with_gripper_moveit/share/piper_with_gripper_moveit/.setup_assistant
[0.069s] Invoked command in '/home/cg-tuf/turtlebot4_flask/build/piper_with_gripper_moveit' returned '0': CMAKE_PREFIX_PATH=/home/cg-tuf/turtlebot4_flask/install/piper_description:/home/cg-tuf/turtlebot4_flask/install/piper_with_gripper_moveit:/home/cg-tuf/turtlebot4_flask/install/piper_no_gripper_moveit:/home/cg-tuf/turtlebot4_flask/install/piper_mujoco:/home/cg-tuf/turtlebot4_flask/install/flask_ui:/home/cg-tuf/turtlebot4_flask/install/piper_msgs:/home/cg-tuf/turtlebot4_flask/install/piper_humble:/home/cg-tuf/turtlebot4_flask/install/piper_gazebo:/home/cg-tuf/turtlebot4_flask/install/piper:/opt/ros/humble:/home/cg-tuf/turtlebot4_flask/install/jai_rosbridge /usr/bin/cmake --install /home/cg-tuf/turtlebot4_flask/build/piper_with_gripper_moveit
