[0.007s] Invoking command in '/home/cg-tuf/turtlebot4_flask/build/flask_ui': AMENT_PREFIX_PATH=/home/cg-tuf/turtlebot4_flask/install/piper_msgs:${AMENT_PREFIX_PATH} CMAKE_PREFIX_PATH=/home/cg-tuf/turtlebot4_flask/install/piper_msgs:/opt/ros/humble LD_LIBRARY_PATH=/home/cg-tuf/turtlebot4_flask/install/piper_msgs/lib:${LD_LIBRARY_PATH} PYTHONPATH=/home/cg-tuf/turtlebot4_flask/install/piper_msgs/local/lib/python3.10/dist-packages:${PYTHONPATH} /usr/bin/cmake --build /home/cg-tuf/turtlebot4_flask/build/flask_ui -- -j16 -l16
[0.029s] -- Found ament_cmake: 1.3.12 (/opt/ros/humble/share/ament_cmake/cmake)
[0.136s] -- Found rclpy: 3.3.17 (/opt/ros/humble/share/rclpy/cmake)
[0.136s] -- Found piper_msgs: 0.0.0 (/home/cg-tuf/turtlebot4_flask/install/piper_msgs/share/piper_msgs/cmake)
[0.157s] -- Found rosidl_generator_c: 3.1.7 (/opt/ros/humble/share/rosidl_generator_c/cmake)
[0.159s] -- Found rosidl_adapter: 3.1.7 (/opt/ros/humble/share/rosidl_adapter/cmake)
[0.163s] -- Found rosidl_generator_cpp: 3.1.7 (/opt/ros/humble/share/rosidl_generator_cpp/cmake)
[0.170s] -- Using all available rosidl_typesupport_c: rosidl_typesupport_fastrtps_c;rosidl_typesupport_introspection_c
[0.177s] -- Using all available rosidl_typesupport_cpp: rosidl_typesupport_fastrtps_cpp;rosidl_typesupport_introspection_cpp
[0.182s] -- Found sensor_msgs: 4.9.0 (/opt/ros/humble/share/sensor_msgs/cmake)
[0.213s] -- Found std_srvs: 4.9.0 (/opt/ros/humble/share/std_srvs/cmake)
[0.265s] -- Configuring done
[0.268s] -- Generating done
[0.269s] -- Build files have been written to: /home/cg-tuf/turtlebot4_flask/build/flask_ui
[0.290s] Invoked command in '/home/cg-tuf/turtlebot4_flask/build/flask_ui' returned '0': AMENT_PREFIX_PATH=/home/cg-tuf/turtlebot4_flask/install/piper_msgs:${AMENT_PREFIX_PATH} CMAKE_PREFIX_PATH=/home/cg-tuf/turtlebot4_flask/install/piper_msgs:/opt/ros/humble LD_LIBRARY_PATH=/home/cg-tuf/turtlebot4_flask/install/piper_msgs/lib:${LD_LIBRARY_PATH} PYTHONPATH=/home/cg-tuf/turtlebot4_flask/install/piper_msgs/local/lib/python3.10/dist-packages:${PYTHONPATH} /usr/bin/cmake --build /home/cg-tuf/turtlebot4_flask/build/flask_ui -- -j16 -l16
[0.291s] Invoking command in '/home/cg-tuf/turtlebot4_flask/build/flask_ui': AMENT_PREFIX_PATH=/home/cg-tuf/turtlebot4_flask/install/piper_msgs:${AMENT_PREFIX_PATH} CMAKE_PREFIX_PATH=/home/cg-tuf/turtlebot4_flask/install/piper_msgs:/opt/ros/humble LD_LIBRARY_PATH=/home/cg-tuf/turtlebot4_flask/install/piper_msgs/lib:${LD_LIBRARY_PATH} PYTHONPATH=/home/cg-tuf/turtlebot4_flask/install/piper_msgs/local/lib/python3.10/dist-packages:${PYTHONPATH} /usr/bin/cmake --install /home/cg-tuf/turtlebot4_flask/build/flask_ui
[0.298s] -- Install configuration: ""
[0.298s] -- Installing: /home/cg-tuf/turtlebot4_flask/install/flask_ui/lib/flask_ui/app.py
[0.298s] -- Up-to-date: /home/cg-tuf/turtlebot4_flask/install/flask_ui/share/flask_ui/templates
[0.298s] -- Installing: /home/cg-tuf/turtlebot4_flask/install/flask_ui/share/flask_ui/templates/index.html
[0.298s] -- Up-to-date: /home/cg-tuf/turtlebot4_flask/install/flask_ui/share/ament_index/resource_index/package_run_dependencies/flask_ui
[0.298s] -- Up-to-date: /home/cg-tuf/turtlebot4_flask/install/flask_ui/share/ament_index/resource_index/parent_prefix_path/flask_ui
[0.298s] -- Installing: /home/cg-tuf/turtlebot4_flask/install/flask_ui/share/flask_ui/environment/ament_prefix_path.sh
[0.298s] -- Installing: /home/cg-tuf/turtlebot4_flask/install/flask_ui/share/flask_ui/environment/ament_prefix_path.dsv
[0.298s] -- Installing: /home/cg-tuf/turtlebot4_flask/install/flask_ui/share/flask_ui/environment/path.sh
[0.298s] -- Installing: /home/cg-tuf/turtlebot4_flask/install/flask_ui/share/flask_ui/environment/path.dsv
[0.299s] -- Up-to-date: /home/cg-tuf/turtlebot4_flask/install/flask_ui/share/flask_ui/local_setup.bash
[0.299s] -- Up-to-date: /home/cg-tuf/turtlebot4_flask/install/flask_ui/share/flask_ui/local_setup.sh
[0.299s] -- Up-to-date: /home/cg-tuf/turtlebot4_flask/install/flask_ui/share/flask_ui/local_setup.zsh
[0.299s] -- Installing: /home/cg-tuf/turtlebot4_flask/install/flask_ui/share/flask_ui/local_setup.dsv
[0.299s] -- Installing: /home/cg-tuf/turtlebot4_flask/install/flask_ui/share/flask_ui/package.dsv
[0.299s] -- Up-to-date: /home/cg-tuf/turtlebot4_flask/install/flask_ui/share/ament_index/resource_index/packages/flask_ui
[0.299s] -- Up-to-date: /home/cg-tuf/turtlebot4_flask/install/flask_ui/share/flask_ui/cmake/flask_uiConfig.cmake
[0.299s] -- Up-to-date: /home/cg-tuf/turtlebot4_flask/install/flask_ui/share/flask_ui/cmake/flask_uiConfig-version.cmake
[0.299s] -- Installing: /home/cg-tuf/turtlebot4_flask/install/flask_ui/share/flask_ui/package.xml
[0.302s] Invoked command in '/home/cg-tuf/turtlebot4_flask/build/flask_ui' returned '0': AMENT_PREFIX_PATH=/home/cg-tuf/turtlebot4_flask/install/piper_msgs:${AMENT_PREFIX_PATH} CMAKE_PREFIX_PATH=/home/cg-tuf/turtlebot4_flask/install/piper_msgs:/opt/ros/humble LD_LIBRARY_PATH=/home/cg-tuf/turtlebot4_flask/install/piper_msgs/lib:${LD_LIBRARY_PATH} PYTHONPATH=/home/cg-tuf/turtlebot4_flask/install/piper_msgs/local/lib/python3.10/dist-packages:${PYTHONPATH} /usr/bin/cmake --install /home/cg-tuf/turtlebot4_flask/build/flask_ui
