[0.229s] Invoking command in '/home/cg-tuf/turtlebot4_flask/build/piper_humble': CMAKE_PREFIX_PATH=/opt/ros/humble /usr/bin/cmake --build /home/cg-tuf/turtlebot4_flask/build/piper_humble -- -j16 -l16
[0.280s] Invoked command in '/home/cg-tuf/turtlebot4_flask/build/piper_humble' returned '0': CMAKE_PREFIX_PATH=/opt/ros/humble /usr/bin/cmake --build /home/cg-tuf/turtlebot4_flask/build/piper_humble -- -j16 -l16
[0.281s] Invoking command in '/home/cg-tuf/turtlebot4_flask/build/piper_humble': CMAKE_PREFIX_PATH=/opt/ros/humble /usr/bin/cmake --install /home/cg-tuf/turtlebot4_flask/build/piper_humble
[0.293s] -- Install configuration: ""
[0.294s] -- Up-to-date: /home/cg-tuf/turtlebot4_flask/install/piper_humble/share/ament_index/resource_index/package_run_dependencies/piper_humble
[0.294s] -- Up-to-date: /home/cg-tuf/turtlebot4_flask/install/piper_humble/share/ament_index/resource_index/parent_prefix_path/piper_humble
[0.294s] -- Up-to-date: /home/cg-tuf/turtlebot4_flask/install/piper_humble/share/piper_humble/environment/ament_prefix_path.sh
[0.294s] -- Up-to-date: /home/cg-tuf/turtlebot4_flask/install/piper_humble/share/piper_humble/environment/ament_prefix_path.dsv
[0.294s] -- Up-to-date: /home/cg-tuf/turtlebot4_flask/install/piper_humble/share/piper_humble/environment/path.sh
[0.294s] -- Up-to-date: /home/cg-tuf/turtlebot4_flask/install/piper_humble/share/piper_humble/environment/path.dsv
[0.295s] -- Up-to-date: /home/cg-tuf/turtlebot4_flask/install/piper_humble/share/piper_humble/local_setup.bash
[0.295s] -- Up-to-date: /home/cg-tuf/turtlebot4_flask/install/piper_humble/share/piper_humble/local_setup.sh
[0.295s] -- Up-to-date: /home/cg-tuf/turtlebot4_flask/install/piper_humble/share/piper_humble/local_setup.zsh
[0.295s] -- Up-to-date: /home/cg-tuf/turtlebot4_flask/install/piper_humble/share/piper_humble/local_setup.dsv
[0.295s] -- Installing: /home/cg-tuf/turtlebot4_flask/install/piper_humble/share/piper_humble/package.dsv
[0.296s] -- Up-to-date: /home/cg-tuf/turtlebot4_flask/install/piper_humble/share/ament_index/resource_index/packages/piper_humble
[0.296s] -- Up-to-date: /home/cg-tuf/turtlebot4_flask/install/piper_humble/share/piper_humble/cmake/piper_humbleConfig.cmake
[0.296s] -- Up-to-date: /home/cg-tuf/turtlebot4_flask/install/piper_humble/share/piper_humble/cmake/piper_humbleConfig-version.cmake
[0.296s] -- Up-to-date: /home/cg-tuf/turtlebot4_flask/install/piper_humble/share/piper_humble/package.xml
[0.310s] Invoked command in '/home/cg-tuf/turtlebot4_flask/build/piper_humble' returned '0': CMAKE_PREFIX_PATH=/opt/ros/humble /usr/bin/cmake --install /home/cg-tuf/turtlebot4_flask/build/piper_humble
