[0.219s] Invoking command in '/home/cg-tuf/turtlebot4_flask/build/piper_mujoco': CMAKE_PREFIX_PATH=/opt/ros/humble /usr/bin/cmake /home/cg-tuf/turtlebot4_flask/piper_ws/src/Piper_ros/src/piper_sim/piper_mujoco -DCMAKE_INSTALL_PREFIX=/home/cg-tuf/turtlebot4_flask/install/piper_mujoco
[0.265s] -- The C compiler identification is GNU 11.4.0
[0.340s] -- The CXX compiler identification is GNU 11.4.0
[0.356s] -- Detecting C compiler ABI info
[0.467s] -- Detecting C compiler ABI info - done
[0.471s] -- Check for working C compiler: /usr/bin/cc - skipped
[0.471s] -- Detecting C compile features
[0.471s] -- Detecting C compile features - done
[0.474s] -- Detecting CXX compiler ABI info
[0.552s] -- Detecting CXX compiler ABI info - done
[0.558s] -- Check for working CXX compiler: /usr/bin/c++ - skipped
[0.558s] -- Detecting CXX compile features
[0.558s] -- Detecting CXX compile features - done
[0.560s] -- Found ament_cmake: 1.3.12 (/opt/ros/humble/share/ament_cmake/cmake)
[0.673s] -- Found Python3: /usr/bin/python3 (found version "3.10.12") found components: Interpreter 
[0.730s] -- Found rclpy: 3.3.17 (/opt/ros/humble/share/rclpy/cmake)
[0.731s] -- Found std_msgs: 4.9.0 (/opt/ros/humble/share/std_msgs/cmake)
[0.753s] -- Found rosidl_generator_c: 3.1.7 (/opt/ros/humble/share/rosidl_generator_c/cmake)
[0.756s] -- Found rosidl_adapter: 3.1.7 (/opt/ros/humble/share/rosidl_adapter/cmake)
[0.760s] -- Found rosidl_generator_cpp: 3.1.7 (/opt/ros/humble/share/rosidl_generator_cpp/cmake)
[0.768s] -- Using all available rosidl_typesupport_c: rosidl_typesupport_fastrtps_c;rosidl_typesupport_introspection_c
[0.778s] -- Using all available rosidl_typesupport_cpp: rosidl_typesupport_fastrtps_cpp;rosidl_typesupport_introspection_cpp
[0.855s] -- Configuring done
[0.858s] -- Generating done
[0.859s] -- Build files have been written to: /home/cg-tuf/turtlebot4_flask/build/piper_mujoco
[0.866s] Invoked command in '/home/cg-tuf/turtlebot4_flask/build/piper_mujoco' returned '0': CMAKE_PREFIX_PATH=/opt/ros/humble /usr/bin/cmake /home/cg-tuf/turtlebot4_flask/piper_ws/src/Piper_ros/src/piper_sim/piper_mujoco -DCMAKE_INSTALL_PREFIX=/home/cg-tuf/turtlebot4_flask/install/piper_mujoco
[0.867s] Invoking command in '/home/cg-tuf/turtlebot4_flask/build/piper_mujoco': CMAKE_PREFIX_PATH=/opt/ros/humble /usr/bin/cmake --build /home/cg-tuf/turtlebot4_flask/build/piper_mujoco -- -j16 -l16
[0.902s] Invoked command in '/home/cg-tuf/turtlebot4_flask/build/piper_mujoco' returned '0': CMAKE_PREFIX_PATH=/opt/ros/humble /usr/bin/cmake --build /home/cg-tuf/turtlebot4_flask/build/piper_mujoco -- -j16 -l16
[0.904s] Invoking command in '/home/cg-tuf/turtlebot4_flask/build/piper_mujoco': CMAKE_PREFIX_PATH=/opt/ros/humble /usr/bin/cmake --install /home/cg-tuf/turtlebot4_flask/build/piper_mujoco
[0.910s] -- Install configuration: ""
[0.910s] -- Installing: /home/cg-tuf/turtlebot4_flask/install/piper_mujoco/lib/piper_mujoco/piper_mujoco_ctrl.py
[0.910s] -- Installing: /home/cg-tuf/turtlebot4_flask/install/piper_mujoco/lib/piper_mujoco/piper_no_gripper_mujoco_ctrl.py
[0.910s] -- Installing: /home/cg-tuf/turtlebot4_flask/install/piper_mujoco/share/ament_index/resource_index/package_run_dependencies/piper_mujoco
[0.910s] -- Installing: /home/cg-tuf/turtlebot4_flask/install/piper_mujoco/share/ament_index/resource_index/parent_prefix_path/piper_mujoco
[0.910s] -- Installing: /home/cg-tuf/turtlebot4_flask/install/piper_mujoco/share/piper_mujoco/environment/ament_prefix_path.sh
[0.911s] -- Installing: /home/cg-tuf/turtlebot4_flask/install/piper_mujoco/share/piper_mujoco/environment/ament_prefix_path.dsv
[0.911s] -- Installing: /home/cg-tuf/turtlebot4_flask/install/piper_mujoco/share/piper_mujoco/environment/path.sh
[0.911s] -- Installing: /home/cg-tuf/turtlebot4_flask/install/piper_mujoco/share/piper_mujoco/environment/path.dsv
[0.911s] -- Installing: /home/cg-tuf/turtlebot4_flask/install/piper_mujoco/share/piper_mujoco/local_setup.bash
[0.911s] -- Installing: /home/cg-tuf/turtlebot4_flask/install/piper_mujoco/share/piper_mujoco/local_setup.sh
[0.911s] -- Installing: /home/cg-tuf/turtlebot4_flask/install/piper_mujoco/share/piper_mujoco/local_setup.zsh
[0.911s] -- Installing: /home/cg-tuf/turtlebot4_flask/install/piper_mujoco/share/piper_mujoco/local_setup.dsv
[0.911s] -- Installing: /home/cg-tuf/turtlebot4_flask/install/piper_mujoco/share/piper_mujoco/package.dsv
[0.911s] -- Installing: /home/cg-tuf/turtlebot4_flask/install/piper_mujoco/share/ament_index/resource_index/packages/piper_mujoco
[0.911s] -- Installing: /home/cg-tuf/turtlebot4_flask/install/piper_mujoco/share/piper_mujoco/cmake/piper_mujocoConfig.cmake
[0.912s] -- Installing: /home/cg-tuf/turtlebot4_flask/install/piper_mujoco/share/piper_mujoco/cmake/piper_mujocoConfig-version.cmake
[0.912s] -- Installing: /home/cg-tuf/turtlebot4_flask/install/piper_mujoco/share/piper_mujoco/package.xml
[0.914s] Invoked command in '/home/cg-tuf/turtlebot4_flask/build/piper_mujoco' returned '0': CMAKE_PREFIX_PATH=/opt/ros/humble /usr/bin/cmake --install /home/cg-tuf/turtlebot4_flask/build/piper_mujoco
